Archive member included to satisfy reference by file (symbol)

c:/workspaces/embedded/tools/gcc-arm-none-eabi-10.3-2021.07/bin/../lib/gcc/arm-none-eabi/10.3.1/thumb/v6-m/nofp\libgcc.a(_dvmd_tls.o)
                              CMakeFiles/display_fonts_demo.dir/C_/workspaces/embedded/projects/pico-sdk/src/rp2_common/pico_divider/divider.S.obj (__aeabi_idiv0)
c:/workspaces/embedded/tools/gcc-arm-none-eabi-10.3-2021.07/bin/../lib/gcc/arm-none-eabi/10.3.1/../../../../arm-none-eabi/lib/thumb/v6-m/nofp\libg.a(lib_a-calloc.o)
                              CMakeFiles/display_fonts_demo.dir/C_/workspaces/embedded/projects/pico-sdk/src/rp2_common/pico_malloc/pico_malloc.c.obj (calloc)
c:/workspaces/embedded/tools/gcc-arm-none-eabi-10.3-2021.07/bin/../lib/gcc/arm-none-eabi/10.3.1/../../../../arm-none-eabi/lib/thumb/v6-m/nofp\libg.a(lib_a-callocr.o)
                              c:/workspaces/embedded/tools/gcc-arm-none-eabi-10.3-2021.07/bin/../lib/gcc/arm-none-eabi/10.3.1/../../../../arm-none-eabi/lib/thumb/v6-m/nofp\libg.a(lib_a-calloc.o) (_calloc_r)
c:/workspaces/embedded/tools/gcc-arm-none-eabi-10.3-2021.07/bin/../lib/gcc/arm-none-eabi/10.3.1/../../../../arm-none-eabi/lib/thumb/v6-m/nofp\libg.a(lib_a-errno.o)
                              c:/workspaces/embedded/tools/gcc-arm-none-eabi-10.3-2021.07/bin/../lib/gcc/arm-none-eabi/10.3.1/../../../../arm-none-eabi/lib/thumb/v6-m/nofp\libg.a(lib_a-callocr.o) (__errno)
c:/workspaces/embedded/tools/gcc-arm-none-eabi-10.3-2021.07/bin/../lib/gcc/arm-none-eabi/10.3.1/../../../../arm-none-eabi/lib/thumb/v6-m/nofp\libg.a(lib_a-impure.o)
                              c:/workspaces/embedded/tools/gcc-arm-none-eabi-10.3-2021.07/bin/../lib/gcc/arm-none-eabi/10.3.1/../../../../arm-none-eabi/lib/thumb/v6-m/nofp\libg.a(lib_a-calloc.o) (_impure_ptr)
c:/workspaces/embedded/tools/gcc-arm-none-eabi-10.3-2021.07/bin/../lib/gcc/arm-none-eabi/10.3.1/../../../../arm-none-eabi/lib/thumb/v6-m/nofp\libg.a(lib_a-init.o)
                              c:/workspaces/embedded/tools/gcc-arm-none-eabi-10.3-2021.07/bin/../lib/gcc/arm-none-eabi/10.3.1/../../../../arm-none-eabi/lib/thumb/v6-m/nofp/crt0.o (__libc_init_array)
c:/workspaces/embedded/tools/gcc-arm-none-eabi-10.3-2021.07/bin/../lib/gcc/arm-none-eabi/10.3.1/../../../../arm-none-eabi/lib/thumb/v6-m/nofp\libg.a(lib_a-malloc.o)
                              CMakeFiles/display_fonts_demo.dir/C_/workspaces/embedded/projects/pico-sdk/src/rp2_common/pico_malloc/pico_malloc.c.obj (malloc)
c:/workspaces/embedded/tools/gcc-arm-none-eabi-10.3-2021.07/bin/../lib/gcc/arm-none-eabi/10.3.1/../../../../arm-none-eabi/lib/thumb/v6-m/nofp\libg.a(lib_a-mallocr.o)
                              c:/workspaces/embedded/tools/gcc-arm-none-eabi-10.3-2021.07/bin/../lib/gcc/arm-none-eabi/10.3.1/../../../../arm-none-eabi/lib/thumb/v6-m/nofp\libg.a(lib_a-callocr.o) (_malloc_r)
c:/workspaces/embedded/tools/gcc-arm-none-eabi-10.3-2021.07/bin/../lib/gcc/arm-none-eabi/10.3.1/../../../../arm-none-eabi/lib/thumb/v6-m/nofp\libg.a(lib_a-mlock.o)
                              c:/workspaces/embedded/tools/gcc-arm-none-eabi-10.3-2021.07/bin/../lib/gcc/arm-none-eabi/10.3.1/../../../../arm-none-eabi/lib/thumb/v6-m/nofp\libg.a(lib_a-mallocr.o) (__malloc_lock)
c:/workspaces/embedded/tools/gcc-arm-none-eabi-10.3-2021.07/bin/../lib/gcc/arm-none-eabi/10.3.1/../../../../arm-none-eabi/lib/thumb/v6-m/nofp\libg.a(lib_a-sbrkr.o)
                              c:/workspaces/embedded/tools/gcc-arm-none-eabi-10.3-2021.07/bin/../lib/gcc/arm-none-eabi/10.3.1/../../../../arm-none-eabi/lib/thumb/v6-m/nofp\libg.a(lib_a-mallocr.o) (_sbrk_r)
c:/workspaces/embedded/tools/gcc-arm-none-eabi-10.3-2021.07/bin/../lib/gcc/arm-none-eabi/10.3.1/../../../../arm-none-eabi/lib/thumb/v6-m/nofp\libg.a(lib_a-strlen-stub.o)
                              CMakeFiles/display_fonts_demo.dir/C_/workspaces/embedded/projects/pico-sdk/src/rp2_common/pico_stdio/stdio.c.obj (strlen)
c:/workspaces/embedded/tools/gcc-arm-none-eabi-10.3-2021.07/bin/../lib/gcc/arm-none-eabi/10.3.1/../../../../arm-none-eabi/lib/thumb/v6-m/nofp\libg.a(lib_a-freer.o)
                              c:/workspaces/embedded/tools/gcc-arm-none-eabi-10.3-2021.07/bin/../lib/gcc/arm-none-eabi/10.3.1/../../../../arm-none-eabi/lib/thumb/v6-m/nofp\libg.a(lib_a-malloc.o) (_free_r)
c:/workspaces/embedded/tools/gcc-arm-none-eabi-10.3-2021.07/bin/../lib/gcc/arm-none-eabi/10.3.1/../../../../arm-none-eabi/lib/thumb/v6-m/nofp\libg.a(lib_a-lock.o)
                              c:/workspaces/embedded/tools/gcc-arm-none-eabi-10.3-2021.07/bin/../lib/gcc/arm-none-eabi/10.3.1/../../../../arm-none-eabi/lib/thumb/v6-m/nofp\libg.a(lib_a-mlock.o) (__retarget_lock_acquire_recursive)
c:/workspaces/embedded/tools/gcc-arm-none-eabi-10.3-2021.07/bin/../lib/gcc/arm-none-eabi/10.3.1/../../../../arm-none-eabi/lib/thumb/v6-m/nofp\libg.a(lib_a-reent.o)
[...]
Memory Configuration

Name             Origin             Length             Attributes
FLASH            0x10000000         0x00200000         xr
RAM              0x20000000         0x00040000         xrw
SCRATCH_X        0x20040000         0x00001000         xrw
SCRATCH_Y        0x20041000         0x00001000         xrw
*default*        0x00000000         0xffffffff

Linker script and memory map

LOAD c:/workspaces/embedded/tools/gcc-arm-none-eabi-10.3-2021.07/bin/../lib/gcc/arm-none-eabi/10.3.1/thumb/v6-m/nofp/crti.o
LOAD c:/workspaces/embedded/tools/gcc-arm-none-eabi-10.3-2021.07/bin/../lib/gcc/arm-none-eabi/10.3.1/thumb/v6-m/nofp/crtbegin.o
LOAD c:/workspaces/embedded/tools/gcc-arm-none-eabi-10.3-2021.07/bin/../lib/gcc/arm-none-eabi/10.3.1/../../../../arm-none-eabi/lib/thumb/v6-m/nofp/crt0.o

.flash_begin    0x10000000        0x0
                0x10000000                __flash_binary_start = .

.boot2          0x10000000      0x100
                0x10000000                __boot2_start__ = .
 *(.boot2)
 .boot2         0x10000000      0x100 C:\Users\alexf\AppData\Local\Temp\ccwkfqv3.o
                0x10000100                __boot2_end__ = .
                0x00000001                ASSERT (((__boot2_end__ - __boot2_start__) == 0x100), ERROR: Pico second stage bootloader must be 256 bytes in size)

.text           0x10000100     0x3d98
                0x10000100                __logical_binary_start = .
 *(.vectors)
 .vectors       0x10000100       0xd4 CMakeFiles/display_fonts_demo.dir/C_/workspaces/embedded/projects/pico-sdk/src/rp2_common/pico_standard_link/crt0.S.obj
                0x10000100                __VECTOR_TABLE
                0x10000100                __vectors
                0x100001c0                isr_invalid
                0x100001c0                __default_isrs_start
                0x100001c2                isr_nmi
                0x100001c4                isr_hardfault
                0x100001c6                isr_svcall
                0x100001c8                isr_pendsv
                0x100001ca                isr_systick
                0x100001cc                isr_irq23
                0x100001cc                isr_irq18
                0x100001cc                isr_irq11
                0x100001cc                isr_irq28
                0x100001cc                isr_irq19
                0x100001cc                isr_irq0
                0x100001cc                isr_irq6
                0x100001cc                isr_irq5
                0x100001cc                isr_irq12
                0x100001cc                isr_irq22
                0x100001cc                isr_irq31
                0x100001cc                isr_irq17
                0x100001cc                isr_irq27
                0x100001cc                isr_irq30
                0x100001cc                isr_irq2
                0x100001cc                isr_irq10
                0x100001cc                isr_irq8
                0x100001cc                isr_irq24
                0x100001cc                isr_irq1
                0x100001cc                isr_irq7
                0x100001cc                isr_irq21
                0x100001cc                isr_irq20
                0x100001cc                isr_irq15
                0x100001cc                isr_irq25
                0x100001cc                isr_irq13
                0x100001cc                __unhandled_user_irq
                0x100001cc                isr_irq4
                0x100001cc                isr_irq16
                0x100001cc                isr_irq29
                0x100001cc                isr_irq26
                0x100001cc                __default_isrs_end
                0x100001cc                isr_irq3
                0x100001cc                isr_irq14
                0x100001cc                isr_irq9
                0x100001d2                unhandled_user_irq_num_in_r0
 *(.binary_info_header)
 .binary_info_header
                0x100001d4       0x14 CMakeFiles/display_fonts_demo.dir/C_/workspaces/embedded/projects/pico-sdk/src/rp2_common/pico_standard_link/crt0.S.obj
                0x100001e8                __binary_info_header_end = .
 *(.reset)
 .reset         0x100001e8       0xa8 CMakeFiles/display_fonts_demo.dir/C_/workspaces/embedded/projects/pico-sdk/src/rp2_common/pico_standard_link/crt0.S.obj
                0x100001e8                _entry_point
                0x10000266                __get_current_exception
 .reset         0x10000290       0x24 CMakeFiles/display_fonts_demo.dir/C_/workspaces/embedded/projects/pico-sdk/src/rp2_common/pico_standard_link/binary_info.c.obj
 *(.init)
 .init          0x100002b4        0x4 c:/workspaces/embedded/tools/gcc-arm-none-eabi-10.3-2021.07/bin/../lib/gcc/arm-none-eabi/10.3.1/thumb/v6-m/nofp/crti.o
                0x100002b4                _init
 *(EXCLUDE_FILE(*libm.a: *libc.a:*lib_a-mem*.o *libgcc.a:) .text*)
 .text          0x100002b8       0x48 c:/workspaces/embedded/tools/gcc-arm-none-eabi-10.3-2021.07/bin/../lib/gcc/arm-none-eabi/10.3.1/thumb/v6-m/nofp/crtbegin.o
 .text.main     0x10000300       0x22 CMakeFiles/display_fonts_demo.dir/demo/main.c.obj
                0x10000300                main
 *fill*         0x10000322        0x2 
 .text.hw_claim_lock
                0x10000324       0x18 CMakeFiles/display_fonts_demo.dir/C_/workspaces/embedded/projects/pico-sdk/src/rp2_common/hardware_claim/claim.c.obj
                0x10000324                hw_claim_lock
 .text.hw_claim_unlock
                0x1000033c       0x14 CMakeFiles/display_fonts_demo.dir/C_/workspaces/embedded/projects/pico-sdk/src/rp2_common/hardware_claim/claim.c.obj
                0x1000033c                hw_claim_unlock
 .text.hw_claim_or_assert
                0x10000350       0x32 CMakeFiles/display_fonts_demo.dir/C_/workspaces/embedded/projects/pico-sdk/src/rp2_common/hardware_claim/claim.c.obj
                0x10000350                hw_claim_or_assert
 *fill*         0x10000382        0x2 
 .text.running_on_fpga
                0x10000384       0x14 CMakeFiles/display_fonts_demo.dir/C_/workspaces/embedded/projects/pico-sdk/src/rp2_common/pico_platform/platform.c.obj
                0x10000384                running_on_fpga
 .text.spin_locks_reset
                0x10000398       0x20 CMakeFiles/display_fonts_demo.dir/C_/workspaces/embedded/projects/pico-sdk/src/rp2_common/hardware_sync/sync.c.obj
                0x10000398                spin_locks_reset
 .text.next_striped_spin_lock_num
                0x100003b8       0x1c CMakeFiles/display_fonts_demo.dir/C_/workspaces/embedded/projects/pico-sdk/src/rp2_common/hardware_sync/sync.c.obj
                0x100003b8                next_striped_spin_lock_num
 .text.alarm_pool_post_alloc_init
                0x100003d4       0x40 CMakeFiles/display_fonts_demo.dir/C_/workspaces/embedded/projects/pico-sdk/src/common/pico_time/time.c.obj
 .text.timer_pool_entry_comparator
                0x10000414       0x7c CMakeFiles/display_fonts_demo.dir/C_/workspaces/embedded/projects/pico-sdk/src/common/pico_time/time.c.obj
                0x10000414                timer_pool_entry_comparator
 .text.ph_add_child_node
                0x10000490       0xa4 CMakeFiles/display_fonts_demo.dir/C_/workspaces/embedded/projects/pico-sdk/src/common/pico_time/time.c.obj
 .text.ph_merge_nodes
                0x10000534       0x3e CMakeFiles/display_fonts_demo.dir/C_/workspaces/embedded/projects/pico-sdk/src/common/pico_time/time.c.obj
 *fill*         0x10000572        0x2 
 .text.add_alarm_under_lock
                0x10000574      0x174 CMakeFiles/display_fonts_demo.dir/C_/workspaces/embedded/projects/pico-sdk/src/common/pico_time/time.c.obj
 .text.alarm_pool_alarm_callback
                0x100006e8      0x328 CMakeFiles/display_fonts_demo.dir/C_/workspaces/embedded/projects/pico-sdk/src/common/pico_time/time.c.obj
 .text.alarm_pool_init_default
                0x10000a10       0x38 CMakeFiles/display_fonts_demo.dir/C_/workspaces/embedded/projects/pico-sdk/src/common/pico_time/time.c.obj
                0x10000a10                alarm_pool_init_default
 .text.hardware_alarm_irq_handler
                0x10000a48       0x8c CMakeFiles/display_fonts_demo.dir/C_/workspaces/embedded/projects/pico-sdk/src/rp2_common/hardware_timer/timer.c.obj
 .text.hardware_alarm_claim
                0x10000ad4       0x18 CMakeFiles/display_fonts_demo.dir/C_/workspaces/embedded/projects/pico-sdk/src/rp2_common/hardware_timer/timer.c.obj
                0x10000ad4                hardware_alarm_claim
 .text.time_us_64
                0x10000aec       0x18 CMakeFiles/display_fonts_demo.dir/C_/workspaces/embedded/projects/pico-sdk/src/rp2_common/hardware_timer/timer.c.obj
                0x10000aec                time_us_64
 .text.hardware_alarm_set_callback
                0x10000b04       0x90 CMakeFiles/display_fonts_demo.dir/C_/workspaces/embedded/projects/pico-sdk/src/rp2_common/hardware_timer/timer.c.obj
                0x10000b04                hardware_alarm_set_callback
 .text.hardware_alarm_set_target
                0x10000b94       0xe8 CMakeFiles/display_fonts_demo.dir/C_/workspaces/embedded/projects/pico-sdk/src/rp2_common/hardware_timer/timer.c.obj
                0x10000b94                hardware_alarm_set_target
 .text.hardware_alarm_cancel
                0x10000c7c       0x40 CMakeFiles/display_fonts_demo.dir/C_/workspaces/embedded/projects/pico-sdk/src/rp2_common/hardware_timer/timer.c.obj
                0x10000c7c                hardware_alarm_cancel
 .text.lock_init
                0x10000cbc       0x10 CMakeFiles/display_fonts_demo.dir/C_/workspaces/embedded/projects/pico-sdk/src/common/pico_sync/lock_core.c.obj
                0x10000cbc                lock_init
 .text.mutex_init_internal
                0x10000ccc       0x1e CMakeFiles/display_fonts_demo.dir/C_/workspaces/embedded/projects/pico-sdk/src/common/pico_sync/mutex.c.obj
 .text.mutex_init
                0x10000cea        0xa CMakeFiles/display_fonts_demo.dir/C_/workspaces/embedded/projects/pico-sdk/src/common/pico_sync/mutex.c.obj
                0x10000cea                mutex_init
 .text.recursive_mutex_init
                0x10000cf4        0xa CMakeFiles/display_fonts_demo.dir/C_/workspaces/embedded/projects/pico-sdk/src/common/pico_sync/mutex.c.obj
                0x10000cf4                recursive_mutex_init
 *fill*         0x10000cfe        0x2 
 .text.ph_add_child_node
                0x10000d00       0xa4 CMakeFiles/display_fonts_demo.dir/C_/workspaces/embedded/projects/pico-sdk/src/common/pico_util/pheap.c.obj
 .text.ph_merge_nodes
                0x10000da4       0x3e CMakeFiles/display_fonts_demo.dir/C_/workspaces/embedded/projects/pico-sdk/src/common/pico_util/pheap.c.obj
 *fill*         0x10000de2        0x2 
 .text.ph_clear
                0x10000de4       0x70 CMakeFiles/display_fonts_demo.dir/C_/workspaces/embedded/projects/pico-sdk/src/common/pico_util/pheap.c.obj
                0x10000de4                ph_clear
 .text.ph_post_alloc_init
                0x10000e54        0xe CMakeFiles/display_fonts_demo.dir/C_/workspaces/embedded/projects/pico-sdk/src/common/pico_util/pheap.c.obj
                0x10000e54                ph_post_alloc_init
 *fill*         0x10000e62        0x2 
 .text.ph_merge_two_pass
                0x10000e64       0xa8 CMakeFiles/display_fonts_demo.dir/C_/workspaces/embedded/projects/pico-sdk/src/common/pico_util/pheap.c.obj
                0x10000e64                ph_merge_two_pass
 .text.ph_remove_any_head
                0x10000f0c      0x108 CMakeFiles/display_fonts_demo.dir/C_/workspaces/embedded/projects/pico-sdk/src/common/pico_util/pheap.c.obj
 .text.ph_remove_head
                0x10001014       0x14 CMakeFiles/display_fonts_demo.dir/C_/workspaces/embedded/projects/pico-sdk/src/common/pico_util/pheap.c.obj
                0x10001014                ph_remove_head
 .text.ph_remove_and_free_node
                0x10001028       0xf8 CMakeFiles/display_fonts_demo.dir/C_/workspaces/embedded/projects/pico-sdk/src/common/pico_util/pheap.c.obj
                0x10001028                ph_remove_and_free_node
 .text.runtime_init
                0x10001120       0xd8 CMakeFiles/display_fonts_demo.dir/C_/workspaces/embedded/projects/pico-sdk/src/rp2_common/pico_runtime/runtime.c.obj
                0x10001120                runtime_init
 .text._exit    0x100011f8        0x4 CMakeFiles/display_fonts_demo.dir/C_/workspaces/embedded/projects/pico-sdk/src/rp2_common/pico_runtime/runtime.c.obj
                0x100011f8                _exit
 .text.exit     0x100011fc        0x6 CMakeFiles/display_fonts_demo.dir/C_/workspaces/embedded/projects/pico-sdk/src/rp2_common/pico_runtime/runtime.c.obj
                0x100011fc                exit
 *fill*         0x10001202        0x2 
 .text.__assert_func
                0x10001204       0x3c CMakeFiles/display_fonts_demo.dir/C_/workspaces/embedded/projects/pico-sdk/src/rp2_common/pico_runtime/runtime.c.obj
                0x10001204                __assert_func
 .text.panic    0x10001240       0x30 CMakeFiles/display_fonts_demo.dir/C_/workspaces/embedded/projects/pico-sdk/src/rp2_common/pico_runtime/runtime.c.obj
                0x10001240                panic
 .text.clock_configure
                0x10001270      0x104 CMakeFiles/display_fonts_demo.dir/C_/workspaces/embedded/projects/pico-sdk/src/rp2_common/hardware_clocks/clocks.c.obj
                0x10001270                clock_configure
 .text.clocks_init
                0x10001374      0x100 CMakeFiles/display_fonts_demo.dir/C_/workspaces/embedded/projects/pico-sdk/src/rp2_common/hardware_clocks/clocks.c.obj
                0x10001374                clocks_init
 .text.set_raw_irq_handler_and_unlock
                0x10001474       0x28 CMakeFiles/display_fonts_demo.dir/C_/workspaces/embedded/projects/pico-sdk/src/rp2_common/hardware_irq/irq.c.obj
 .text.make_branch
                0x1000149c       0x34 CMakeFiles/display_fonts_demo.dir/C_/workspaces/embedded/projects/pico-sdk/src/rp2_common/hardware_irq/irq.c.obj
 .text.insert_branch_and_link
                0x100014d0       0x40 CMakeFiles/display_fonts_demo.dir/C_/workspaces/embedded/projects/pico-sdk/src/rp2_common/hardware_irq/irq.c.obj
 .text.irq_is_enabled
                0x10001510       0x18 CMakeFiles/display_fonts_demo.dir/C_/workspaces/embedded/projects/pico-sdk/src/rp2_common/hardware_irq/irq.c.obj
                0x10001510                irq_is_enabled
 .text.irq_set_mask_enabled
                0x10001528       0x20 CMakeFiles/display_fonts_demo.dir/C_/workspaces/embedded/projects/pico-sdk/src/rp2_common/hardware_irq/irq.c.obj
                0x10001528                irq_set_mask_enabled
 .text.irq_set_enabled
                0x10001548        0xe CMakeFiles/display_fonts_demo.dir/C_/workspaces/embedded/projects/pico-sdk/src/rp2_common/hardware_irq/irq.c.obj
                0x10001548                irq_set_enabled
 *fill*         0x10001556        0x2 
 .text.irq_get_vtable_handler
                0x10001558       0x10 CMakeFiles/display_fonts_demo.dir/C_/workspaces/embedded/projects/pico-sdk/src/rp2_common/hardware_irq/irq.c.obj
                0x10001558                irq_get_vtable_handler
 .text.irq_set_exclusive_handler
                0x10001568       0x54 CMakeFiles/display_fonts_demo.dir/C_/workspaces/embedded/projects/pico-sdk/src/rp2_common/hardware_irq/irq.c.obj
                0x10001568                irq_set_exclusive_handler
 .text.irq_remove_handler
                0x100015bc      0x1ac CMakeFiles/display_fonts_demo.dir/C_/workspaces/embedded/projects/pico-sdk/src/rp2_common/hardware_irq/irq.c.obj
                0x100015bc                irq_remove_handler
 .text.irq_set_priority
                0x10001768       0x28 CMakeFiles/display_fonts_demo.dir/C_/workspaces/embedded/projects/pico-sdk/src/rp2_common/hardware_irq/irq.c.obj
                0x10001768                irq_set_priority
 .text.irq_add_tail_to_free_list
                0x10001790       0xf0 CMakeFiles/display_fonts_demo.dir/C_/workspaces/embedded/projects/pico-sdk/src/rp2_common/hardware_irq/irq.c.obj
                0x10001790                irq_add_tail_to_free_list
 .text.irq_init_priorities
                0x10001880       0x16 CMakeFiles/display_fonts_demo.dir/C_/workspaces/embedded/projects/pico-sdk/src/rp2_common/hardware_irq/irq.c.obj
                0x10001880                irq_init_priorities
 *fill*         0x10001896        0x2 
 .text.pll_init
                0x10001898      0x118 CMakeFiles/display_fonts_demo.dir/C_/workspaces/embedded/projects/pico-sdk/src/rp2_common/hardware_pll/pll.c.obj
                0x10001898                pll_init
 .text.watchdog_start_tick
                0x100019b0       0x10 CMakeFiles/display_fonts_demo.dir/C_/workspaces/embedded/projects/pico-sdk/src/rp2_common/hardware_watchdog/watchdog.c.obj
                0x100019b0                watchdog_start_tick
 .text.xosc_init
                0x100019c0       0x28 CMakeFiles/display_fonts_demo.dir/C_/workspaces/embedded/projects/pico-sdk/src/rp2_common/hardware_xosc/xosc.c.obj
                0x100019c0                xosc_init
 .text._out_buffer
                0x100019e8        0x8 CMakeFiles/display_fonts_demo.dir/C_/workspaces/embedded/projects/pico-sdk/src/rp2_common/pico_printf/printf.c.obj
 .text._out_null
                0x100019f0        0x2 CMakeFiles/display_fonts_demo.dir/C_/workspaces/embedded/projects/pico-sdk/src/rp2_common/pico_printf/printf.c.obj
 .text._out_fct
                0x100019f2        0xe CMakeFiles/display_fonts_demo.dir/C_/workspaces/embedded/projects/pico-sdk/src/rp2_common/pico_printf/printf.c.obj
 .text._atoi    0x10001a00       0x24 CMakeFiles/display_fonts_demo.dir/C_/workspaces/embedded/projects/pico-sdk/src/rp2_common/pico_printf/printf.c.obj
 .text._out_rev
                0x10001a24       0xae CMakeFiles/display_fonts_demo.dir/C_/workspaces/embedded/projects/pico-sdk/src/rp2_common/pico_printf/printf.c.obj
 .text._ntoa_format
                0x10001ad2      0x112 CMakeFiles/display_fonts_demo.dir/C_/workspaces/embedded/projects/pico-sdk/src/rp2_common/pico_printf/printf.c.obj
 .text._ntoa_long
                0x10001be4       0xbc CMakeFiles/display_fonts_demo.dir/C_/workspaces/embedded/projects/pico-sdk/src/rp2_common/pico_printf/printf.c.obj
 .text._ntoa_long_long
                0x10001ca0       0xe2 CMakeFiles/display_fonts_demo.dir/C_/workspaces/embedded/projects/pico-sdk/src/rp2_common/pico_printf/printf.c.obj
 *fill*         0x10001d82        0x2 
 .text._etoa    0x10001d84      0x414 CMakeFiles/display_fonts_demo.dir/C_/workspaces/embedded/projects/pico-sdk/src/rp2_common/pico_printf/printf.c.obj
 .text._ftoa    0x10002198      0x354 CMakeFiles/display_fonts_demo.dir/C_/workspaces/embedded/projects/pico-sdk/src/rp2_common/pico_printf/printf.c.obj
 .text._vsnprintf
                0x100024ec      0x624 CMakeFiles/display_fonts_demo.dir/C_/workspaces/embedded/projects/pico-sdk/src/rp2_common/pico_printf/printf.c.obj
 .text.__wrap_vsnprintf
                0x10002b10       0x1c CMakeFiles/display_fonts_demo.dir/C_/workspaces/embedded/projects/pico-sdk/src/rp2_common/pico_printf/printf.c.obj
                0x10002b10                __wrap_vsnprintf
 .text.vfctprintf
                0x10002b2c       0x20 CMakeFiles/display_fonts_demo.dir/C_/workspaces/embedded/projects/pico-sdk/src/rp2_common/pico_printf/printf.c.obj
                0x10002b2c                vfctprintf
 .text          0x10002b4c       0x10 CMakeFiles/display_fonts_demo.dir/C_/workspaces/embedded/projects/pico-sdk/src/rp2_common/pico_bit_ops/bit_ops_aeabi.S.obj
 .text.rom_func_lookup
                0x10002b5c       0x10 CMakeFiles/display_fonts_demo.dir/C_/workspaces/embedded/projects/pico-sdk/src/rp2_common/pico_bootrom/bootrom.c.obj
                0x10002b5c                rom_func_lookup
 .text.rom_data_lookup
                0x10002b6c       0x10 CMakeFiles/display_fonts_demo.dir/C_/workspaces/embedded/projects/pico-sdk/src/rp2_common/pico_bootrom/bootrom.c.obj
                0x10002b6c                rom_data_lookup
 .text.rom_funcs_lookup
                0x10002b7c       0x36 CMakeFiles/display_fonts_demo.dir/C_/workspaces/embedded/projects/pico-sdk/src/rp2_common/pico_bootrom/bootrom.c.obj
                0x10002b7c                rom_funcs_lookup
 *fill*         0x10002bb2        0x2 
 .text.__wrap___aeabi_idiv
                0x10002bb4       0x50 CMakeFiles/display_fonts_demo.dir/C_/workspaces/embedded/projects/pico-sdk/src/rp2_common/pico_divider/divider.S.obj
                0x10002bb4                __wrap___aeabi_idivmod
                0x10002bb4                divmod_s32s32
                0x10002bb4                div_s32s32
                0x10002bb4                __wrap___aeabi_idiv
                0x10002bbc                divmod_s32s32_unsafe
                0x10002be8                divmod_s32s32_savestate
 .text.__wrap___aeabi_uidiv
                0x10002c04       0x4c CMakeFiles/display_fonts_demo.dir/C_/workspaces/embedded/projects/pico-sdk/src/rp2_common/pico_divider/divider.S.obj
                0x10002c04                __wrap___aeabi_uidiv
                0x10002c04                __wrap___aeabi_uidivmod
                0x10002c04                div_u32u32
                0x10002c04                divmod_u32u32
                0x10002c0c                divmod_u32u32_unsafe
                0x10002c34                divmod_u32u32_savestate
 .text.__wrap___aeabi_ldiv
                0x10002c50      0x430 CMakeFiles/display_fonts_demo.dir/C_/workspaces/embedded/projects/pico-sdk/src/rp2_common/pico_divider/divider.S.obj
                0x10002c50                div_s64s64
                0x10002c50                divmod_s64s64
                0x10002c50                __wrap___aeabi_ldivmod
                0x10002c88                divmod_u64u64
                0x10002c88                div_u64u64
                0x10002c88                __wrap___aeabi_uldivmod
                0x10002c98                divmod_u64u64_savestate
                0x10002cc0                divmod_s64s64_unsafe
                0x10002d48                divmod_u64u64_unsafe
 .text.__wrap___aeabi_darithmetic
                0x10003080       0x80 CMakeFiles/display_fonts_demo.dir/C_/workspaces/embedded/projects/pico-sdk/src/rp2_common/pico_double/double_aeabi.S.obj
                0x10003080                __wrap___aeabi_drsub
                0x10003086                __wrap___aeabi_dsub
                0x10003098                __wrap___aeabi_dadd
                0x100030aa                __wrap___aeabi_ddiv
                0x100030e6                __wrap___aeabi_dmul
 .text.__wrap___aeabi_cdcmple
                0x10003100       0x6c CMakeFiles/display_fonts_demo.dir/C_/workspaces/embedded/projects/pico-sdk/src/rp2_common/pico_double/double_aeabi.S.obj
                0x10003100                __wrap___aeabi_cdrcmple
                0x10003110                __wrap___aeabi_cdcmpeq
                0x10003110                __wrap___aeabi_cdcmple
 .text.__wrap___aeabi_dcmplt
                0x1000316c        0xc CMakeFiles/display_fonts_demo.dir/C_/workspaces/embedded/projects/pico-sdk/src/rp2_common/pico_double/double_aeabi.S.obj
                0x1000316c                __wrap___aeabi_dcmplt
 .text.__wrap___aeabi_dcmple
                0x10003178       0x10 CMakeFiles/display_fonts_demo.dir/C_/workspaces/embedded/projects/pico-sdk/src/rp2_common/pico_double/double_aeabi.S.obj
                0x10003178                __wrap___aeabi_dcmple
 .text.__wrap___aeabi_dcmpge
                0x10003188       0x10 CMakeFiles/display_fonts_demo.dir/C_/workspaces/embedded/projects/pico-sdk/src/rp2_common/pico_double/double_aeabi.S.obj
                0x10003188                __wrap___aeabi_dcmpge
 .text.__wrap___aeabi_dcmpgt
                0x10003198        0xa CMakeFiles/display_fonts_demo.dir/C_/workspaces/embedded/projects/pico-sdk/src/rp2_common/pico_double/double_aeabi.S.obj
                0x10003198                __wrap___aeabi_dcmpgt
 .text.__wrap___aeabi_dcmpun
                0x100031a2       0x1c CMakeFiles/display_fonts_demo.dir/C_/workspaces/embedded/projects/pico-sdk/src/rp2_common/pico_double/double_aeabi.S.obj
                0x100031a2                __wrap___aeabi_dcmpun
 *fill*         0x100031be        0x2 
 .text.__wrap___aeabi_i2d
                0x100031c0       0x38 CMakeFiles/display_fonts_demo.dir/C_/workspaces/embedded/projects/pico-sdk/src/rp2_common/pico_double/double_aeabi.S.obj
                0x100031c0                __wrap___aeabi_ui2d
                0x100031c8                __wrap___aeabi_i2d
 .text.__wrap___aeabi_d2iz
                0x100031f8       0x48 CMakeFiles/display_fonts_demo.dir/C_/workspaces/embedded/projects/pico-sdk/src/rp2_common/pico_double/double_aeabi.S.obj
                0x100031f8                double2int_z
                0x100031f8                __wrap___aeabi_d2iz
 .text.__wrap___aeabi_d2uiz
                0x10003240       0x18 CMakeFiles/display_fonts_demo.dir/C_/workspaces/embedded/projects/pico-sdk/src/rp2_common/pico_double/double_aeabi.S.obj
                0x10003240                __wrap___aeabi_d2uiz
                0x10003240                double2uint
 .text.__aeabi_double_init
                0x10003258       0xb8 CMakeFiles/display_fonts_demo.dir/C_/workspaces/embedded/projects/pico-sdk/src/rp2_common/pico_double/double_init_rom.c.obj
                0x10003258                __aeabi_double_init
 .text.double_table_shim_on_use_helper
                0x10003310       0x34 CMakeFiles/display_fonts_demo.dir/C_/workspaces/embedded/projects/pico-sdk/src/rp2_common/pico_double/double_v1_rom_shim.S.obj
                0x10003310                double_table_shim_on_use_helper
 .text.__wrap___aeabi_dsub
                0x10003344       0x10 CMakeFiles/display_fonts_demo.dir/C_/workspaces/embedded/projects/pico-sdk/src/rp2_common/pico_double/double_v1_rom_shim.S.obj
                0x10003344                drsub_shim
                0x1000334a                dsub_shim
 .text.dadd_shim
                0x10003354      0x15c CMakeFiles/display_fonts_demo.dir/C_/workspaces/embedded/projects/pico-sdk/src/rp2_common/pico_double/double_v1_rom_shim.S.obj
                0x10003354                dadd_shim
 .text.dmul_shim
                0x100034b0      0x15c CMakeFiles/display_fonts_demo.dir/C_/workspaces/embedded/projects/pico-sdk/src/rp2_common/pico_double/double_v1_rom_shim.S.obj
                0x100034b0                dmul_shim
 .text.ddiv_shim
                0x1000360c      0x1b0 CMakeFiles/display_fonts_demo.dir/C_/workspaces/embedded/projects/pico-sdk/src/rp2_common/pico_double/double_v1_rom_shim.S.obj
                0x1000360c                ddiv_shim
 .text.dcordic_rot_step
                0x100037bc       0x7c CMakeFiles/display_fonts_demo.dir/C_/workspaces/embedded/projects/pico-sdk/src/rp2_common/pico_double/double_v1_rom_shim.S.obj
                0x100037bc                dcordic_rot_step
 .text.double2uint_shim
                0x10003838        0xe CMakeFiles/display_fonts_demo.dir/C_/workspaces/embedded/projects/pico-sdk/src/rp2_common/pico_double/double_v1_rom_shim.S.obj
                0x10003838                double2uint_shim
                0x1000383a                double2ufix_shim
 *fill*         0x10003846        0x2 
 .text.double2uint64_shim
                0x10003848       0x6c CMakeFiles/display_fonts_demo.dir/C_/workspaces/embedded/projects/pico-sdk/src/rp2_common/pico_double/double_v1_rom_shim.S.obj
                0x10003848                double2uint64_shim
                0x1000384a                double2ufix64_shim
                0x10003864                d2fix_a
 .text.dunpacks
                0x100038b4       0x3c CMakeFiles/display_fonts_demo.dir/C_/workspaces/embedded/projects/pico-sdk/src/rp2_common/pico_double/double_v1_rom_shim.S.obj
                0x100038b4                dunpacks
 .text.__aeabi_float_init
                0x100038f0       0xfc CMakeFiles/display_fonts_demo.dir/C_/workspaces/embedded/projects/pico-sdk/src/rp2_common/pico_float/float_init_rom.c.obj
                0x100038f0                __aeabi_float_init
 .text.float_table_shim_on_use_helper
                0x100039ec       0x34 CMakeFiles/display_fonts_demo.dir/C_/workspaces/embedded/projects/pico-sdk/src/rp2_common/pico_float/float_v1_rom_shim.S.obj
                0x100039ec                float_table_shim_on_use_helper
 .text          0x10003a20       0x10 CMakeFiles/display_fonts_demo.dir/C_/workspaces/embedded/projects/pico-sdk/src/rp2_common/pico_mem_ops/mem_ops_aeabi.S.obj
                0x10003a20                __aeabi_mem_init
 .text.memset   0x10003a30        0xc CMakeFiles/display_fonts_demo.dir/C_/workspaces/embedded/projects/pico-sdk/src/rp2_common/pico_mem_ops/mem_ops_aeabi.S.obj
                0x10003a30                __wrap_memset
 .text.memcpy   0x10003a3c        0xc CMakeFiles/display_fonts_demo.dir/C_/workspaces/embedded/projects/pico-sdk/src/rp2_common/pico_mem_ops/mem_ops_aeabi.S.obj
                0x10003a3c                __wrap_memcpy
                0x10003a3c                __wrap___aeabi_memcpy
 .text.stdio_out_chars_crlf
                0x10003a48       0x80 CMakeFiles/display_fonts_demo.dir/C_/workspaces/embedded/projects/pico-sdk/src/rp2_common/pico_stdio/stdio.c.obj
 .text.stdio_stack_buffer_flush
                0x10003ac8       0x44 CMakeFiles/display_fonts_demo.dir/C_/workspaces/embedded/projects/pico-sdk/src/rp2_common/pico_stdio/stdio.c.obj
 .text.stdio_buffered_printer
                0x10003b0c       0x20 CMakeFiles/display_fonts_demo.dir/C_/workspaces/embedded/projects/pico-sdk/src/rp2_common/pico_stdio/stdio.c.obj
 .text.stdout_serialize_begin
                0x10003b2c       0x30 CMakeFiles/display_fonts_demo.dir/C_/workspaces/embedded/projects/pico-sdk/src/rp2_common/pico_stdio/stdio.c.obj
                0x10003b2c                stdout_serialize_begin
 .text.stdout_serialize_end
                0x10003b5c       0x10 CMakeFiles/display_fonts_demo.dir/C_/workspaces/embedded/projects/pico-sdk/src/rp2_common/pico_stdio/stdio.c.obj
                0x10003b5c                stdout_serialize_end
 .text.stdio_put_string
                0x10003b6c       0x84 CMakeFiles/display_fonts_demo.dir/C_/workspaces/embedded/projects/pico-sdk/src/rp2_common/pico_stdio/stdio.c.obj
 .text.stdio_flush
                0x10003bf0       0x20 CMakeFiles/display_fonts_demo.dir/C_/workspaces/embedded/projects/pico-sdk/src/rp2_common/pico_stdio/stdio.c.obj
                0x10003bf0                stdio_flush
 .text.__wrap_puts
                0x10003c10       0x1c CMakeFiles/display_fonts_demo.dir/C_/workspaces/embedded/projects/pico-sdk/src/rp2_common/pico_stdio/stdio.c.obj
                0x10003c10                __wrap_puts
 .text.__wrap_vprintf
                0x10003c2c       0x44 CMakeFiles/display_fonts_demo.dir/C_/workspaces/embedded/projects/pico-sdk/src/rp2_common/pico_stdio/stdio.c.obj
                0x10003c2c                __wrap_vprintf
 .text.__wrap_printf
                0x10003c70       0x18 CMakeFiles/display_fonts_demo.dir/C_/workspaces/embedded/projects/pico-sdk/src/rp2_common/pico_stdio/stdio.c.obj
                0x10003c70                __wrap_printf
 .text.light_display_ic_init
                0x10003c88       0x10 CMakeFiles/display_fonts_demo.dir/__/mod_display_ic/src/module.c.obj
                0x10003c88                light_display_ic_init
 .text._generated_module_init
                0x10003c98       0x20 CMakeFiles/display_fonts_demo.dir/__/mod_display_ic/src/module.c.obj
 .text._generated_module_init
                0x10003cb8       0x20 CMakeFiles/display_fonts_demo.dir/__/mod_light_core/src/module.c.obj
 .text.light_init
                0x10003cd8        0x2 CMakeFiles/display_fonts_demo.dir/__/mod_light_core/src/module.c.obj
                0x10003cd8                light_init
 *fill*         0x10003cda        0x2 
 .text.light_primary_app_context_get
                0x10003cdc        0x8 CMakeFiles/display_fonts_demo.dir/__/mod_light_core/src/module.c.obj
                0x10003cdc                light_primary_app_context_get
 .text.light_core_module_get
                0x10003ce4        0x8 CMakeFiles/display_fonts_demo.dir/__/mod_light_core/src/module.c.obj
                0x10003ce4                light_core_module_get
 .text.light_component_type_register
                0x10003cec       0x24 CMakeFiles/display_fonts_demo.dir/__/mod_light_core/src/module.c.obj
                0x10003cec                light_component_type_register
 .text.light_core_init
                0x10003d10       0x24 CMakeFiles/display_fonts_demo.dir/__/mod_light_core/src/module.c.obj
                0x10003d10                light_core_init
 .text.light_module_register
                0x10003d34       0x10 CMakeFiles/display_fonts_demo.dir/__/mod_light_core/src/module.c.obj
                0x10003d34                light_module_register
 .text.light_module_activate
                0x10003d44       0x34 CMakeFiles/display_fonts_demo.dir/__/mod_light_core/src/module.c.obj
                0x10003d44                light_module_activate
 .text.light_app_activate_modules
                0x10003d78       0x22 CMakeFiles/display_fonts_demo.dir/__/mod_light_core/src/module.c.obj
                0x10003d78                light_app_activate_modules
 *fill*         0x10003d9a        0x2 
 .text.light_log_to_logger
                0x10003d9c       0x1c CMakeFiles/display_fonts_demo.dir/__/mod_light_core/src/log.c.obj
                0x10003d9c                light_log_to_logger
 .text.light_log
                0x10003db8       0x20 CMakeFiles/display_fonts_demo.dir/__/mod_light_core/src/log.c.obj
                0x10003db8                light_log
 .text._light_board_log_handler
                0x10003dd8       0x10 CMakeFiles/display_fonts_demo.dir/__/__/board/rpi_pico/board.c.obj
                0x10003dd8                _light_board_log_handler
 .text.strlen   0x10003de8       0x5c c:/workspaces/embedded/tools/gcc-arm-none-eabi-10.3-2021.07/bin/../lib/gcc/arm-none-eabi/10.3.1/../../../../arm-none-eabi/lib/thumb/v6-m/nofp\libg.a(lib_a-strlen-stub.o)
                0x10003de8                strlen
 *(.fini)
 .fini          0x10003e44        0x4 c:/workspaces/embedded/tools/gcc-arm-none-eabi-10.3-2021.07/bin/../lib/gcc/arm-none-eabi/10.3.1/thumb/v6-m/nofp/crti.o
                0x10003e44                _fini
 .fini.__stub   0x10003e48       0x50 linker stubs
 *crtbegin.o(.ctors)
 *crtbegin?.o(.ctors)
 *(EXCLUDE_FILE(*crtend.o *crtend?.o) .ctors)
 *(SORT_BY_NAME(.ctors.*))
 *(.ctors)
 *crtbegin.o(.dtors)
 *crtbegin?.o(.dtors)
 *(EXCLUDE_FILE(*crtend.o *crtend?.o) .dtors)
 *(SORT_BY_NAME(.dtors.*))
 *(.dtors)
 *(.eh_frame*)
 .eh_frame      0x10003e98        0x0 c:/workspaces/embedded/tools/gcc-arm-none-eabi-10.3-2021.07/bin/../lib/gcc/arm-none-eabi/10.3.1/thumb/v6-m/nofp/crtbegin.o
                0x10003e98                . = ALIGN (0x4)

.glue_7         0x10003e98        0x0
 .glue_7        0x10003e98        0x0 linker stubs

.glue_7t        0x10003e98        0x0
 .glue_7t       0x10003e98        0x0 linker stubs

.vfp11_veneer   0x10003e98        0x0
 .vfp11_veneer  0x10003e98        0x0 linker stubs

.v4_bx          0x10003e98        0x0
 .v4_bx         0x10003e98        0x0 linker stubs

.iplt           0x10003e98        0x0
 .iplt          0x10003e98        0x0 c:/workspaces/embedded/tools/gcc-arm-none-eabi-10.3-2021.07/bin/../lib/gcc/arm-none-eabi/10.3.1/thumb/v6-m/nofp/crtbegin.o

.rodata         0x10003e98      0xe0c
 *(EXCLUDE_FILE(*libm.a: *libc.a:*lib_a-mem*.o *libgcc.a:) .rodata*)
 .rodata.repeating_timer_callback.str1.4
                0x10003e98       0x59 CMakeFiles/display_fonts_demo.dir/C_/workspaces/embedded/projects/pico-sdk/src/common/pico_time/time.c.obj
 *fill*         0x10003ef1        0x3 
 .rodata.alarm_pool_dump_key.str1.4
                0x10003ef4       0x33 CMakeFiles/display_fonts_demo.dir/C_/workspaces/embedded/projects/pico-sdk/src/common/pico_time/time.c.obj
 *fill*         0x10003f27        0x1 
 .rodata.ph_add_child_node.str1.4
                0x10003f28       0xa2 CMakeFiles/display_fonts_demo.dir/C_/workspaces/embedded/projects/pico-sdk/src/common/pico_time/time.c.obj
 *fill*         0x10003fca        0x2 
 .rodata.add_alarm_under_lock.str1.4
                0x10003fcc       0x28 CMakeFiles/display_fonts_demo.dir/C_/workspaces/embedded/projects/pico-sdk/src/common/pico_time/time.c.obj
                                 0x2b (size before relaxing)
 .rodata.alarm_pool_alarm_callback.str1.4
                0x10003ff4       0xf2 CMakeFiles/display_fonts_demo.dir/C_/workspaces/embedded/projects/pico-sdk/src/common/pico_time/time.c.obj
 *fill*         0x100040e6        0x2 
 .rodata.__func__.10
                0x100040e8       0x15 CMakeFiles/display_fonts_demo.dir/C_/workspaces/embedded/projects/pico-sdk/src/common/pico_time/time.c.obj
 *fill*         0x100040fd        0x3 
 .rodata.__func__.11
                0x10004100       0x1a CMakeFiles/display_fonts_demo.dir/C_/workspaces/embedded/projects/pico-sdk/src/common/pico_time/time.c.obj
 *fill*         0x1000411a        0x2 
 .rodata.__func__.12
                0x1000411c        0xa CMakeFiles/display_fonts_demo.dir/C_/workspaces/embedded/projects/pico-sdk/src/common/pico_time/time.c.obj
 *fill*         0x10004126        0x2 
 .rodata.__func__.4
                0x10004128       0x12 CMakeFiles/display_fonts_demo.dir/C_/workspaces/embedded/projects/pico-sdk/src/common/pico_time/time.c.obj
 *fill*         0x1000413a        0x2 
 .rodata.__func__.5
                0x1000413c        0xd CMakeFiles/display_fonts_demo.dir/C_/workspaces/embedded/projects/pico-sdk/src/common/pico_time/time.c.obj
 *fill*         0x10004149        0x3 
 .rodata.__func__.6
                0x1000414c       0x12 CMakeFiles/display_fonts_demo.dir/C_/workspaces/embedded/projects/pico-sdk/src/common/pico_time/time.c.obj
 *fill*         0x1000415e        0x2 
 .rodata.__func__.7
                0x10004160        0xf CMakeFiles/display_fonts_demo.dir/C_/workspaces/embedded/projects/pico-sdk/src/common/pico_time/time.c.obj
 *fill*         0x1000416f        0x1 
 .rodata.__func__.8
                0x10004170        0xc CMakeFiles/display_fonts_demo.dir/C_/workspaces/embedded/projects/pico-sdk/src/common/pico_time/time.c.obj
 .rodata.__func__.9
                0x1000417c       0x15 CMakeFiles/display_fonts_demo.dir/C_/workspaces/embedded/projects/pico-sdk/src/common/pico_time/time.c.obj
 *fill*         0x10004191        0x3 
 .rodata.hardware_alarm_claim.str1.4
                0x10004194       0x22 CMakeFiles/display_fonts_demo.dir/C_/workspaces/embedded/projects/pico-sdk/src/rp2_common/hardware_timer/timer.c.obj
 *fill*         0x100041b6        0x2 
 .rodata.hardware_alarm_set_target.str1.4
                0x100041b8       0x73 CMakeFiles/display_fonts_demo.dir/C_/workspaces/embedded/projects/pico-sdk/src/rp2_common/hardware_timer/timer.c.obj
 *fill*         0x1000422b        0x1 
 .rodata.__func__.0
                0x1000422c       0x1a CMakeFiles/display_fonts_demo.dir/C_/workspaces/embedded/projects/pico-sdk/src/rp2_common/hardware_timer/timer.c.obj
 *fill*         0x10004246        0x2 
 .rodata.str1.4
                0x10004248       0xc1 CMakeFiles/display_fonts_demo.dir/C_/workspaces/embedded/projects/pico-sdk/src/common/pico_sync/mutex.c.obj
                                0x131 (size before relaxing)
 *fill*         0x10004309        0x3 
 .rodata.__func__.0
                0x1000430c        0xb CMakeFiles/display_fonts_demo.dir/C_/workspaces/embedded/projects/pico-sdk/src/common/pico_sync/mutex.c.obj
 *fill*         0x10004317        0x1 
 .rodata.__func__.3
                0x10004318       0x15 CMakeFiles/display_fonts_demo.dir/C_/workspaces/embedded/projects/pico-sdk/src/common/pico_sync/mutex.c.obj
 .rodata.ph_add_child_node.str1.4
                0x1000432d       0xa2 CMakeFiles/display_fonts_demo.dir/C_/workspaces/embedded/projects/pico-sdk/src/common/pico_util/pheap.c.obj
 *fill*         0x1000432d        0x3 
 .rodata.ph_remove_any_head.str1.4
                0x10004330       0x9c CMakeFiles/display_fonts_demo.dir/C_/workspaces/embedded/projects/pico-sdk/src/common/pico_util/pheap.c.obj
 .rodata.ph_remove_and_free_node.str1.4
                0x100043cc       0x26 CMakeFiles/display_fonts_demo.dir/C_/workspaces/embedded/projects/pico-sdk/src/common/pico_util/pheap.c.obj
 *fill*         0x100043f2        0x2 
 .rodata.__func__.0
                0x100043f4       0x18 CMakeFiles/display_fonts_demo.dir/C_/workspaces/embedded/projects/pico-sdk/src/common/pico_util/pheap.c.obj
 .rodata.__func__.1
                0x1000440c       0x13 CMakeFiles/display_fonts_demo.dir/C_/workspaces/embedded/projects/pico-sdk/src/common/pico_util/pheap.c.obj
 *fill*         0x1000441f        0x1 
 .rodata.__func__.2
                0x10004420       0x12 CMakeFiles/display_fonts_demo.dir/C_/workspaces/embedded/projects/pico-sdk/src/common/pico_util/pheap.c.obj
 *fill*         0x10004432        0x2 
 .rodata.__func__.3
                0x10004434        0xc CMakeFiles/display_fonts_demo.dir/C_/workspaces/embedded/projects/pico-sdk/src/common/pico_util/pheap.c.obj
 .rodata.__assert_func.str1.4
                0x10004440       0x3f CMakeFiles/display_fonts_demo.dir/C_/workspaces/embedded/projects/pico-sdk/src/rp2_common/pico_runtime/runtime.c.obj
                                 0x43 (size before relaxing)
 *fill*         0x1000447f        0x1 
 .rodata.panic.str1.4
                0x10004480       0x12 CMakeFiles/display_fonts_demo.dir/C_/workspaces/embedded/projects/pico-sdk/src/rp2_common/pico_runtime/runtime.c.obj
 *fill*         0x10004492        0x2 
 .rodata.clock_configure.str1.4
                0x10004494       0x65 CMakeFiles/display_fonts_demo.dir/C_/workspaces/embedded/projects/pico-sdk/src/rp2_common/hardware_clocks/clocks.c.obj
 *fill*         0x100044f9        0x3 
 .rodata.__func__.1
                0x100044fc       0x10 CMakeFiles/display_fonts_demo.dir/C_/workspaces/embedded/projects/pico-sdk/src/rp2_common/hardware_clocks/clocks.c.obj
 .rodata.make_branch.str1.4
                0x1000450c       0x5b CMakeFiles/display_fonts_demo.dir/C_/workspaces/embedded/projects/pico-sdk/src/rp2_common/hardware_irq/irq.c.obj
 *fill*         0x10004567        0x1 
 .rodata.irq_set_exclusive_handler.str1.4
                0x10004568       0x36 CMakeFiles/display_fonts_demo.dir/C_/workspaces/embedded/projects/pico-sdk/src/rp2_common/hardware_irq/irq.c.obj
 *fill*         0x1000459e        0x2 
 .rodata.irq_add_shared_handler.str1.4
                0x100045a0       0xd9 CMakeFiles/display_fonts_demo.dir/C_/workspaces/embedded/projects/pico-sdk/src/rp2_common/hardware_irq/irq.c.obj
 *fill*         0x10004679        0x3 
 .rodata.irq_remove_handler.str1.4
                0x1000467c       0x2a CMakeFiles/display_fonts_demo.dir/C_/workspaces/embedded/projects/pico-sdk/src/rp2_common/hardware_irq/irq.c.obj
 *fill*         0x100046a6        0x2 
 .rodata.irq_add_tail_to_free_list.str1.4
                0x100046a8       0x32 CMakeFiles/display_fonts_demo.dir/C_/workspaces/embedded/projects/pico-sdk/src/rp2_common/hardware_irq/irq.c.obj
                                 0x3a (size before relaxing)
 *fill*         0x100046da        0x2 
 .rodata.__func__.0
                0x100046dc       0x1a CMakeFiles/display_fonts_demo.dir/C_/workspaces/embedded/projects/pico-sdk/src/rp2_common/hardware_irq/irq.c.obj
 *fill*         0x100046f6        0x2 
 .rodata.__func__.1
                0x100046f8       0x17 CMakeFiles/display_fonts_demo.dir/C_/workspaces/embedded/projects/pico-sdk/src/rp2_common/hardware_irq/irq.c.obj
 *fill*         0x1000470f        0x1 
 .rodata.__func__.2
                0x10004710       0x13 CMakeFiles/display_fonts_demo.dir/C_/workspaces/embedded/projects/pico-sdk/src/rp2_common/hardware_irq/irq.c.obj
 *fill*         0x10004723        0x1 
 .rodata.__func__.3
                0x10004724        0xc CMakeFiles/display_fonts_demo.dir/C_/workspaces/embedded/projects/pico-sdk/src/rp2_common/hardware_irq/irq.c.obj
 .rodata.__func__.4
                0x10004730        0xf CMakeFiles/display_fonts_demo.dir/C_/workspaces/embedded/projects/pico-sdk/src/rp2_common/hardware_irq/irq.c.obj
 *fill*         0x1000473f        0x1 
 .rodata.__func__.6
                0x10004740       0x1a CMakeFiles/display_fonts_demo.dir/C_/workspaces/embedded/projects/pico-sdk/src/rp2_common/hardware_irq/irq.c.obj
 *fill*         0x1000475a        0x2 
 .rodata.pll_init.str1.4
                0x1000475c       0xe7 CMakeFiles/display_fonts_demo.dir/C_/workspaces/embedded/projects/pico-sdk/src/rp2_common/hardware_pll/pll.c.obj
 *fill*         0x10004843        0x1 
 .rodata.__func__.0
                0x10004844        0x9 CMakeFiles/display_fonts_demo.dir/C_/workspaces/embedded/projects/pico-sdk/src/rp2_common/hardware_pll/pll.c.obj
 *fill*         0x1000484d        0x3 
 .rodata._ftoa.str1.4
                0x10004850       0x15 CMakeFiles/display_fonts_demo.dir/C_/workspaces/embedded/projects/pico-sdk/src/rp2_common/pico_printf/printf.c.obj
 *fill*         0x10004865        0x3 
 .rodata._vsnprintf
                0x10004868      0x1e0 CMakeFiles/display_fonts_demo.dir/C_/workspaces/embedded/projects/pico-sdk/src/rp2_common/pico_printf/printf.c.obj
 .rodata.pow10.0
                0x10004a48       0x50 CMakeFiles/display_fonts_demo.dir/C_/workspaces/embedded/projects/pico-sdk/src/rp2_common/pico_printf/printf.c.obj
 .rodata.__aeabi_double_init.str1.4
                0x10004a98       0xb6 CMakeFiles/display_fonts_demo.dir/C_/workspaces/embedded/projects/pico-sdk/src/rp2_common/pico_double/double_init_rom.c.obj
 *fill*         0x10004b4e        0x2 
 .rodata.__func__.0
                0x10004b50       0x14 CMakeFiles/display_fonts_demo.dir/C_/workspaces/embedded/projects/pico-sdk/src/rp2_common/pico_double/double_init_rom.c.obj
 .rodata.__aeabi_float_init.str1.4
                0x10004b64       0x88 CMakeFiles/display_fonts_demo.dir/C_/workspaces/embedded/projects/pico-sdk/src/rp2_common/pico_float/float_init_rom.c.obj
                                 0x8c (size before relaxing)
 .rodata.__func__.0
                0x10004bec       0x13 CMakeFiles/display_fonts_demo.dir/C_/workspaces/embedded/projects/pico-sdk/src/rp2_common/pico_float/float_init_rom.c.obj
 *fill*         0x10004bff        0x1 
 .rodata.str1.4
                0x10004c00       0x34 CMakeFiles/display_fonts_demo.dir/C_/workspaces/embedded/projects/pico-sdk/src/rp2_common/pico_standard_link/binary_info.c.obj
 .rodata.__bi_44
                0x10004c34        0xc CMakeFiles/display_fonts_demo.dir/C_/workspaces/embedded/projects/pico-sdk/src/rp2_common/pico_standard_link/binary_info.c.obj
 .rodata.__bi_75
                0x10004c40        0xc CMakeFiles/display_fonts_demo.dir/C_/workspaces/embedded/projects/pico-sdk/src/rp2_common/pico_standard_link/binary_info.c.obj
 .rodata.__bi_81
                0x10004c4c        0xc CMakeFiles/display_fonts_demo.dir/C_/workspaces/embedded/projects/pico-sdk/src/rp2_common/pico_standard_link/binary_info.c.obj
 .rodata.crlf_str.3
                0x10004c58        0x2 CMakeFiles/display_fonts_demo.dir/C_/workspaces/embedded/projects/pico-sdk/src/rp2_common/pico_stdio/stdio.c.obj
 *fill*         0x10004c5a        0x2 
 .rodata.str1.4
                0x10004c5c        0xb CMakeFiles/display_fonts_demo.dir/__/mod_display_ic/src/module.c.obj
 *fill*         0x10004c67        0x1 
 .rodata.light_core_init.str1.4
                0x10004c68       0x19 CMakeFiles/display_fonts_demo.dir/__/mod_light_core/src/module.c.obj
 *fill*         0x10004c81        0x3 
 .rodata.str1.4
                0x10004c84        0xa CMakeFiles/display_fonts_demo.dir/__/mod_light_core/src/module.c.obj
 *fill*         0x10004c8e        0x2 
 .rodata._light_board_log_handler.str1.4
                0x10004c90       0x11 CMakeFiles/display_fonts_demo.dir/__/__/board/rpi_pico/board.c.obj
                0x10004ca4                . = ALIGN (0x4)
 *fill*         0x10004ca1        0x3 
 *(SORT_BY_ALIGNMENT(SORT_BY_NAME(.flashdata*)))
                0x10004ca4                . = ALIGN (0x4)

.rel.dyn        0x10004ca4        0x0
 .rel.iplt      0x10004ca4        0x0 c:/workspaces/embedded/tools/gcc-arm-none-eabi-10.3-2021.07/bin/../lib/gcc/arm-none-eabi/10.3.1/thumb/v6-m/nofp/crtbegin.o

.ARM.extab
 *(.ARM.extab* .gnu.linkonce.armextab.*)
                0x10004ca4                __exidx_start = .

.ARM.exidx
 *(.ARM.exidx* .gnu.linkonce.armexidx.*)
                0x10004ca4                __exidx_end = .
                0x10004ca4                . = ALIGN (0x4)
                0x10004ca4                __binary_info_start = .

.binary_info    0x10004ca4       0x18
 *(.binary_info.keep.*)
 .binary_info.keep.__bi_ptr22
                0x10004ca4        0x4 CMakeFiles/display_fonts_demo.dir/C_/workspaces/embedded/projects/pico-sdk/src/rp2_common/pico_standard_link/binary_info.c.obj
 .binary_info.keep.__bi_ptr30
                0x10004ca8        0x4 CMakeFiles/display_fonts_demo.dir/C_/workspaces/embedded/projects/pico-sdk/src/rp2_common/pico_standard_link/binary_info.c.obj
 .binary_info.keep.__bi_ptr44
                0x10004cac        0x4 CMakeFiles/display_fonts_demo.dir/C_/workspaces/embedded/projects/pico-sdk/src/rp2_common/pico_standard_link/binary_info.c.obj
 .binary_info.keep.__bi_ptr50
                0x10004cb0        0x4 CMakeFiles/display_fonts_demo.dir/C_/workspaces/embedded/projects/pico-sdk/src/rp2_common/pico_standard_link/binary_info.c.obj
 .binary_info.keep.__bi_ptr75
                0x10004cb4        0x4 CMakeFiles/display_fonts_demo.dir/C_/workspaces/embedded/projects/pico-sdk/src/rp2_common/pico_standard_link/binary_info.c.obj
 .binary_info.keep.__bi_ptr81
                0x10004cb8        0x4 CMakeFiles/display_fonts_demo.dir/C_/workspaces/embedded/projects/pico-sdk/src/rp2_common/pico_standard_link/binary_info.c.obj
 *(.binary_info.*)
                0x10004cbc                __binary_info_end = .
                0x10004cbc                . = ALIGN (0x4)
                0x10004cbc                __etext = .

.ram_vector_table
                0x20000000       0xc0
 *(.ram_vector_table)
 .ram_vector_table
                0x20000000       0xc0 CMakeFiles/display_fonts_demo.dir/C_/workspaces/embedded/projects/pico-sdk/src/rp2_common/pico_runtime/runtime.c.obj
                0x20000000                ram_vector_table

.data           0x200000c0      0x4a0 load address 0x10004cbc
                0x200000c0                __data_start__ = .
 *(vtable)
 *(.time_critical*)
 .time_critical.mutex_enter_blocking
                0x200000c0       0x94 CMakeFiles/display_fonts_demo.dir/C_/workspaces/embedded/projects/pico-sdk/src/common/pico_sync/mutex.c.obj
                0x200000c0                mutex_enter_blocking
 .time_critical.mutex_try_enter
                0x20000154       0x5a CMakeFiles/display_fonts_demo.dir/C_/workspaces/embedded/projects/pico-sdk/src/common/pico_sync/mutex.c.obj
                0x20000154                mutex_try_enter
 *fill*         0x200001ae        0x2 
 .time_critical.mutex_exit
                0x200001b0       0x94 CMakeFiles/display_fonts_demo.dir/C_/workspaces/embedded/projects/pico-sdk/src/common/pico_sync/mutex.c.obj
                0x200001b0                mutex_exit
 *(.text*)
 .text          0x20000244        0x4 c:/workspaces/embedded/tools/gcc-arm-none-eabi-10.3-2021.07/bin/../lib/gcc/arm-none-eabi/10.3.1/thumb/v6-m/nofp\libgcc.a(_dvmd_tls.o)
                0x20000244                __aeabi_idiv0
                0x20000244                __aeabi_ldiv0
 .text.__stub   0x20000248       0x10 linker stubs
                0x20000258                . = ALIGN (0x4)
 *(.rodata*)
                0x20000258                . = ALIGN (0x4)
 *(.data*)
 .data.striped_spin_lock_num
                0x20000258        0x1 CMakeFiles/display_fonts_demo.dir/C_/workspaces/embedded/projects/pico-sdk/src/rp2_common/hardware_sync/sync.c.obj
 *fill*         0x20000259        0x3 
 .data.default_alarm_pool
                0x2000025c       0x18 CMakeFiles/display_fonts_demo.dir/C_/workspaces/embedded/projects/pico-sdk/src/common/pico_time/time.c.obj
 .data.default_alarm_pool_heap
                0x20000274       0x10 CMakeFiles/display_fonts_demo.dir/C_/workspaces/embedded/projects/pico-sdk/src/common/pico_time/time.c.obj
 .data          0x20000284       0x48 CMakeFiles/display_fonts_demo.dir/C_/workspaces/embedded/projects/pico-sdk/src/rp2_common/hardware_irq/irq_handler_chain.S.obj
                0x20000284                irq_handler_chain_slots
                0x200002b4                irq_handler_chain_first_slot
                0x200002be                irq_handler_chain_remove_tail
 *fill*         0x200002cc        0x4 
 .data.aeabi_bits_funcs
                0x200002d0       0x10 CMakeFiles/display_fonts_demo.dir/C_/workspaces/embedded/projects/pico-sdk/src/rp2_common/pico_bit_ops/bit_ops_aeabi.S.obj
                0x200002d0                aeabi_bits_funcs
                0x200002e0                aeabi_bits_funcs_end
 .data.aeabi_mem_funcs
                0x200002e0       0x10 CMakeFiles/display_fonts_demo.dir/C_/workspaces/embedded/projects/pico-sdk/src/rp2_common/pico_mem_ops/mem_ops_aeabi.S.obj
                0x200002e0                aeabi_mem_funcs
                0x200002f0                aeabi_mem_funcs_end
 .data.component_type_display_ic
                0x200002f0        0xc CMakeFiles/display_fonts_demo.dir/__/mod_display_ic/src/module.c.obj
 .data.this_module
                0x200002fc      0x118 CMakeFiles/display_fonts_demo.dir/__/mod_display_ic/src/module.c.obj
 .data.component_type_mainboard
                0x20000414        0xc CMakeFiles/display_fonts_demo.dir/__/mod_light_core/src/module.c.obj
 .data.this_module
                0x20000420      0x118 CMakeFiles/display_fonts_demo.dir/__/mod_light_core/src/module.c.obj
 .data.default_logger
                0x20000538        0x4 CMakeFiles/display_fonts_demo.dir/__/mod_light_core/src/log.c.obj
                0x2000053c                . = ALIGN (0x4)
 *(.after_data.*)
                0x2000053c                . = ALIGN (0x4)
                0x2000053c                PROVIDE (__mutex_array_start = .)
 *(SORT_BY_NAME(.mutex_array.*))
 *(.mutex_array)
 .mutex_array   0x2000053c        0x8 CMakeFiles/display_fonts_demo.dir/C_/workspaces/embedded/projects/pico-sdk/src/rp2_common/pico_stdio/stdio.c.obj
                0x20000544                PROVIDE (__mutex_array_end = .)
                0x20000544                . = ALIGN (0x4)
                0x20000544                PROVIDE (__preinit_array_start = .)
 *(SORT_BY_NAME(.preinit_array.*))
 .preinit_array.00001
                0x20000544        0x4 CMakeFiles/display_fonts_demo.dir/C_/workspaces/embedded/projects/pico-sdk/src/rp2_common/pico_mem_ops/mem_ops_aeabi.S.obj
 .preinit_array.00010
                0x20000548        0x4 CMakeFiles/display_fonts_demo.dir/C_/workspaces/embedded/projects/pico-sdk/src/rp2_common/pico_bit_ops/bit_ops_aeabi.S.obj
 .preinit_array.00020
                0x2000054c        0x4 CMakeFiles/display_fonts_demo.dir/C_/workspaces/embedded/projects/pico-sdk/src/rp2_common/pico_double/double_aeabi.S.obj
 .preinit_array.00020
                0x20000550        0x4 CMakeFiles/display_fonts_demo.dir/C_/workspaces/embedded/projects/pico-sdk/src/rp2_common/pico_float/float_aeabi.S.obj
 *(.preinit_array)
                0x20000554                PROVIDE (__preinit_array_end = .)
                0x20000554                . = ALIGN (0x4)
                0x20000554                PROVIDE (__init_array_start = .)
 *(SORT_BY_NAME(.init_array.*))
 *(.init_array)
 .init_array    0x20000554        0x4 c:/workspaces/embedded/tools/gcc-arm-none-eabi-10.3-2021.07/bin/../lib/gcc/arm-none-eabi/10.3.1/thumb/v6-m/nofp/crtbegin.o
 .init_array    0x20000558        0x4 CMakeFiles/display_fonts_demo.dir/__/mod_display_ic/src/module.c.obj
 .init_array    0x2000055c        0x4 CMakeFiles/display_fonts_demo.dir/__/mod_light_core/src/module.c.obj
                0x20000560                PROVIDE (__init_array_end = .)
                0x20000560                . = ALIGN (0x4)
                [!provide]                PROVIDE (__fini_array_start = .)
 *(SORT_BY_NAME(.fini_array.*))
 *(.fini_array)
                [!provide]                PROVIDE (__fini_array_end = .)
 *(.jcr)
                0x20000560                . = ALIGN (0x4)
                0x20000560                __data_end__ = .

.igot.plt       0x20000560        0x0 load address 0x1000515c
 .igot.plt      0x20000560        0x0 c:/workspaces/embedded/tools/gcc-arm-none-eabi-10.3-2021.07/bin/../lib/gcc/arm-none-eabi/10.3.1/thumb/v6-m/nofp/crtbegin.o

.uninitialized_data
                0x20000560        0x0 load address 0x1000515c
                0x20000560                . = ALIGN (0x4)
 *(.uninitialized_data*)

.scratch_x      0x20040000        0x0 load address 0x1000515c
                0x20040000                __scratch_x_start__ = .
 *(.scratch_x.*)
                0x20040000                . = ALIGN (0x4)
                0x20040000                __scratch_x_end__ = .
                0x1000515c                __scratch_x_source__ = LOADADDR (.scratch_x)

.scratch_y      0x20041000        0x0 load address 0x1000515c
                0x20041000                __scratch_y_start__ = .
 *(.scratch_y.*)
                0x20041000                . = ALIGN (0x4)
                0x20041000                __scratch_y_end__ = .
                0x1000515c                __scratch_y_source__ = LOADADDR (.scratch_y)

.bss            0x20000560      0x914
                0x20000560                . = ALIGN (0x4)
                0x20000560                __bss_start__ = .
 *(SORT_BY_ALIGNMENT(SORT_BY_NAME(.bss*)))
 .bss.default_alarm_pool_entries
                0x20000560      0x100 CMakeFiles/display_fonts_demo.dir/C_/workspaces/embedded/projects/pico-sdk/src/common/pico_time/time.c.obj
 .bss           0x20000660       0x1c c:/workspaces/embedded/tools/gcc-arm-none-eabi-10.3-2021.07/bin/../lib/gcc/arm-none-eabi/10.3.1/thumb/v6-m/nofp/crtbegin.o
 .bss._light_modules
                0x2000067c      0x400 CMakeFiles/display_fonts_demo.dir/__/mod_light_core/src/module.c.obj
                0x2000067c                _light_modules
 .bss.alarm_callbacks
                0x20000a7c       0x10 CMakeFiles/display_fonts_demo.dir/C_/workspaces/embedded/projects/pico-sdk/src/rp2_common/hardware_timer/timer.c.obj
 .bss.buffer.0  0x20000a8c       0x80 CMakeFiles/display_fonts_demo.dir/__/mod_light_core/src/log.c.obj
 .bss.configured_freq
                0x20000b0c       0x28 CMakeFiles/display_fonts_demo.dir/C_/workspaces/embedded/projects/pico-sdk/src/rp2_common/hardware_clocks/clocks.c.obj
 .bss.default_alarm_pool_entry_ids_high
                0x20000b34       0x10 CMakeFiles/display_fonts_demo.dir/C_/workspaces/embedded/projects/pico-sdk/src/common/pico_time/time.c.obj
 .bss.default_alarm_pool_heap_nodes
                0x20000b44       0x30 CMakeFiles/display_fonts_demo.dir/C_/workspaces/embedded/projects/pico-sdk/src/common/pico_time/time.c.obj
 .bss.drivers   0x20000b74        0x4 CMakeFiles/display_fonts_demo.dir/C_/workspaces/embedded/projects/pico-sdk/src/rp2_common/pico_stdio/stdio.c.obj
 .bss.filter    0x20000b78        0x4 CMakeFiles/display_fonts_demo.dir/C_/workspaces/embedded/projects/pico-sdk/src/rp2_common/pico_stdio/stdio.c.obj
 .bss.light_component_type_table
                0x20000b7c       0x40 CMakeFiles/display_fonts_demo.dir/__/mod_light_core/src/module.c.obj
 .bss.pools     0x20000bbc       0x10 CMakeFiles/display_fonts_demo.dir/C_/workspaces/embedded/projects/pico-sdk/src/common/pico_time/time.c.obj
 .bss.sd_table  0x20000bcc      0x100 CMakeFiles/display_fonts_demo.dir/C_/workspaces/embedded/projects/pico-sdk/src/rp2_common/pico_double/double_init_rom.c.obj
                0x20000bcc                sd_table
 .bss.sf_clz_func
                0x20000ccc        0x4 CMakeFiles/display_fonts_demo.dir/C_/workspaces/embedded/projects/pico-sdk/src/rp2_common/pico_float/float_init_rom.c.obj
                0x20000ccc                sf_clz_func
 .bss.sf_table  0x20000cd0      0x100 CMakeFiles/display_fonts_demo.dir/C_/workspaces/embedded/projects/pico-sdk/src/rp2_common/pico_float/float_init_rom.c.obj
                0x20000cd0                sf_table
 .bss.sleep_notifier
                0x20000dd0        0x4 CMakeFiles/display_fonts_demo.dir/C_/workspaces/embedded/projects/pico-sdk/src/common/pico_time/time.c.obj
 .bss.target_hi
                0x20000dd4       0x10 CMakeFiles/display_fonts_demo.dir/C_/workspaces/embedded/projects/pico-sdk/src/rp2_common/hardware_timer/timer.c.obj
 .bss.this_app  0x20000de4       0x88 CMakeFiles/display_fonts_demo.dir/__/mod_light_core/src/module.c.obj
 .bss._light_module_count
                0x20000e6c        0x1 CMakeFiles/display_fonts_demo.dir/__/mod_light_core/src/module.c.obj
                0x20000e6c                _light_module_count
 .bss.claimed   0x20000e6d        0x1 CMakeFiles/display_fonts_demo.dir/C_/workspaces/embedded/projects/pico-sdk/src/rp2_common/hardware_timer/timer.c.obj
 .bss.irq_hander_chain_free_slot_head
                0x20000e6e        0x1 CMakeFiles/display_fonts_demo.dir/C_/workspaces/embedded/projects/pico-sdk/src/rp2_common/hardware_irq/irq.c.obj
 .bss.light_component_type_count
                0x20000e6f        0x1 CMakeFiles/display_fonts_demo.dir/__/mod_light_core/src/module.c.obj
 .bss.timer_callbacks_pending
                0x20000e70        0x1 CMakeFiles/display_fonts_demo.dir/C_/workspaces/embedded/projects/pico-sdk/src/rp2_common/hardware_timer/timer.c.obj
 *(COMMON)
                0x20000e74                . = ALIGN (0x4)
 *fill*         0x20000e71        0x3 
                0x20000e74                __bss_end__ = .

.heap           0x20000e74      0x800
                0x20000e74                __end__ = .
                0x20000e74                end = __end__
 *(.heap*)
 .heap          0x20000e74      0x800 CMakeFiles/display_fonts_demo.dir/C_/workspaces/embedded/projects/pico-sdk/src/rp2_common/pico_standard_link/crt0.S.obj
                0x20001674                __HeapLimit = .

.stack1_dummy   0x20040000        0x0
 *(.stack1*)

.stack_dummy    0x20041000      0x800
 *(.stack*)
 .stack         0x20041000      0x800 CMakeFiles/display_fonts_demo.dir/C_/workspaces/embedded/projects/pico-sdk/src/rp2_common/pico_standard_link/crt0.S.obj

.flash_end      0x1000515c        0x0
                0x1000515c                __flash_binary_end = .
                0x20040000                __StackLimit = (ORIGIN (RAM) + LENGTH (RAM))
                0x20041000                __StackOneTop = (ORIGIN (SCRATCH_X) + LENGTH (SCRATCH_X))
                0x20042000                __StackTop = (ORIGIN (SCRATCH_Y) + LENGTH (SCRATCH_Y))
                0x20041000                __StackOneBottom = (__StackOneTop - SIZEOF (.stack1_dummy))
                0x20041800                __StackBottom = (__StackTop - SIZEOF (.stack_dummy))
                0x20042000                PROVIDE (__stack = __StackTop)
                0x00000001                ASSERT ((__StackLimit >= __HeapLimit), region RAM overflowed)
                0x00000001                ASSERT (((__binary_info_header_end - __logical_binary_start) <= 0x100), Binary info must be in first 256 bytes of the binary)
LOAD CMakeFiles/display_fonts_demo.dir/demo/main.c.obj
LOAD CMakeFiles/display_fonts_demo.dir/src/font8.c.obj
LOAD CMakeFiles/display_fonts_demo.dir/src/font12.c.obj
LOAD CMakeFiles/display_fonts_demo.dir/src/font12CN.c.obj
LOAD CMakeFiles/display_fonts_demo.dir/src/font16.c.obj
LOAD CMakeFiles/display_fonts_demo.dir/src/font20.c.obj
LOAD CMakeFiles/display_fonts_demo.dir/src/font24.c.obj
LOAD CMakeFiles/display_fonts_demo.dir/src/font24CN.c.obj
LOAD CMakeFiles/display_fonts_demo.dir/C_/workspaces/embedded/projects/pico-sdk/src/rp2_common/pico_stdlib/stdlib.c.obj
LOAD CMakeFiles/display_fonts_demo.dir/C_/workspaces/embedded/projects/pico-sdk/src/rp2_common/hardware_gpio/gpio.c.obj
LOAD CMakeFiles/display_fonts_demo.dir/C_/workspaces/embedded/projects/pico-sdk/src/rp2_common/hardware_claim/claim.c.obj
LOAD CMakeFiles/display_fonts_demo.dir/C_/workspaces/embedded/projects/pico-sdk/src/rp2_common/pico_platform/platform.c.obj
LOAD CMakeFiles/display_fonts_demo.dir/C_/workspaces/embedded/projects/pico-sdk/src/rp2_common/hardware_sync/sync.c.obj
LOAD CMakeFiles/display_fonts_demo.dir/C_/workspaces/embedded/projects/pico-sdk/src/rp2_common/hardware_uart/uart.c.obj
LOAD CMakeFiles/display_fonts_demo.dir/C_/workspaces/embedded/projects/pico-sdk/src/rp2_common/hardware_divider/divider.S.obj
LOAD CMakeFiles/display_fonts_demo.dir/C_/workspaces/embedded/projects/pico-sdk/src/common/pico_time/time.c.obj
LOAD CMakeFiles/display_fonts_demo.dir/C_/workspaces/embedded/projects/pico-sdk/src/common/pico_time/timeout_helper.c.obj
LOAD CMakeFiles/display_fonts_demo.dir/C_/workspaces/embedded/projects/pico-sdk/src/rp2_common/hardware_timer/timer.c.obj
LOAD CMakeFiles/display_fonts_demo.dir/C_/workspaces/embedded/projects/pico-sdk/src/common/pico_sync/sem.c.obj
LOAD CMakeFiles/display_fonts_demo.dir/C_/workspaces/embedded/projects/pico-sdk/src/common/pico_sync/lock_core.c.obj
LOAD CMakeFiles/display_fonts_demo.dir/C_/workspaces/embedded/projects/pico-sdk/src/common/pico_sync/mutex.c.obj
LOAD CMakeFiles/display_fonts_demo.dir/C_/workspaces/embedded/projects/pico-sdk/src/common/pico_sync/critical_section.c.obj
LOAD CMakeFiles/display_fonts_demo.dir/C_/workspaces/embedded/projects/pico-sdk/src/common/pico_util/datetime.c.obj
LOAD CMakeFiles/display_fonts_demo.dir/C_/workspaces/embedded/projects/pico-sdk/src/common/pico_util/pheap.c.obj
LOAD CMakeFiles/display_fonts_demo.dir/C_/workspaces/embedded/projects/pico-sdk/src/common/pico_util/queue.c.obj
LOAD CMakeFiles/display_fonts_demo.dir/C_/workspaces/embedded/projects/pico-sdk/src/rp2_common/pico_runtime/runtime.c.obj
LOAD CMakeFiles/display_fonts_demo.dir/C_/workspaces/embedded/projects/pico-sdk/src/rp2_common/hardware_clocks/clocks.c.obj
LOAD CMakeFiles/display_fonts_demo.dir/C_/workspaces/embedded/projects/pico-sdk/src/rp2_common/hardware_irq/irq.c.obj
LOAD CMakeFiles/display_fonts_demo.dir/C_/workspaces/embedded/projects/pico-sdk/src/rp2_common/hardware_irq/irq_handler_chain.S.obj
LOAD CMakeFiles/display_fonts_demo.dir/C_/workspaces/embedded/projects/pico-sdk/src/rp2_common/hardware_pll/pll.c.obj
LOAD CMakeFiles/display_fonts_demo.dir/C_/workspaces/embedded/projects/pico-sdk/src/rp2_common/hardware_vreg/vreg.c.obj
LOAD CMakeFiles/display_fonts_demo.dir/C_/workspaces/embedded/projects/pico-sdk/src/rp2_common/hardware_watchdog/watchdog.c.obj
LOAD CMakeFiles/display_fonts_demo.dir/C_/workspaces/embedded/projects/pico-sdk/src/rp2_common/hardware_xosc/xosc.c.obj
LOAD CMakeFiles/display_fonts_demo.dir/C_/workspaces/embedded/projects/pico-sdk/src/rp2_common/pico_printf/printf.c.obj
LOAD CMakeFiles/display_fonts_demo.dir/C_/workspaces/embedded/projects/pico-sdk/src/rp2_common/pico_bit_ops/bit_ops_aeabi.S.obj
LOAD CMakeFiles/display_fonts_demo.dir/C_/workspaces/embedded/projects/pico-sdk/src/rp2_common/pico_bootrom/bootrom.c.obj
LOAD CMakeFiles/display_fonts_demo.dir/C_/workspaces/embedded/projects/pico-sdk/src/rp2_common/pico_divider/divider.S.obj
LOAD CMakeFiles/display_fonts_demo.dir/C_/workspaces/embedded/projects/pico-sdk/src/rp2_common/pico_double/double_aeabi.S.obj
LOAD CMakeFiles/display_fonts_demo.dir/C_/workspaces/embedded/projects/pico-sdk/src/rp2_common/pico_double/double_init_rom.c.obj
LOAD CMakeFiles/display_fonts_demo.dir/C_/workspaces/embedded/projects/pico-sdk/src/rp2_common/pico_double/double_math.c.obj
LOAD CMakeFiles/display_fonts_demo.dir/C_/workspaces/embedded/projects/pico-sdk/src/rp2_common/pico_double/double_v1_rom_shim.S.obj
LOAD CMakeFiles/display_fonts_demo.dir/C_/workspaces/embedded/projects/pico-sdk/src/rp2_common/pico_int64_ops/pico_int64_ops_aeabi.S.obj
LOAD CMakeFiles/display_fonts_demo.dir/C_/workspaces/embedded/projects/pico-sdk/src/rp2_common/pico_float/float_aeabi.S.obj
LOAD CMakeFiles/display_fonts_demo.dir/C_/workspaces/embedded/projects/pico-sdk/src/rp2_common/pico_float/float_init_rom.c.obj
LOAD CMakeFiles/display_fonts_demo.dir/C_/workspaces/embedded/projects/pico-sdk/src/rp2_common/pico_float/float_math.c.obj
LOAD CMakeFiles/display_fonts_demo.dir/C_/workspaces/embedded/projects/pico-sdk/src/rp2_common/pico_float/float_v1_rom_shim.S.obj
LOAD CMakeFiles/display_fonts_demo.dir/C_/workspaces/embedded/projects/pico-sdk/src/rp2_common/pico_malloc/pico_malloc.c.obj
LOAD CMakeFiles/display_fonts_demo.dir/C_/workspaces/embedded/projects/pico-sdk/src/rp2_common/pico_mem_ops/mem_ops_aeabi.S.obj
LOAD CMakeFiles/display_fonts_demo.dir/C_/workspaces/embedded/projects/pico-sdk/src/rp2_common/pico_standard_link/crt0.S.obj
LOAD CMakeFiles/display_fonts_demo.dir/C_/workspaces/embedded/projects/pico-sdk/src/rp2_common/pico_standard_link/new_delete.cpp.obj
LOAD CMakeFiles/display_fonts_demo.dir/C_/workspaces/embedded/projects/pico-sdk/src/rp2_common/pico_standard_link/binary_info.c.obj
LOAD CMakeFiles/display_fonts_demo.dir/C_/workspaces/embedded/projects/pico-sdk/src/rp2_common/pico_stdio/stdio.c.obj
LOAD CMakeFiles/display_fonts_demo.dir/C_/workspaces/embedded/projects/pico-sdk/src/rp2_common/pico_stdio_uart/stdio_uart.c.obj
LOAD CMakeFiles/display_fonts_demo.dir/__/mod_display_ic/src/module.c.obj
LOAD CMakeFiles/display_fonts_demo.dir/__/mod_light_core/src/module.c.obj
LOAD CMakeFiles/display_fonts_demo.dir/__/mod_light_core/src/log.c.obj
LOAD CMakeFiles/display_fonts_demo.dir/__/__/board/rpi_pico/board.c.obj
LOAD CMakeFiles/display_fonts_demo.dir/C_/workspaces/embedded/projects/pico-sdk/src/rp2_common/hardware_spi/spi.c.obj
LOAD CMakeFiles/display_fonts_demo.dir/C_/workspaces/embedded/projects/pico-sdk/src/rp2_common/hardware_i2c/i2c.c.obj
LOAD C:\Users\alexf\AppData\Local\Temp\ccwkfqv3.o
LOAD c:/workspaces/embedded/tools/gcc-arm-none-eabi-10.3-2021.07/bin/../lib/gcc/arm-none-eabi/10.3.1/../../../../arm-none-eabi/lib/thumb/v6-m/nofp\libstdc++.a
LOAD c:/workspaces/embedded/tools/gcc-arm-none-eabi-10.3-2021.07/bin/../lib/gcc/arm-none-eabi/10.3.1/../../../../arm-none-eabi/lib/thumb/v6-m/nofp\libm.a
START GROUP
LOAD c:/workspaces/embedded/tools/gcc-arm-none-eabi-10.3-2021.07/bin/../lib/gcc/arm-none-eabi/10.3.1/thumb/v6-m/nofp\libgcc.a
LOAD c:/workspaces/embedded/tools/gcc-arm-none-eabi-10.3-2021.07/bin/../lib/gcc/arm-none-eabi/10.3.1/../../../../arm-none-eabi/lib/thumb/v6-m/nofp\libg.a
LOAD c:/workspaces/embedded/tools/gcc-arm-none-eabi-10.3-2021.07/bin/../lib/gcc/arm-none-eabi/10.3.1/../../../../arm-none-eabi/lib/thumb/v6-m/nofp\libc.a
END GROUP
START GROUP
LOAD c:/workspaces/embedded/tools/gcc-arm-none-eabi-10.3-2021.07/bin/../lib/gcc/arm-none-eabi/10.3.1/thumb/v6-m/nofp\libgcc.a
LOAD c:/workspaces/embedded/tools/gcc-arm-none-eabi-10.3-2021.07/bin/../lib/gcc/arm-none-eabi/10.3.1/../../../../arm-none-eabi/lib/thumb/v6-m/nofp\libc.a
LOAD c:/workspaces/embedded/tools/gcc-arm-none-eabi-10.3-2021.07/bin/../lib/gcc/arm-none-eabi/10.3.1/../../../../arm-none-eabi/lib/thumb/v6-m/nofp\libnosys.a
END GROUP
LOAD c:/workspaces/embedded/tools/gcc-arm-none-eabi-10.3-2021.07/bin/../lib/gcc/arm-none-eabi/10.3.1/thumb/v6-m/nofp/crtend.o
LOAD c:/workspaces/embedded/tools/gcc-arm-none-eabi-10.3-2021.07/bin/../lib/gcc/arm-none-eabi/10.3.1/thumb/v6-m/nofp/crtn.o
OUTPUT(display_fonts_demo.elf elf32-littlearm)
LOAD linker stubs

.ARM.attributes
                0x00000000       0x28
 .ARM.attributes
                0x00000000       0x1e c:/workspaces/embedded/tools/gcc-arm-none-eabi-10.3-2021.07/bin/../lib/gcc/arm-none-eabi/10.3.1/thumb/v6-m/nofp/crti.o
 .ARM.attributes
                0x0000001e       0x2c c:/workspaces/embedded/tools/gcc-arm-none-eabi-10.3-2021.07/bin/../lib/gcc/arm-none-eabi/10.3.1/thumb/v6-m/nofp/crtbegin.o
 .ARM.attributes
                0x0000004a       0x2c CMakeFiles/display_fonts_demo.dir/demo/main.c.obj
 .ARM.attributes
                0x00000076       0x2c CMakeFiles/display_fonts_demo.dir/C_/workspaces/embedded/projects/pico-sdk/src/rp2_common/hardware_claim/claim.c.obj
 .ARM.attributes
                0x000000a2       0x2c CMakeFiles/display_fonts_demo.dir/C_/workspaces/embedded/projects/pico-sdk/src/rp2_common/pico_platform/platform.c.obj
 .ARM.attributes
                0x000000ce       0x2c CMakeFiles/display_fonts_demo.dir/C_/workspaces/embedded/projects/pico-sdk/src/rp2_common/hardware_sync/sync.c.obj
 .ARM.attributes
                0x000000fa       0x2c CMakeFiles/display_fonts_demo.dir/C_/workspaces/embedded/projects/pico-sdk/src/common/pico_time/time.c.obj
 .ARM.attributes
                0x00000126       0x2c CMakeFiles/display_fonts_demo.dir/C_/workspaces/embedded/projects/pico-sdk/src/rp2_common/hardware_timer/timer.c.obj
 .ARM.attributes
                0x00000152       0x2c CMakeFiles/display_fonts_demo.dir/C_/workspaces/embedded/projects/pico-sdk/src/common/pico_sync/lock_core.c.obj
 .ARM.attributes
                0x0000017e       0x2c CMakeFiles/display_fonts_demo.dir/C_/workspaces/embedded/projects/pico-sdk/src/common/pico_sync/mutex.c.obj
 .ARM.attributes
                0x000001aa       0x2c CMakeFiles/display_fonts_demo.dir/C_/workspaces/embedded/projects/pico-sdk/src/common/pico_util/pheap.c.obj
 .ARM.attributes
                0x000001d6       0x2c CMakeFiles/display_fonts_demo.dir/C_/workspaces/embedded/projects/pico-sdk/src/rp2_common/pico_runtime/runtime.c.obj
 .ARM.attributes
                0x00000202       0x2c CMakeFiles/display_fonts_demo.dir/C_/workspaces/embedded/projects/pico-sdk/src/rp2_common/hardware_clocks/clocks.c.obj
 .ARM.attributes
                0x0000022e       0x2c CMakeFiles/display_fonts_demo.dir/C_/workspaces/embedded/projects/pico-sdk/src/rp2_common/hardware_irq/irq.c.obj
 .ARM.attributes
                0x0000025a       0x22 CMakeFiles/display_fonts_demo.dir/C_/workspaces/embedded/projects/pico-sdk/src/rp2_common/hardware_irq/irq_handler_chain.S.obj
 .ARM.attributes
                0x0000027c       0x2c CMakeFiles/display_fonts_demo.dir/C_/workspaces/embedded/projects/pico-sdk/src/rp2_common/hardware_pll/pll.c.obj
 .ARM.attributes
                0x000002a8       0x2c CMakeFiles/display_fonts_demo.dir/C_/workspaces/embedded/projects/pico-sdk/src/rp2_common/hardware_watchdog/watchdog.c.obj
 .ARM.attributes
                0x000002d4       0x2c CMakeFiles/display_fonts_demo.dir/C_/workspaces/embedded/projects/pico-sdk/src/rp2_common/hardware_xosc/xosc.c.obj
 .ARM.attributes
                0x00000300       0x2c CMakeFiles/display_fonts_demo.dir/C_/workspaces/embedded/projects/pico-sdk/src/rp2_common/pico_printf/printf.c.obj
 .ARM.attributes
                0x0000032c       0x22 CMakeFiles/display_fonts_demo.dir/C_/workspaces/embedded/projects/pico-sdk/src/rp2_common/pico_bit_ops/bit_ops_aeabi.S.obj
 .ARM.attributes
                0x0000034e       0x2c CMakeFiles/display_fonts_demo.dir/C_/workspaces/embedded/projects/pico-sdk/src/rp2_common/pico_bootrom/bootrom.c.obj
 .ARM.attributes
                0x0000037a       0x22 CMakeFiles/display_fonts_demo.dir/C_/workspaces/embedded/projects/pico-sdk/src/rp2_common/pico_divider/divider.S.obj
 .ARM.attributes
                0x0000039c       0x22 CMakeFiles/display_fonts_demo.dir/C_/workspaces/embedded/projects/pico-sdk/src/rp2_common/pico_double/double_aeabi.S.obj
 .ARM.attributes
                0x000003be       0x2c CMakeFiles/display_fonts_demo.dir/C_/workspaces/embedded/projects/pico-sdk/src/rp2_common/pico_double/double_init_rom.c.obj
 .ARM.attributes
                0x000003ea       0x22 CMakeFiles/display_fonts_demo.dir/C_/workspaces/embedded/projects/pico-sdk/src/rp2_common/pico_double/double_v1_rom_shim.S.obj
 .ARM.attributes
                0x0000040c       0x22 CMakeFiles/display_fonts_demo.dir/C_/workspaces/embedded/projects/pico-sdk/src/rp2_common/pico_float/float_aeabi.S.obj
 .ARM.attributes
                0x0000042e       0x2c CMakeFiles/display_fonts_demo.dir/C_/workspaces/embedded/projects/pico-sdk/src/rp2_common/pico_float/float_init_rom.c.obj
 .ARM.attributes
                0x0000045a       0x22 CMakeFiles/display_fonts_demo.dir/C_/workspaces/embedded/projects/pico-sdk/src/rp2_common/pico_float/float_v1_rom_shim.S.obj
 .ARM.attributes
                0x0000047c       0x22 CMakeFiles/display_fonts_demo.dir/C_/workspaces/embedded/projects/pico-sdk/src/rp2_common/pico_mem_ops/mem_ops_aeabi.S.obj
 .ARM.attributes
                0x0000049e       0x22 CMakeFiles/display_fonts_demo.dir/C_/workspaces/embedded/projects/pico-sdk/src/rp2_common/pico_standard_link/crt0.S.obj
 .ARM.attributes
                0x000004c0       0x32 CMakeFiles/display_fonts_demo.dir/C_/workspaces/embedded/projects/pico-sdk/src/rp2_common/pico_standard_link/binary_info.c.obj
 .ARM.attributes
                0x000004f2       0x2c CMakeFiles/display_fonts_demo.dir/C_/workspaces/embedded/projects/pico-sdk/src/rp2_common/pico_stdio/stdio.c.obj
 .ARM.attributes
                0x0000051e       0x2c CMakeFiles/display_fonts_demo.dir/__/mod_display_ic/src/module.c.obj
 .ARM.attributes
                0x0000054a       0x2c CMakeFiles/display_fonts_demo.dir/__/mod_light_core/src/module.c.obj
 .ARM.attributes
                0x00000576       0x2c CMakeFiles/display_fonts_demo.dir/__/mod_light_core/src/log.c.obj
 .ARM.attributes
                0x000005a2       0x2c CMakeFiles/display_fonts_demo.dir/__/__/board/rpi_pico/board.c.obj
 .ARM.attributes
                0x000005ce       0x22 C:\Users\alexf\AppData\Local\Temp\ccwkfqv3.o
 .ARM.attributes
                0x000005f0       0x1e c:/workspaces/embedded/tools/gcc-arm-none-eabi-10.3-2021.07/bin/../lib/gcc/arm-none-eabi/10.3.1/thumb/v6-m/nofp\libgcc.a(_dvmd_tls.o)
 .ARM.attributes
                0x0000060e       0x2c c:/workspaces/embedded/tools/gcc-arm-none-eabi-10.3-2021.07/bin/../lib/gcc/arm-none-eabi/10.3.1/../../../../arm-none-eabi/lib/thumb/v6-m/nofp\libg.a(lib_a-strlen-stub.o)

.comment        0x00000000       0x49
 .comment       0x00000000       0x49 CMakeFiles/display_fonts_demo.dir/demo/main.c.obj
                                 0x4a (size before relaxing)
 .comment       0x00000049       0x4a CMakeFiles/display_fonts_demo.dir/C_/workspaces/embedded/projects/pico-sdk/src/rp2_common/hardware_claim/claim.c.obj
 .comment       0x00000049       0x4a CMakeFiles/display_fonts_demo.dir/C_/workspaces/embedded/projects/pico-sdk/src/rp2_common/pico_platform/platform.c.obj
 .comment       0x00000049       0x4a CMakeFiles/display_fonts_demo.dir/C_/workspaces/embedded/projects/pico-sdk/src/rp2_common/hardware_sync/sync.c.obj
 .comment       0x00000049       0x4a CMakeFiles/display_fonts_demo.dir/C_/workspaces/embedded/projects/pico-sdk/src/common/pico_time/time.c.obj
 .comment       0x00000049       0x4a CMakeFiles/display_fonts_demo.dir/C_/workspaces/embedded/projects/pico-sdk/src/rp2_common/hardware_timer/timer.c.obj
 .comment       0x00000049       0x4a CMakeFiles/display_fonts_demo.dir/C_/workspaces/embedded/projects/pico-sdk/src/common/pico_sync/lock_core.c.obj
 .comment       0x00000049       0x4a CMakeFiles/display_fonts_demo.dir/C_/workspaces/embedded/projects/pico-sdk/src/common/pico_sync/mutex.c.obj
 .comment       0x00000049       0x4a CMakeFiles/display_fonts_demo.dir/C_/workspaces/embedded/projects/pico-sdk/src/common/pico_util/pheap.c.obj
 .comment       0x00000049       0x4a CMakeFiles/display_fonts_demo.dir/C_/workspaces/embedded/projects/pico-sdk/src/rp2_common/pico_runtime/runtime.c.obj
 .comment       0x00000049       0x4a CMakeFiles/display_fonts_demo.dir/C_/workspaces/embedded/projects/pico-sdk/src/rp2_common/hardware_clocks/clocks.c.obj
 .comment       0x00000049       0x4a CMakeFiles/display_fonts_demo.dir/C_/workspaces/embedded/projects/pico-sdk/src/rp2_common/hardware_irq/irq.c.obj
 .comment       0x00000049       0x4a CMakeFiles/display_fonts_demo.dir/C_/workspaces/embedded/projects/pico-sdk/src/rp2_common/hardware_pll/pll.c.obj
 .comment       0x00000049       0x4a CMakeFiles/display_fonts_demo.dir/C_/workspaces/embedded/projects/pico-sdk/src/rp2_common/hardware_watchdog/watchdog.c.obj
 .comment       0x00000049       0x4a CMakeFiles/display_fonts_demo.dir/C_/workspaces/embedded/projects/pico-sdk/src/rp2_common/hardware_xosc/xosc.c.obj
 .comment       0x00000049       0x4a CMakeFiles/display_fonts_demo.dir/C_/workspaces/embedded/projects/pico-sdk/src/rp2_common/pico_printf/printf.c.obj
 .comment       0x00000049       0x4a CMakeFiles/display_fonts_demo.dir/C_/workspaces/embedded/projects/pico-sdk/src/rp2_common/pico_bootrom/bootrom.c.obj
 .comment       0x00000049       0x4a CMakeFiles/display_fonts_demo.dir/C_/workspaces/embedded/projects/pico-sdk/src/rp2_common/pico_double/double_init_rom.c.obj
 .comment       0x00000049       0x4a CMakeFiles/display_fonts_demo.dir/C_/workspaces/embedded/projects/pico-sdk/src/rp2_common/pico_float/float_init_rom.c.obj
 .comment       0x00000049       0x4a CMakeFiles/display_fonts_demo.dir/C_/workspaces/embedded/projects/pico-sdk/src/rp2_common/pico_standard_link/binary_info.c.obj
 .comment       0x00000049       0x4a CMakeFiles/display_fonts_demo.dir/C_/workspaces/embedded/projects/pico-sdk/src/rp2_common/pico_stdio/stdio.c.obj
 .comment       0x00000049       0x4a CMakeFiles/display_fonts_demo.dir/__/mod_display_ic/src/module.c.obj
 .comment       0x00000049       0x4a CMakeFiles/display_fonts_demo.dir/__/mod_light_core/src/module.c.obj
 .comment       0x00000049       0x4a CMakeFiles/display_fonts_demo.dir/__/mod_light_core/src/log.c.obj
 .comment       0x00000049       0x4a CMakeFiles/display_fonts_demo.dir/__/__/board/rpi_pico/board.c.obj

.debug_info     0x00000000    0x11c48
 .debug_info    0x00000000      0x269 CMakeFiles/display_fonts_demo.dir/demo/main.c.obj
 .debug_info    0x00000269      0x6ba CMakeFiles/display_fonts_demo.dir/C_/workspaces/embedded/projects/pico-sdk/src/rp2_common/hardware_claim/claim.c.obj
 .debug_info    0x00000923      0x1e3 CMakeFiles/display_fonts_demo.dir/C_/workspaces/embedded/projects/pico-sdk/src/rp2_common/pico_platform/platform.c.obj
 .debug_info    0x00000b06      0x58e CMakeFiles/display_fonts_demo.dir/C_/workspaces/embedded/projects/pico-sdk/src/rp2_common/hardware_sync/sync.c.obj
 .debug_info    0x00001094     0x3b2f CMakeFiles/display_fonts_demo.dir/C_/workspaces/embedded/projects/pico-sdk/src/common/pico_time/time.c.obj
 .debug_info    0x00004bc3     0x1130 CMakeFiles/display_fonts_demo.dir/C_/workspaces/embedded/projects/pico-sdk/src/rp2_common/hardware_timer/timer.c.obj
 .debug_info    0x00005cf3      0x1a4 CMakeFiles/display_fonts_demo.dir/C_/workspaces/embedded/projects/pico-sdk/src/common/pico_sync/lock_core.c.obj
 .debug_info    0x00005e97     0x13b2 CMakeFiles/display_fonts_demo.dir/C_/workspaces/embedded/projects/pico-sdk/src/common/pico_sync/mutex.c.obj
 .debug_info    0x00007249     0x120c CMakeFiles/display_fonts_demo.dir/C_/workspaces/embedded/projects/pico-sdk/src/common/pico_util/pheap.c.obj
 .debug_info    0x00008455      0x9bc CMakeFiles/display_fonts_demo.dir/C_/workspaces/embedded/projects/pico-sdk/src/rp2_common/pico_runtime/runtime.c.obj
 .debug_info    0x00008e11      0xf56 CMakeFiles/display_fonts_demo.dir/C_/workspaces/embedded/projects/pico-sdk/src/rp2_common/hardware_clocks/clocks.c.obj
 .debug_info    0x00009d67     0x191a CMakeFiles/display_fonts_demo.dir/C_/workspaces/embedded/projects/pico-sdk/src/rp2_common/hardware_irq/irq.c.obj
 .debug_info    0x0000b681      0x509 CMakeFiles/display_fonts_demo.dir/C_/workspaces/embedded/projects/pico-sdk/src/rp2_common/hardware_pll/pll.c.obj
 .debug_info    0x0000bb8a      0x49c CMakeFiles/display_fonts_demo.dir/C_/workspaces/embedded/projects/pico-sdk/src/rp2_common/hardware_watchdog/watchdog.c.obj
 .debug_info    0x0000c026      0x1dd CMakeFiles/display_fonts_demo.dir/C_/workspaces/embedded/projects/pico-sdk/src/rp2_common/hardware_xosc/xosc.c.obj
 .debug_info    0x0000c203     0x1a5f CMakeFiles/display_fonts_demo.dir/C_/workspaces/embedded/projects/pico-sdk/src/rp2_common/pico_printf/printf.c.obj
 .debug_info    0x0000dc62       0x22 CMakeFiles/display_fonts_demo.dir/C_/workspaces/embedded/projects/pico-sdk/src/rp2_common/pico_bit_ops/bit_ops_aeabi.S.obj
 .debug_info    0x0000dc84      0x231 CMakeFiles/display_fonts_demo.dir/C_/workspaces/embedded/projects/pico-sdk/src/rp2_common/pico_bootrom/bootrom.c.obj
 .debug_info    0x0000deb5       0x22 CMakeFiles/display_fonts_demo.dir/C_/workspaces/embedded/projects/pico-sdk/src/rp2_common/pico_divider/divider.S.obj
 .debug_info    0x0000ded7       0x22 CMakeFiles/display_fonts_demo.dir/C_/workspaces/embedded/projects/pico-sdk/src/rp2_common/pico_double/double_aeabi.S.obj
 .debug_info    0x0000def9      0x2a0 CMakeFiles/display_fonts_demo.dir/C_/workspaces/embedded/projects/pico-sdk/src/rp2_common/pico_double/double_init_rom.c.obj
 .debug_info    0x0000e199       0x22 CMakeFiles/display_fonts_demo.dir/C_/workspaces/embedded/projects/pico-sdk/src/rp2_common/pico_double/double_v1_rom_shim.S.obj
 .debug_info    0x0000e1bb       0x22 CMakeFiles/display_fonts_demo.dir/C_/workspaces/embedded/projects/pico-sdk/src/rp2_common/pico_float/float_aeabi.S.obj
 .debug_info    0x0000e1dd      0x2e9 CMakeFiles/display_fonts_demo.dir/C_/workspaces/embedded/projects/pico-sdk/src/rp2_common/pico_float/float_init_rom.c.obj
 .debug_info    0x0000e4c6       0x22 CMakeFiles/display_fonts_demo.dir/C_/workspaces/embedded/projects/pico-sdk/src/rp2_common/pico_float/float_v1_rom_shim.S.obj
 .debug_info    0x0000e4e8       0x22 CMakeFiles/display_fonts_demo.dir/C_/workspaces/embedded/projects/pico-sdk/src/rp2_common/pico_mem_ops/mem_ops_aeabi.S.obj
 .debug_info    0x0000e50a       0x22 CMakeFiles/display_fonts_demo.dir/C_/workspaces/embedded/projects/pico-sdk/src/rp2_common/pico_standard_link/crt0.S.obj
 .debug_info    0x0000e52c      0x2c5 CMakeFiles/display_fonts_demo.dir/C_/workspaces/embedded/projects/pico-sdk/src/rp2_common/pico_standard_link/binary_info.c.obj
 .debug_info    0x0000e7f1     0x116b CMakeFiles/display_fonts_demo.dir/C_/workspaces/embedded/projects/pico-sdk/src/rp2_common/pico_stdio/stdio.c.obj
 .debug_info    0x0000f95c      0x2dd CMakeFiles/display_fonts_demo.dir/__/mod_display_ic/src/module.c.obj
 .debug_info    0x0000fc39      0x5bb CMakeFiles/display_fonts_demo.dir/__/mod_light_core/src/module.c.obj
 .debug_info    0x000101f4      0x25c CMakeFiles/display_fonts_demo.dir/__/mod_light_core/src/log.c.obj
 .debug_info    0x00010450     0x17f8 CMakeFiles/display_fonts_demo.dir/__/__/board/rpi_pico/board.c.obj

.debug_abbrev   0x00000000     0x3d27
 .debug_abbrev  0x00000000      0x141 CMakeFiles/display_fonts_demo.dir/demo/main.c.obj
 .debug_abbrev  0x00000141      0x2d6 CMakeFiles/display_fonts_demo.dir/C_/workspaces/embedded/projects/pico-sdk/src/rp2_common/hardware_claim/claim.c.obj
 .debug_abbrev  0x00000417       0xeb CMakeFiles/display_fonts_demo.dir/C_/workspaces/embedded/projects/pico-sdk/src/rp2_common/pico_platform/platform.c.obj
 .debug_abbrev  0x00000502      0x21b CMakeFiles/display_fonts_demo.dir/C_/workspaces/embedded/projects/pico-sdk/src/rp2_common/hardware_sync/sync.c.obj
 .debug_abbrev  0x0000071d      0x53c CMakeFiles/display_fonts_demo.dir/C_/workspaces/embedded/projects/pico-sdk/src/common/pico_time/time.c.obj
 .debug_abbrev  0x00000c59      0x37e CMakeFiles/display_fonts_demo.dir/C_/workspaces/embedded/projects/pico-sdk/src/rp2_common/hardware_timer/timer.c.obj
 .debug_abbrev  0x00000fd7      0x116 CMakeFiles/display_fonts_demo.dir/C_/workspaces/embedded/projects/pico-sdk/src/common/pico_sync/lock_core.c.obj
 .debug_abbrev  0x000010ed      0x37d CMakeFiles/display_fonts_demo.dir/C_/workspaces/embedded/projects/pico-sdk/src/common/pico_sync/mutex.c.obj
 .debug_abbrev  0x0000146a      0x297 CMakeFiles/display_fonts_demo.dir/C_/workspaces/embedded/projects/pico-sdk/src/common/pico_util/pheap.c.obj
 .debug_abbrev  0x00001701      0x35a CMakeFiles/display_fonts_demo.dir/C_/workspaces/embedded/projects/pico-sdk/src/rp2_common/pico_runtime/runtime.c.obj
 .debug_abbrev  0x00001a5b      0x372 CMakeFiles/display_fonts_demo.dir/C_/workspaces/embedded/projects/pico-sdk/src/rp2_common/hardware_clocks/clocks.c.obj
 .debug_abbrev  0x00001dcd      0x4a5 CMakeFiles/display_fonts_demo.dir/C_/workspaces/embedded/projects/pico-sdk/src/rp2_common/hardware_irq/irq.c.obj
 .debug_abbrev  0x00002272      0x1ea CMakeFiles/display_fonts_demo.dir/C_/workspaces/embedded/projects/pico-sdk/src/rp2_common/hardware_pll/pll.c.obj
 .debug_abbrev  0x0000245c      0x1b1 CMakeFiles/display_fonts_demo.dir/C_/workspaces/embedded/projects/pico-sdk/src/rp2_common/hardware_watchdog/watchdog.c.obj
 .debug_abbrev  0x0000260d      0x109 CMakeFiles/display_fonts_demo.dir/C_/workspaces/embedded/projects/pico-sdk/src/rp2_common/hardware_xosc/xosc.c.obj
 .debug_abbrev  0x00002716      0x384 CMakeFiles/display_fonts_demo.dir/C_/workspaces/embedded/projects/pico-sdk/src/rp2_common/pico_printf/printf.c.obj
 .debug_abbrev  0x00002a9a       0x12 CMakeFiles/display_fonts_demo.dir/C_/workspaces/embedded/projects/pico-sdk/src/rp2_common/pico_bit_ops/bit_ops_aeabi.S.obj
 .debug_abbrev  0x00002aac       0xf8 CMakeFiles/display_fonts_demo.dir/C_/workspaces/embedded/projects/pico-sdk/src/rp2_common/pico_bootrom/bootrom.c.obj
 .debug_abbrev  0x00002ba4       0x12 CMakeFiles/display_fonts_demo.dir/C_/workspaces/embedded/projects/pico-sdk/src/rp2_common/pico_divider/divider.S.obj
 .debug_abbrev  0x00002bb6       0x12 CMakeFiles/display_fonts_demo.dir/C_/workspaces/embedded/projects/pico-sdk/src/rp2_common/pico_double/double_aeabi.S.obj
 .debug_abbrev  0x00002bc8      0x166 CMakeFiles/display_fonts_demo.dir/C_/workspaces/embedded/projects/pico-sdk/src/rp2_common/pico_double/double_init_rom.c.obj
 .debug_abbrev  0x00002d2e       0x12 CMakeFiles/display_fonts_demo.dir/C_/workspaces/embedded/projects/pico-sdk/src/rp2_common/pico_double/double_v1_rom_shim.S.obj
 .debug_abbrev  0x00002d40       0x12 CMakeFiles/display_fonts_demo.dir/C_/workspaces/embedded/projects/pico-sdk/src/rp2_common/pico_float/float_aeabi.S.obj
 .debug_abbrev  0x00002d52      0x179 CMakeFiles/display_fonts_demo.dir/C_/workspaces/embedded/projects/pico-sdk/src/rp2_common/pico_float/float_init_rom.c.obj
 .debug_abbrev  0x00002ecb       0x12 CMakeFiles/display_fonts_demo.dir/C_/workspaces/embedded/projects/pico-sdk/src/rp2_common/pico_float/float_v1_rom_shim.S.obj
 .debug_abbrev  0x00002edd       0x12 CMakeFiles/display_fonts_demo.dir/C_/workspaces/embedded/projects/pico-sdk/src/rp2_common/pico_mem_ops/mem_ops_aeabi.S.obj
 .debug_abbrev  0x00002eef       0x12 CMakeFiles/display_fonts_demo.dir/C_/workspaces/embedded/projects/pico-sdk/src/rp2_common/pico_standard_link/crt0.S.obj
 .debug_abbrev  0x00002f01       0xad CMakeFiles/display_fonts_demo.dir/C_/workspaces/embedded/projects/pico-sdk/src/rp2_common/pico_standard_link/binary_info.c.obj
 .debug_abbrev  0x00002fae      0x4a7 CMakeFiles/display_fonts_demo.dir/C_/workspaces/embedded/projects/pico-sdk/src/rp2_common/pico_stdio/stdio.c.obj
 .debug_abbrev  0x00003455      0x199 CMakeFiles/display_fonts_demo.dir/__/mod_display_ic/src/module.c.obj
 .debug_abbrev  0x000035ee      0x23c CMakeFiles/display_fonts_demo.dir/__/mod_light_core/src/module.c.obj
 .debug_abbrev  0x0000382a      0x162 CMakeFiles/display_fonts_demo.dir/__/mod_light_core/src/log.c.obj
 .debug_abbrev  0x0000398c      0x39b CMakeFiles/display_fonts_demo.dir/__/__/board/rpi_pico/board.c.obj

.debug_loc      0x00000000     0xbab5
 .debug_loc     0x00000000       0x22 CMakeFiles/display_fonts_demo.dir/demo/main.c.obj
 .debug_loc     0x00000022      0x45f CMakeFiles/display_fonts_demo.dir/C_/workspaces/embedded/projects/pico-sdk/src/rp2_common/hardware_claim/claim.c.obj
 .debug_loc     0x00000481       0xe9 CMakeFiles/display_fonts_demo.dir/C_/workspaces/embedded/projects/pico-sdk/src/rp2_common/pico_platform/platform.c.obj
 .debug_loc     0x0000056a      0x233 CMakeFiles/display_fonts_demo.dir/C_/workspaces/embedded/projects/pico-sdk/src/rp2_common/hardware_sync/sync.c.obj
 .debug_loc     0x0000079d     0x2e37 CMakeFiles/display_fonts_demo.dir/C_/workspaces/embedded/projects/pico-sdk/src/common/pico_time/time.c.obj
 .debug_loc     0x000035d4      0x952 CMakeFiles/display_fonts_demo.dir/C_/workspaces/embedded/projects/pico-sdk/src/rp2_common/hardware_timer/timer.c.obj
 .debug_loc     0x00003f26       0x60 CMakeFiles/display_fonts_demo.dir/C_/workspaces/embedded/projects/pico-sdk/src/common/pico_sync/lock_core.c.obj
 .debug_loc     0x00003f86      0xbc3 CMakeFiles/display_fonts_demo.dir/C_/workspaces/embedded/projects/pico-sdk/src/common/pico_sync/mutex.c.obj
 .debug_loc     0x00004b49     0x1439 CMakeFiles/display_fonts_demo.dir/C_/workspaces/embedded/projects/pico-sdk/src/common/pico_util/pheap.c.obj
 .debug_loc     0x00005f82      0x3c6 CMakeFiles/display_fonts_demo.dir/C_/workspaces/embedded/projects/pico-sdk/src/rp2_common/pico_runtime/runtime.c.obj
 .debug_loc     0x00006348      0x7eb CMakeFiles/display_fonts_demo.dir/C_/workspaces/embedded/projects/pico-sdk/src/rp2_common/hardware_clocks/clocks.c.obj
 .debug_loc     0x00006b33     0x1186 CMakeFiles/display_fonts_demo.dir/C_/workspaces/embedded/projects/pico-sdk/src/rp2_common/hardware_irq/irq.c.obj
 .debug_loc     0x00007cb9      0x300 CMakeFiles/display_fonts_demo.dir/C_/workspaces/embedded/projects/pico-sdk/src/rp2_common/hardware_pll/pll.c.obj
 .debug_loc     0x00007fb9      0x267 CMakeFiles/display_fonts_demo.dir/C_/workspaces/embedded/projects/pico-sdk/src/rp2_common/hardware_watchdog/watchdog.c.obj
 .debug_loc     0x00008220       0x71 CMakeFiles/display_fonts_demo.dir/C_/workspaces/embedded/projects/pico-sdk/src/rp2_common/hardware_xosc/xosc.c.obj
 .debug_loc     0x00008291     0x2095 CMakeFiles/display_fonts_demo.dir/C_/workspaces/embedded/projects/pico-sdk/src/rp2_common/pico_printf/printf.c.obj
 .debug_loc     0x0000a326      0x16f CMakeFiles/display_fonts_demo.dir/C_/workspaces/embedded/projects/pico-sdk/src/rp2_common/pico_bootrom/bootrom.c.obj
 .debug_loc     0x0000a495       0x59 CMakeFiles/display_fonts_demo.dir/C_/workspaces/embedded/projects/pico-sdk/src/rp2_common/pico_double/double_init_rom.c.obj
 .debug_loc     0x0000a4ee       0x73 CMakeFiles/display_fonts_demo.dir/C_/workspaces/embedded/projects/pico-sdk/src/rp2_common/pico_float/float_init_rom.c.obj