Archive member included to satisfy reference by file (symbol)

c:/workspaces/embedded/tools/gcc-arm-none-eabi-10.3-2021.07/bin/../lib/gcc/arm-none-eabi/10.3.1/thumb/v6-m/nofp\libgcc.a(_dvmd_tls.o)
                              CMakeFiles/light_core_demo.dir/C_/workspaces/embedded/projects/pico-sdk/src/rp2_common/pico_divider/divider.S.obj (__aeabi_idiv0)
c:/workspaces/embedded/tools/gcc-arm-none-eabi-10.3-2021.07/bin/../lib/gcc/arm-none-eabi/10.3.1/../../../../arm-none-eabi/lib/thumb/v6-m/nofp\libg.a(lib_a-calloc.o)
                              CMakeFiles/light_core_demo.dir/C_/workspaces/embedded/projects/pico-sdk/src/rp2_common/pico_malloc/pico_malloc.c.obj (calloc)
c:/workspaces/embedded/tools/gcc-arm-none-eabi-10.3-2021.07/bin/../lib/gcc/arm-none-eabi/10.3.1/../../../../arm-none-eabi/lib/thumb/v6-m/nofp\libg.a(lib_a-callocr.o)
                              c:/workspaces/embedded/tools/gcc-arm-none-eabi-10.3-2021.07/bin/../lib/gcc/arm-none-eabi/10.3.1/../../../../arm-none-eabi/lib/thumb/v6-m/nofp\libg.a(lib_a-calloc.o) (_calloc_r)
c:/workspaces/embedded/tools/gcc-arm-none-eabi-10.3-2021.07/bin/../lib/gcc/arm-none-eabi/10.3.1/../../../../arm-none-eabi/lib/thumb/v6-m/nofp\libg.a(lib_a-errno.o)
                              c:/workspaces/embedded/tools/gcc-arm-none-eabi-10.3-2021.07/bin/../lib/gcc/arm-none-eabi/10.3.1/../../../../arm-none-eabi/lib/thumb/v6-m/nofp\libg.a(lib_a-callocr.o) (__errno)
c:/workspaces/embedded/tools/gcc-arm-none-eabi-10.3-2021.07/bin/../lib/gcc/arm-none-eabi/10.3.1/../../../../arm-none-eabi/lib/thumb/v6-m/nofp\libg.a(lib_a-impure.o)
                              c:/workspaces/embedded/tools/gcc-arm-none-eabi-10.3-2021.07/bin/../lib/gcc/arm-none-eabi/10.3.1/../../../../arm-none-eabi/lib/thumb/v6-m/nofp\libg.a(lib_a-calloc.o) (_impure_ptr)
c:/workspaces/embedded/tools/gcc-arm-none-eabi-10.3-2021.07/bin/../lib/gcc/arm-none-eabi/10.3.1/../../../../arm-none-eabi/lib/thumb/v6-m/nofp\libg.a(lib_a-init.o)
                              c:/workspaces/embedded/tools/gcc-arm-none-eabi-10.3-2021.07/bin/../lib/gcc/arm-none-eabi/10.3.1/../../../../arm-none-eabi/lib/thumb/v6-m/nofp/crt0.o (__libc_init_array)
c:/workspaces/embedded/tools/gcc-arm-none-eabi-10.3-2021.07/bin/../lib/gcc/arm-none-eabi/10.3.1/../../../../arm-none-eabi/lib/thumb/v6-m/nofp\libg.a(lib_a-malloc.o)
                              CMakeFiles/light_core_demo.dir/C_/workspaces/embedded/projects/pico-sdk/src/rp2_common/pico_malloc/pico_malloc.c.obj (malloc)
c:/workspaces/embedded/tools/gcc-arm-none-eabi-10.3-2021.07/bin/../lib/gcc/arm-none-eabi/10.3.1/../../../../arm-none-eabi/lib/thumb/v6-m/nofp\libg.a(lib_a-mallocr.o)
                              c:/workspaces/embedded/tools/gcc-arm-none-eabi-10.3-2021.07/bin/../lib/gcc/arm-none-eabi/10.3.1/../../../../arm-none-eabi/lib/thumb/v6-m/nofp\libg.a(lib_a-callocr.o) (_malloc_r)
c:/workspaces/embedded/tools/gcc-arm-none-eabi-10.3-2021.07/bin/../lib/gcc/arm-none-eabi/10.3.1/../../../../arm-none-eabi/lib/thumb/v6-m/nofp\libg.a(lib_a-mlock.o)
                              c:/workspaces/embedded/tools/gcc-arm-none-eabi-10.3-2021.07/bin/../lib/gcc/arm-none-eabi/10.3.1/../../../../arm-none-eabi/lib/thumb/v6-m/nofp\libg.a(lib_a-mallocr.o) (__malloc_lock)
c:/workspaces/embedded/tools/gcc-arm-none-eabi-10.3-2021.07/bin/../lib/gcc/arm-none-eabi/10.3.1/../../../../arm-none-eabi/lib/thumb/v6-m/nofp\libg.a(lib_a-sbrkr.o)
                              c:/workspaces/embedded/tools/gcc-arm-none-eabi-10.3-2021.07/bin/../lib/gcc/arm-none-eabi/10.3.1/../../../../arm-none-eabi/lib/thumb/v6-m/nofp\libg.a(lib_a-mallocr.o) (_sbrk_r)
c:/workspaces/embedded/tools/gcc-arm-none-eabi-10.3-2021.07/bin/../lib/gcc/arm-none-eabi/10.3.1/../../../../arm-none-eabi/lib/thumb/v6-m/nofp\libg.a(lib_a-strlen-stub.o)
                              CMakeFiles/light_core_demo.dir/C_/workspaces/embedded/projects/pico-sdk/src/rp2_common/pico_stdio/stdio.c.obj (strlen)
c:/workspaces/embedded/tools/gcc-arm-none-eabi-10.3-2021.07/bin/../lib/gcc/arm-none-eabi/10.3.1/../../../../arm-none-eabi/lib/thumb/v6-m/nofp\libg.a(lib_a-freer.o)
                              c:/workspaces/embedded/tools/gcc-arm-none-eabi-10.3-2021.07/bin/../lib/gcc/arm-none-eabi/10.3.1/../../../../arm-none-eabi/lib/thumb/v6-m/nofp\libg.a(lib_a-malloc.o) (_free_r)
c:/workspaces/embedded/tools/gcc-arm-none-eabi-10.3-2021.07/bin/../lib/gcc/arm-none-eabi/10.3.1/../../../../arm-none-eabi/lib/thumb/v6-m/nofp\libg.a(lib_a-lock.o)
                              c:/workspaces/embedded/tools/gcc-arm-none-eabi-10.3-2021.07/bin/../lib/gcc/arm-none-eabi/10.3.1/../../../../arm-none-eabi/lib/thumb/v6-m/nofp\libg.a(lib_a-mlock.o) (__retarget_lock_acquire_recursive)
c:/workspaces/embedded/tools/gcc-arm-none-eabi-10.3-2021.07/bin/../lib/gcc/arm-none-eabi/10.3.1/../../../../arm-none-eabi/lib/thumb/v6-m/nofp\libg.a(lib_a-reent.o)
[...]
Memory Configuration

Name             Origin             Length             Attributes
FLASH            0x10000000         0x00200000         xr
RAM              0x20000000         0x00040000         xrw
SCRATCH_X        0x20040000         0x00001000         xrw
SCRATCH_Y        0x20041000         0x00001000         xrw
*default*        0x00000000         0xffffffff

Linker script and memory map

LOAD c:/workspaces/embedded/tools/gcc-arm-none-eabi-10.3-2021.07/bin/../lib/gcc/arm-none-eabi/10.3.1/thumb/v6-m/nofp/crti.o
LOAD c:/workspaces/embedded/tools/gcc-arm-none-eabi-10.3-2021.07/bin/../lib/gcc/arm-none-eabi/10.3.1/thumb/v6-m/nofp/crtbegin.o
LOAD c:/workspaces/embedded/tools/gcc-arm-none-eabi-10.3-2021.07/bin/../lib/gcc/arm-none-eabi/10.3.1/../../../../arm-none-eabi/lib/thumb/v6-m/nofp/crt0.o

.flash_begin    0x10000000        0x0
                0x10000000                __flash_binary_start = .

.boot2          0x10000000      0x100
                0x10000000                __boot2_start__ = .
 *(.boot2)
 .boot2         0x10000000      0x100 C:\Users\alexf\AppData\Local\Temp\cc3uRE5H.o
                0x10000100                __boot2_end__ = .
                0x00000001                ASSERT (((__boot2_end__ - __boot2_start__) == 0x100), ERROR: Pico second stage bootloader must be 256 bytes in size)

.text           0x10000100     0x3d68
                0x10000100                __logical_binary_start = .
 *(.vectors)
 .vectors       0x10000100       0xd4 CMakeFiles/light_core_demo.dir/C_/workspaces/embedded/projects/pico-sdk/src/rp2_common/pico_standard_link/crt0.S.obj
                0x10000100                __VECTOR_TABLE
                0x10000100                __vectors
                0x100001c0                isr_invalid
                0x100001c0                __default_isrs_start
                0x100001c2                isr_nmi
                0x100001c4                isr_hardfault
                0x100001c6                isr_svcall
                0x100001c8                isr_pendsv
                0x100001ca                isr_systick
                0x100001cc                isr_irq23
                0x100001cc                isr_irq18
                0x100001cc                isr_irq11
                0x100001cc                isr_irq28
                0x100001cc                isr_irq19
                0x100001cc                isr_irq0
                0x100001cc                isr_irq6
                0x100001cc                isr_irq5
                0x100001cc                isr_irq12
                0x100001cc                isr_irq22
                0x100001cc                isr_irq31
                0x100001cc                isr_irq17
                0x100001cc                isr_irq27
                0x100001cc                isr_irq30
                0x100001cc                isr_irq2
                0x100001cc                isr_irq10
                0x100001cc                isr_irq8
                0x100001cc                isr_irq24
                0x100001cc                isr_irq1
                0x100001cc                isr_irq7
                0x100001cc                isr_irq21
                0x100001cc                isr_irq20
                0x100001cc                isr_irq15
                0x100001cc                isr_irq25
                0x100001cc                isr_irq13
                0x100001cc                __unhandled_user_irq
                0x100001cc                isr_irq4
                0x100001cc                isr_irq16
                0x100001cc                isr_irq29
                0x100001cc                isr_irq26
                0x100001cc                __default_isrs_end
                0x100001cc                isr_irq3
                0x100001cc                isr_irq14
                0x100001cc                isr_irq9
                0x100001d2                unhandled_user_irq_num_in_r0
 *(.binary_info_header)
 .binary_info_header
                0x100001d4       0x14 CMakeFiles/light_core_demo.dir/C_/workspaces/embedded/projects/pico-sdk/src/rp2_common/pico_standard_link/crt0.S.obj
                0x100001e8                __binary_info_header_end = .
 *(.reset)
 .reset         0x100001e8       0xa8 CMakeFiles/light_core_demo.dir/C_/workspaces/embedded/projects/pico-sdk/src/rp2_common/pico_standard_link/crt0.S.obj
                0x100001e8                _entry_point
                0x10000266                __get_current_exception
 .reset         0x10000290       0x24 CMakeFiles/light_core_demo.dir/C_/workspaces/embedded/projects/pico-sdk/src/rp2_common/pico_standard_link/binary_info.c.obj
 *(.init)
 .init          0x100002b4        0x4 c:/workspaces/embedded/tools/gcc-arm-none-eabi-10.3-2021.07/bin/../lib/gcc/arm-none-eabi/10.3.1/thumb/v6-m/nofp/crti.o
                0x100002b4                _init
 *(EXCLUDE_FILE(*libm.a: *libc.a:*lib_a-mem*.o *libgcc.a:) .text*)
 .text          0x100002b8       0x48 c:/workspaces/embedded/tools/gcc-arm-none-eabi-10.3-2021.07/bin/../lib/gcc/arm-none-eabi/10.3.1/thumb/v6-m/nofp/crtbegin.o
 .text.main     0x10000300       0x22 CMakeFiles/light_core_demo.dir/demo/main.c.obj
                0x10000300                main
 *fill*         0x10000322        0x2 
 .text._generated_module_init
                0x10000324       0x20 CMakeFiles/light_core_demo.dir/src/module.c.obj
 .text.light_init
                0x10000344        0x2 CMakeFiles/light_core_demo.dir/src/module.c.obj
                0x10000344                light_init
 *fill*         0x10000346        0x2 
 .text.light_primary_app_context_get
                0x10000348        0x8 CMakeFiles/light_core_demo.dir/src/module.c.obj
                0x10000348                light_primary_app_context_get
 .text.light_core_module_get
                0x10000350        0x8 CMakeFiles/light_core_demo.dir/src/module.c.obj
                0x10000350                light_core_module_get
 .text.light_component_type_register
                0x10000358       0x24 CMakeFiles/light_core_demo.dir/src/module.c.obj
                0x10000358                light_component_type_register
 .text.light_core_init
                0x1000037c       0x24 CMakeFiles/light_core_demo.dir/src/module.c.obj
                0x1000037c                light_core_init
 .text.light_module_register
                0x100003a0       0x10 CMakeFiles/light_core_demo.dir/src/module.c.obj
                0x100003a0                light_module_register
 .text.light_module_activate
                0x100003b0       0x34 CMakeFiles/light_core_demo.dir/src/module.c.obj
                0x100003b0                light_module_activate
 .text.light_app_activate_modules
                0x100003e4       0x22 CMakeFiles/light_core_demo.dir/src/module.c.obj
                0x100003e4                light_app_activate_modules
 *fill*         0x10000406        0x2 
 .text.light_log_to_logger
                0x10000408       0x1c CMakeFiles/light_core_demo.dir/src/log.c.obj
                0x10000408                light_log_to_logger
 .text.light_log
                0x10000424       0x20 CMakeFiles/light_core_demo.dir/src/log.c.obj
                0x10000424                light_log
 .text._light_board_log_handler
                0x10000444       0x10 CMakeFiles/light_core_demo.dir/__/__/board/rpi_pico/board.c.obj
                0x10000444                _light_board_log_handler
 .text.hw_claim_lock
                0x10000454       0x18 CMakeFiles/light_core_demo.dir/C_/workspaces/embedded/projects/pico-sdk/src/rp2_common/hardware_claim/claim.c.obj
                0x10000454                hw_claim_lock
 .text.hw_claim_unlock
                0x1000046c       0x14 CMakeFiles/light_core_demo.dir/C_/workspaces/embedded/projects/pico-sdk/src/rp2_common/hardware_claim/claim.c.obj
                0x1000046c                hw_claim_unlock
 .text.hw_claim_or_assert
                0x10000480       0x32 CMakeFiles/light_core_demo.dir/C_/workspaces/embedded/projects/pico-sdk/src/rp2_common/hardware_claim/claim.c.obj
                0x10000480                hw_claim_or_assert
 *fill*         0x100004b2        0x2 
 .text.running_on_fpga
                0x100004b4       0x14 CMakeFiles/light_core_demo.dir/C_/workspaces/embedded/projects/pico-sdk/src/rp2_common/pico_platform/platform.c.obj
                0x100004b4                running_on_fpga
 .text.spin_locks_reset
                0x100004c8       0x20 CMakeFiles/light_core_demo.dir/C_/workspaces/embedded/projects/pico-sdk/src/rp2_common/hardware_sync/sync.c.obj
                0x100004c8                spin_locks_reset
 .text.next_striped_spin_lock_num
                0x100004e8       0x1c CMakeFiles/light_core_demo.dir/C_/workspaces/embedded/projects/pico-sdk/src/rp2_common/hardware_sync/sync.c.obj
                0x100004e8                next_striped_spin_lock_num
 .text.alarm_pool_post_alloc_init
                0x10000504       0x40 CMakeFiles/light_core_demo.dir/C_/workspaces/embedded/projects/pico-sdk/src/common/pico_time/time.c.obj
 .text.timer_pool_entry_comparator
                0x10000544       0x7c CMakeFiles/light_core_demo.dir/C_/workspaces/embedded/projects/pico-sdk/src/common/pico_time/time.c.obj
                0x10000544                timer_pool_entry_comparator
 .text.ph_add_child_node
                0x100005c0       0xa4 CMakeFiles/light_core_demo.dir/C_/workspaces/embedded/projects/pico-sdk/src/common/pico_time/time.c.obj
 .text.ph_merge_nodes
                0x10000664       0x3e CMakeFiles/light_core_demo.dir/C_/workspaces/embedded/projects/pico-sdk/src/common/pico_time/time.c.obj
 *fill*         0x100006a2        0x2 
 .text.add_alarm_under_lock
                0x100006a4      0x174 CMakeFiles/light_core_demo.dir/C_/workspaces/embedded/projects/pico-sdk/src/common/pico_time/time.c.obj
 .text.alarm_pool_alarm_callback
                0x10000818      0x328 CMakeFiles/light_core_demo.dir/C_/workspaces/embedded/projects/pico-sdk/src/common/pico_time/time.c.obj
 .text.alarm_pool_init_default
                0x10000b40       0x38 CMakeFiles/light_core_demo.dir/C_/workspaces/embedded/projects/pico-sdk/src/common/pico_time/time.c.obj
                0x10000b40                alarm_pool_init_default
 .text.hardware_alarm_irq_handler
                0x10000b78       0x8c CMakeFiles/light_core_demo.dir/C_/workspaces/embedded/projects/pico-sdk/src/rp2_common/hardware_timer/timer.c.obj
 .text.hardware_alarm_claim
                0x10000c04       0x18 CMakeFiles/light_core_demo.dir/C_/workspaces/embedded/projects/pico-sdk/src/rp2_common/hardware_timer/timer.c.obj
                0x10000c04                hardware_alarm_claim
 .text.time_us_64
                0x10000c1c       0x18 CMakeFiles/light_core_demo.dir/C_/workspaces/embedded/projects/pico-sdk/src/rp2_common/hardware_timer/timer.c.obj
                0x10000c1c                time_us_64
 .text.hardware_alarm_set_callback
                0x10000c34       0x90 CMakeFiles/light_core_demo.dir/C_/workspaces/embedded/projects/pico-sdk/src/rp2_common/hardware_timer/timer.c.obj
                0x10000c34                hardware_alarm_set_callback
 .text.hardware_alarm_set_target
                0x10000cc4       0xe8 CMakeFiles/light_core_demo.dir/C_/workspaces/embedded/projects/pico-sdk/src/rp2_common/hardware_timer/timer.c.obj
                0x10000cc4                hardware_alarm_set_target
 .text.hardware_alarm_cancel
                0x10000dac       0x40 CMakeFiles/light_core_demo.dir/C_/workspaces/embedded/projects/pico-sdk/src/rp2_common/hardware_timer/timer.c.obj
                0x10000dac                hardware_alarm_cancel
 .text.lock_init
                0x10000dec       0x10 CMakeFiles/light_core_demo.dir/C_/workspaces/embedded/projects/pico-sdk/src/common/pico_sync/lock_core.c.obj
                0x10000dec                lock_init
 .text.mutex_init_internal
                0x10000dfc       0x1e CMakeFiles/light_core_demo.dir/C_/workspaces/embedded/projects/pico-sdk/src/common/pico_sync/mutex.c.obj
 .text.mutex_init
                0x10000e1a        0xa CMakeFiles/light_core_demo.dir/C_/workspaces/embedded/projects/pico-sdk/src/common/pico_sync/mutex.c.obj
                0x10000e1a                mutex_init
 .text.recursive_mutex_init
                0x10000e24        0xa CMakeFiles/light_core_demo.dir/C_/workspaces/embedded/projects/pico-sdk/src/common/pico_sync/mutex.c.obj
                0x10000e24                recursive_mutex_init
 *fill*         0x10000e2e        0x2 
 .text.ph_add_child_node
                0x10000e30       0xa4 CMakeFiles/light_core_demo.dir/C_/workspaces/embedded/projects/pico-sdk/src/common/pico_util/pheap.c.obj
 .text.ph_merge_nodes
                0x10000ed4       0x3e CMakeFiles/light_core_demo.dir/C_/workspaces/embedded/projects/pico-sdk/src/common/pico_util/pheap.c.obj
 *fill*         0x10000f12        0x2 
 .text.ph_clear
                0x10000f14       0x70 CMakeFiles/light_core_demo.dir/C_/workspaces/embedded/projects/pico-sdk/src/common/pico_util/pheap.c.obj
                0x10000f14                ph_clear
 .text.ph_post_alloc_init
                0x10000f84        0xe CMakeFiles/light_core_demo.dir/C_/workspaces/embedded/projects/pico-sdk/src/common/pico_util/pheap.c.obj
                0x10000f84                ph_post_alloc_init
 *fill*         0x10000f92        0x2 
 .text.ph_merge_two_pass
                0x10000f94       0xa8 CMakeFiles/light_core_demo.dir/C_/workspaces/embedded/projects/pico-sdk/src/common/pico_util/pheap.c.obj
                0x10000f94                ph_merge_two_pass
 .text.ph_remove_any_head
                0x1000103c      0x108 CMakeFiles/light_core_demo.dir/C_/workspaces/embedded/projects/pico-sdk/src/common/pico_util/pheap.c.obj
 .text.ph_remove_head
                0x10001144       0x14 CMakeFiles/light_core_demo.dir/C_/workspaces/embedded/projects/pico-sdk/src/common/pico_util/pheap.c.obj
                0x10001144                ph_remove_head
 .text.ph_remove_and_free_node
                0x10001158       0xf8 CMakeFiles/light_core_demo.dir/C_/workspaces/embedded/projects/pico-sdk/src/common/pico_util/pheap.c.obj
                0x10001158                ph_remove_and_free_node
 .text.runtime_init
                0x10001250       0xd8 CMakeFiles/light_core_demo.dir/C_/workspaces/embedded/projects/pico-sdk/src/rp2_common/pico_runtime/runtime.c.obj
                0x10001250                runtime_init
 .text._exit    0x10001328        0x4 CMakeFiles/light_core_demo.dir/C_/workspaces/embedded/projects/pico-sdk/src/rp2_common/pico_runtime/runtime.c.obj
                0x10001328                _exit
 .text.exit     0x1000132c        0x6 CMakeFiles/light_core_demo.dir/C_/workspaces/embedded/projects/pico-sdk/src/rp2_common/pico_runtime/runtime.c.obj
                0x1000132c                exit
 *fill*         0x10001332        0x2 
 .text.__assert_func
                0x10001334       0x3c CMakeFiles/light_core_demo.dir/C_/workspaces/embedded/projects/pico-sdk/src/rp2_common/pico_runtime/runtime.c.obj
                0x10001334                __assert_func
 .text.panic    0x10001370       0x30 CMakeFiles/light_core_demo.dir/C_/workspaces/embedded/projects/pico-sdk/src/rp2_common/pico_runtime/runtime.c.obj
                0x10001370                panic
 .text.clock_configure
                0x100013a0      0x104 CMakeFiles/light_core_demo.dir/C_/workspaces/embedded/projects/pico-sdk/src/rp2_common/hardware_clocks/clocks.c.obj
                0x100013a0                clock_configure
 .text.clocks_init
                0x100014a4      0x100 CMakeFiles/light_core_demo.dir/C_/workspaces/embedded/projects/pico-sdk/src/rp2_common/hardware_clocks/clocks.c.obj
                0x100014a4                clocks_init
 .text.set_raw_irq_handler_and_unlock
                0x100015a4       0x28 CMakeFiles/light_core_demo.dir/C_/workspaces/embedded/projects/pico-sdk/src/rp2_common/hardware_irq/irq.c.obj
 .text.make_branch
                0x100015cc       0x34 CMakeFiles/light_core_demo.dir/C_/workspaces/embedded/projects/pico-sdk/src/rp2_common/hardware_irq/irq.c.obj
 .text.insert_branch_and_link
                0x10001600       0x40 CMakeFiles/light_core_demo.dir/C_/workspaces/embedded/projects/pico-sdk/src/rp2_common/hardware_irq/irq.c.obj
 .text.irq_is_enabled
                0x10001640       0x18 CMakeFiles/light_core_demo.dir/C_/workspaces/embedded/projects/pico-sdk/src/rp2_common/hardware_irq/irq.c.obj
                0x10001640                irq_is_enabled
 .text.irq_set_mask_enabled
                0x10001658       0x20 CMakeFiles/light_core_demo.dir/C_/workspaces/embedded/projects/pico-sdk/src/rp2_common/hardware_irq/irq.c.obj
                0x10001658                irq_set_mask_enabled
 .text.irq_set_enabled
                0x10001678        0xe CMakeFiles/light_core_demo.dir/C_/workspaces/embedded/projects/pico-sdk/src/rp2_common/hardware_irq/irq.c.obj
                0x10001678                irq_set_enabled
 *fill*         0x10001686        0x2 
 .text.irq_get_vtable_handler
                0x10001688       0x10 CMakeFiles/light_core_demo.dir/C_/workspaces/embedded/projects/pico-sdk/src/rp2_common/hardware_irq/irq.c.obj
                0x10001688                irq_get_vtable_handler
 .text.irq_set_exclusive_handler
                0x10001698       0x54 CMakeFiles/light_core_demo.dir/C_/workspaces/embedded/projects/pico-sdk/src/rp2_common/hardware_irq/irq.c.obj
                0x10001698                irq_set_exclusive_handler
 .text.irq_remove_handler
                0x100016ec      0x1ac CMakeFiles/light_core_demo.dir/C_/workspaces/embedded/projects/pico-sdk/src/rp2_common/hardware_irq/irq.c.obj
                0x100016ec                irq_remove_handler
 .text.irq_set_priority
                0x10001898       0x28 CMakeFiles/light_core_demo.dir/C_/workspaces/embedded/projects/pico-sdk/src/rp2_common/hardware_irq/irq.c.obj
                0x10001898                irq_set_priority
 .text.irq_add_tail_to_free_list
                0x100018c0       0xf0 CMakeFiles/light_core_demo.dir/C_/workspaces/embedded/projects/pico-sdk/src/rp2_common/hardware_irq/irq.c.obj
                0x100018c0                irq_add_tail_to_free_list
 .text.irq_init_priorities
                0x100019b0       0x16 CMakeFiles/light_core_demo.dir/C_/workspaces/embedded/projects/pico-sdk/src/rp2_common/hardware_irq/irq.c.obj
                0x100019b0                irq_init_priorities
 *fill*         0x100019c6        0x2 
 .text.pll_init
                0x100019c8      0x118 CMakeFiles/light_core_demo.dir/C_/workspaces/embedded/projects/pico-sdk/src/rp2_common/hardware_pll/pll.c.obj
                0x100019c8                pll_init
 .text.watchdog_start_tick
                0x10001ae0       0x10 CMakeFiles/light_core_demo.dir/C_/workspaces/embedded/projects/pico-sdk/src/rp2_common/hardware_watchdog/watchdog.c.obj
                0x10001ae0                watchdog_start_tick
 .text.xosc_init
                0x10001af0       0x28 CMakeFiles/light_core_demo.dir/C_/workspaces/embedded/projects/pico-sdk/src/rp2_common/hardware_xosc/xosc.c.obj
                0x10001af0                xosc_init
 .text._out_buffer
                0x10001b18        0x8 CMakeFiles/light_core_demo.dir/C_/workspaces/embedded/projects/pico-sdk/src/rp2_common/pico_printf/printf.c.obj
 .text._out_null
                0x10001b20        0x2 CMakeFiles/light_core_demo.dir/C_/workspaces/embedded/projects/pico-sdk/src/rp2_common/pico_printf/printf.c.obj
 .text._out_fct
                0x10001b22        0xe CMakeFiles/light_core_demo.dir/C_/workspaces/embedded/projects/pico-sdk/src/rp2_common/pico_printf/printf.c.obj
 .text._atoi    0x10001b30       0x24 CMakeFiles/light_core_demo.dir/C_/workspaces/embedded/projects/pico-sdk/src/rp2_common/pico_printf/printf.c.obj
 .text._out_rev
                0x10001b54       0xae CMakeFiles/light_core_demo.dir/C_/workspaces/embedded/projects/pico-sdk/src/rp2_common/pico_printf/printf.c.obj
 .text._ntoa_format
                0x10001c02      0x112 CMakeFiles/light_core_demo.dir/C_/workspaces/embedded/projects/pico-sdk/src/rp2_common/pico_printf/printf.c.obj
 .text._ntoa_long
                0x10001d14       0xbc CMakeFiles/light_core_demo.dir/C_/workspaces/embedded/projects/pico-sdk/src/rp2_common/pico_printf/printf.c.obj
 .text._ntoa_long_long
                0x10001dd0       0xe2 CMakeFiles/light_core_demo.dir/C_/workspaces/embedded/projects/pico-sdk/src/rp2_common/pico_printf/printf.c.obj
 *fill*         0x10001eb2        0x2 
 .text._etoa    0x10001eb4      0x414 CMakeFiles/light_core_demo.dir/C_/workspaces/embedded/projects/pico-sdk/src/rp2_common/pico_printf/printf.c.obj
 .text._ftoa    0x100022c8      0x354 CMakeFiles/light_core_demo.dir/C_/workspaces/embedded/projects/pico-sdk/src/rp2_common/pico_printf/printf.c.obj
 .text._vsnprintf
                0x1000261c      0x624 CMakeFiles/light_core_demo.dir/C_/workspaces/embedded/projects/pico-sdk/src/rp2_common/pico_printf/printf.c.obj
 .text.__wrap_vsnprintf
                0x10002c40       0x1c CMakeFiles/light_core_demo.dir/C_/workspaces/embedded/projects/pico-sdk/src/rp2_common/pico_printf/printf.c.obj
                0x10002c40                __wrap_vsnprintf
 .text.vfctprintf
                0x10002c5c       0x20 CMakeFiles/light_core_demo.dir/C_/workspaces/embedded/projects/pico-sdk/src/rp2_common/pico_printf/printf.c.obj
                0x10002c5c                vfctprintf
 .text          0x10002c7c       0x10 CMakeFiles/light_core_demo.dir/C_/workspaces/embedded/projects/pico-sdk/src/rp2_common/pico_bit_ops/bit_ops_aeabi.S.obj
 .text.rom_func_lookup
                0x10002c8c       0x10 CMakeFiles/light_core_demo.dir/C_/workspaces/embedded/projects/pico-sdk/src/rp2_common/pico_bootrom/bootrom.c.obj
                0x10002c8c                rom_func_lookup
 .text.rom_data_lookup
                0x10002c9c       0x10 CMakeFiles/light_core_demo.dir/C_/workspaces/embedded/projects/pico-sdk/src/rp2_common/pico_bootrom/bootrom.c.obj
                0x10002c9c                rom_data_lookup
 .text.rom_funcs_lookup
                0x10002cac       0x36 CMakeFiles/light_core_demo.dir/C_/workspaces/embedded/projects/pico-sdk/src/rp2_common/pico_bootrom/bootrom.c.obj
                0x10002cac                rom_funcs_lookup
 *fill*         0x10002ce2        0x2 
 .text.__wrap___aeabi_idiv
                0x10002ce4       0x50 CMakeFiles/light_core_demo.dir/C_/workspaces/embedded/projects/pico-sdk/src/rp2_common/pico_divider/divider.S.obj
                0x10002ce4                __wrap___aeabi_idivmod
                0x10002ce4                divmod_s32s32
                0x10002ce4                div_s32s32
                0x10002ce4                __wrap___aeabi_idiv
                0x10002cec                divmod_s32s32_unsafe
                0x10002d18                divmod_s32s32_savestate
 .text.__wrap___aeabi_uidiv
                0x10002d34       0x4c CMakeFiles/light_core_demo.dir/C_/workspaces/embedded/projects/pico-sdk/src/rp2_common/pico_divider/divider.S.obj
                0x10002d34                __wrap___aeabi_uidiv
                0x10002d34                __wrap___aeabi_uidivmod
                0x10002d34                div_u32u32
                0x10002d34                divmod_u32u32
                0x10002d3c                divmod_u32u32_unsafe
                0x10002d64                divmod_u32u32_savestate
 .text.__wrap___aeabi_ldiv
                0x10002d80      0x430 CMakeFiles/light_core_demo.dir/C_/workspaces/embedded/projects/pico-sdk/src/rp2_common/pico_divider/divider.S.obj
                0x10002d80                div_s64s64
                0x10002d80                divmod_s64s64
                0x10002d80                __wrap___aeabi_ldivmod
                0x10002db8                divmod_u64u64
                0x10002db8                div_u64u64
                0x10002db8                __wrap___aeabi_uldivmod
                0x10002dc8                divmod_u64u64_savestate
                0x10002df0                divmod_s64s64_unsafe
                0x10002e78                divmod_u64u64_unsafe
 .text.__wrap___aeabi_darithmetic
                0x100031b0       0x80 CMakeFiles/light_core_demo.dir/C_/workspaces/embedded/projects/pico-sdk/src/rp2_common/pico_double/double_aeabi.S.obj
                0x100031b0                __wrap___aeabi_drsub
                0x100031b6                __wrap___aeabi_dsub
                0x100031c8                __wrap___aeabi_dadd
                0x100031da                __wrap___aeabi_ddiv
                0x10003216                __wrap___aeabi_dmul
 .text.__wrap___aeabi_cdcmple
                0x10003230       0x6c CMakeFiles/light_core_demo.dir/C_/workspaces/embedded/projects/pico-sdk/src/rp2_common/pico_double/double_aeabi.S.obj
                0x10003230                __wrap___aeabi_cdrcmple
                0x10003240                __wrap___aeabi_cdcmpeq
                0x10003240                __wrap___aeabi_cdcmple
 .text.__wrap___aeabi_dcmplt
                0x1000329c        0xc CMakeFiles/light_core_demo.dir/C_/workspaces/embedded/projects/pico-sdk/src/rp2_common/pico_double/double_aeabi.S.obj
                0x1000329c                __wrap___aeabi_dcmplt
 .text.__wrap___aeabi_dcmple
                0x100032a8       0x10 CMakeFiles/light_core_demo.dir/C_/workspaces/embedded/projects/pico-sdk/src/rp2_common/pico_double/double_aeabi.S.obj
                0x100032a8                __wrap___aeabi_dcmple
 .text.__wrap___aeabi_dcmpge
                0x100032b8       0x10 CMakeFiles/light_core_demo.dir/C_/workspaces/embedded/projects/pico-sdk/src/rp2_common/pico_double/double_aeabi.S.obj
                0x100032b8                __wrap___aeabi_dcmpge
 .text.__wrap___aeabi_dcmpgt
                0x100032c8        0xa CMakeFiles/light_core_demo.dir/C_/workspaces/embedded/projects/pico-sdk/src/rp2_common/pico_double/double_aeabi.S.obj
                0x100032c8                __wrap___aeabi_dcmpgt
 .text.__wrap___aeabi_dcmpun
                0x100032d2       0x1c CMakeFiles/light_core_demo.dir/C_/workspaces/embedded/projects/pico-sdk/src/rp2_common/pico_double/double_aeabi.S.obj
                0x100032d2                __wrap___aeabi_dcmpun
 *fill*         0x100032ee        0x2 
 .text.__wrap___aeabi_i2d
                0x100032f0       0x38 CMakeFiles/light_core_demo.dir/C_/workspaces/embedded/projects/pico-sdk/src/rp2_common/pico_double/double_aeabi.S.obj
                0x100032f0                __wrap___aeabi_ui2d
                0x100032f8                __wrap___aeabi_i2d
 .text.__wrap___aeabi_d2iz
                0x10003328       0x48 CMakeFiles/light_core_demo.dir/C_/workspaces/embedded/projects/pico-sdk/src/rp2_common/pico_double/double_aeabi.S.obj
                0x10003328                double2int_z
                0x10003328                __wrap___aeabi_d2iz
 .text.__wrap___aeabi_d2uiz
                0x10003370       0x18 CMakeFiles/light_core_demo.dir/C_/workspaces/embedded/projects/pico-sdk/src/rp2_common/pico_double/double_aeabi.S.obj
                0x10003370                __wrap___aeabi_d2uiz
                0x10003370                double2uint
 .text.__aeabi_double_init
                0x10003388       0xb8 CMakeFiles/light_core_demo.dir/C_/workspaces/embedded/projects/pico-sdk/src/rp2_common/pico_double/double_init_rom.c.obj
                0x10003388                __aeabi_double_init
 .text.double_table_shim_on_use_helper
                0x10003440       0x34 CMakeFiles/light_core_demo.dir/C_/workspaces/embedded/projects/pico-sdk/src/rp2_common/pico_double/double_v1_rom_shim.S.obj
                0x10003440                double_table_shim_on_use_helper
 .text.__wrap___aeabi_dsub
                0x10003474       0x10 CMakeFiles/light_core_demo.dir/C_/workspaces/embedded/projects/pico-sdk/src/rp2_common/pico_double/double_v1_rom_shim.S.obj
                0x10003474                drsub_shim
                0x1000347a                dsub_shim
 .text.dadd_shim
                0x10003484      0x15c CMakeFiles/light_core_demo.dir/C_/workspaces/embedded/projects/pico-sdk/src/rp2_common/pico_double/double_v1_rom_shim.S.obj
                0x10003484                dadd_shim
 .text.dmul_shim
                0x100035e0      0x15c CMakeFiles/light_core_demo.dir/C_/workspaces/embedded/projects/pico-sdk/src/rp2_common/pico_double/double_v1_rom_shim.S.obj
                0x100035e0                dmul_shim
 .text.ddiv_shim
                0x1000373c      0x1b0 CMakeFiles/light_core_demo.dir/C_/workspaces/embedded/projects/pico-sdk/src/rp2_common/pico_double/double_v1_rom_shim.S.obj
                0x1000373c                ddiv_shim
 .text.dcordic_rot_step
                0x100038ec       0x7c CMakeFiles/light_core_demo.dir/C_/workspaces/embedded/projects/pico-sdk/src/rp2_common/pico_double/double_v1_rom_shim.S.obj
                0x100038ec                dcordic_rot_step
 .text.double2uint_shim
                0x10003968        0xe CMakeFiles/light_core_demo.dir/C_/workspaces/embedded/projects/pico-sdk/src/rp2_common/pico_double/double_v1_rom_shim.S.obj
                0x10003968                double2uint_shim
                0x1000396a                double2ufix_shim
 *fill*         0x10003976        0x2 
 .text.double2uint64_shim
                0x10003978       0x6c CMakeFiles/light_core_demo.dir/C_/workspaces/embedded/projects/pico-sdk/src/rp2_common/pico_double/double_v1_rom_shim.S.obj
                0x10003978                double2uint64_shim
                0x1000397a                double2ufix64_shim
                0x10003994                d2fix_a
 .text.dunpacks
                0x100039e4       0x3c CMakeFiles/light_core_demo.dir/C_/workspaces/embedded/projects/pico-sdk/src/rp2_common/pico_double/double_v1_rom_shim.S.obj
                0x100039e4                dunpacks
 .text.__aeabi_float_init
                0x10003a20       0xfc CMakeFiles/light_core_demo.dir/C_/workspaces/embedded/projects/pico-sdk/src/rp2_common/pico_float/float_init_rom.c.obj
                0x10003a20                __aeabi_float_init
 .text.float_table_shim_on_use_helper
                0x10003b1c       0x34 CMakeFiles/light_core_demo.dir/C_/workspaces/embedded/projects/pico-sdk/src/rp2_common/pico_float/float_v1_rom_shim.S.obj
                0x10003b1c                float_table_shim_on_use_helper
 .text          0x10003b50       0x10 CMakeFiles/light_core_demo.dir/C_/workspaces/embedded/projects/pico-sdk/src/rp2_common/pico_mem_ops/mem_ops_aeabi.S.obj
                0x10003b50                __aeabi_mem_init
 .text.memset   0x10003b60        0xc CMakeFiles/light_core_demo.dir/C_/workspaces/embedded/projects/pico-sdk/src/rp2_common/pico_mem_ops/mem_ops_aeabi.S.obj
                0x10003b60                __wrap_memset
 .text.memcpy   0x10003b6c        0xc CMakeFiles/light_core_demo.dir/C_/workspaces/embedded/projects/pico-sdk/src/rp2_common/pico_mem_ops/mem_ops_aeabi.S.obj
                0x10003b6c                __wrap_memcpy
                0x10003b6c                __wrap___aeabi_memcpy
 .text.stdio_out_chars_crlf
                0x10003b78       0x80 CMakeFiles/light_core_demo.dir/C_/workspaces/embedded/projects/pico-sdk/src/rp2_common/pico_stdio/stdio.c.obj
 .text.stdio_stack_buffer_flush
                0x10003bf8       0x44 CMakeFiles/light_core_demo.dir/C_/workspaces/embedded/projects/pico-sdk/src/rp2_common/pico_stdio/stdio.c.obj
 .text.stdio_buffered_printer
                0x10003c3c       0x20 CMakeFiles/light_core_demo.dir/C_/workspaces/embedded/projects/pico-sdk/src/rp2_common/pico_stdio/stdio.c.obj
 .text.stdout_serialize_begin
                0x10003c5c       0x30 CMakeFiles/light_core_demo.dir/C_/workspaces/embedded/projects/pico-sdk/src/rp2_common/pico_stdio/stdio.c.obj
                0x10003c5c                stdout_serialize_begin
 .text.stdout_serialize_end
                0x10003c8c       0x10 CMakeFiles/light_core_demo.dir/C_/workspaces/embedded/projects/pico-sdk/src/rp2_common/pico_stdio/stdio.c.obj
                0x10003c8c                stdout_serialize_end
 .text.stdio_put_string
                0x10003c9c       0x84 CMakeFiles/light_core_demo.dir/C_/workspaces/embedded/projects/pico-sdk/src/rp2_common/pico_stdio/stdio.c.obj
 .text.stdio_flush
                0x10003d20       0x20 CMakeFiles/light_core_demo.dir/C_/workspaces/embedded/projects/pico-sdk/src/rp2_common/pico_stdio/stdio.c.obj
                0x10003d20                stdio_flush
 .text.__wrap_puts
                0x10003d40       0x1c CMakeFiles/light_core_demo.dir/C_/workspaces/embedded/projects/pico-sdk/src/rp2_common/pico_stdio/stdio.c.obj
                0x10003d40                __wrap_puts
 .text.__wrap_vprintf
                0x10003d5c       0x44 CMakeFiles/light_core_demo.dir/C_/workspaces/embedded/projects/pico-sdk/src/rp2_common/pico_stdio/stdio.c.obj
                0x10003d5c                __wrap_vprintf
 .text.__wrap_printf
                0x10003da0       0x18 CMakeFiles/light_core_demo.dir/C_/workspaces/embedded/projects/pico-sdk/src/rp2_common/pico_stdio/stdio.c.obj
                0x10003da0                __wrap_printf
 .text.strlen   0x10003db8       0x5c c:/workspaces/embedded/tools/gcc-arm-none-eabi-10.3-2021.07/bin/../lib/gcc/arm-none-eabi/10.3.1/../../../../arm-none-eabi/lib/thumb/v6-m/nofp\libg.a(lib_a-strlen-stub.o)
                0x10003db8                strlen
 *(.fini)
 .fini          0x10003e14        0x4 c:/workspaces/embedded/tools/gcc-arm-none-eabi-10.3-2021.07/bin/../lib/gcc/arm-none-eabi/10.3.1/thumb/v6-m/nofp/crti.o
                0x10003e14                _fini
 .fini.__stub   0x10003e18       0x50 linker stubs
 *crtbegin.o(.ctors)
 *crtbegin?.o(.ctors)
 *(EXCLUDE_FILE(*crtend.o *crtend?.o) .ctors)
 *(SORT_BY_NAME(.ctors.*))
 *(.ctors)
 *crtbegin.o(.dtors)
 *crtbegin?.o(.dtors)
 *(EXCLUDE_FILE(*crtend.o *crtend?.o) .dtors)
 *(SORT_BY_NAME(.dtors.*))
 *(.dtors)
 *(.eh_frame*)
 .eh_frame      0x10003e68        0x0 c:/workspaces/embedded/tools/gcc-arm-none-eabi-10.3-2021.07/bin/../lib/gcc/arm-none-eabi/10.3.1/thumb/v6-m/nofp/crtbegin.o
                0x10003e68                . = ALIGN (0x4)

.glue_7         0x10003e68        0x0
 .glue_7        0x10003e68        0x0 linker stubs

.glue_7t        0x10003e68        0x0
 .glue_7t       0x10003e68        0x0 linker stubs

.vfp11_veneer   0x10003e68        0x0
 .vfp11_veneer  0x10003e68        0x0 linker stubs

.v4_bx          0x10003e68        0x0
 .v4_bx         0x10003e68        0x0 linker stubs

.iplt           0x10003e68        0x0
 .iplt          0x10003e68        0x0 c:/workspaces/embedded/tools/gcc-arm-none-eabi-10.3-2021.07/bin/../lib/gcc/arm-none-eabi/10.3.1/thumb/v6-m/nofp/crtbegin.o

.rodata         0x10003e68      0xe04
 *(EXCLUDE_FILE(*libm.a: *libc.a:*lib_a-mem*.o *libgcc.a:) .rodata*)
 .rodata.light_core_init.str1.4
                0x10003e68       0x19 CMakeFiles/light_core_demo.dir/src/module.c.obj
 *fill*         0x10003e81        0x3 
 .rodata.str1.4
                0x10003e84        0xa CMakeFiles/light_core_demo.dir/src/module.c.obj
 *fill*         0x10003e8e        0x2 
 .rodata._light_board_log_handler.str1.4
                0x10003e90       0x11 CMakeFiles/light_core_demo.dir/__/__/board/rpi_pico/board.c.obj
 *fill*         0x10003ea1        0x3 
 .rodata.repeating_timer_callback.str1.4
                0x10003ea4       0x59 CMakeFiles/light_core_demo.dir/C_/workspaces/embedded/projects/pico-sdk/src/common/pico_time/time.c.obj
 *fill*         0x10003efd        0x3 
 .rodata.alarm_pool_dump_key.str1.4
                0x10003f00       0x33 CMakeFiles/light_core_demo.dir/C_/workspaces/embedded/projects/pico-sdk/src/common/pico_time/time.c.obj
 *fill*         0x10003f33        0x1 
 .rodata.ph_add_child_node.str1.4
                0x10003f34       0xa2 CMakeFiles/light_core_demo.dir/C_/workspaces/embedded/projects/pico-sdk/src/common/pico_time/time.c.obj
 *fill*         0x10003fd6        0x2 
 .rodata.add_alarm_under_lock.str1.4
                0x10003fd8       0x28 CMakeFiles/light_core_demo.dir/C_/workspaces/embedded/projects/pico-sdk/src/common/pico_time/time.c.obj
                                 0x2b (size before relaxing)
 .rodata.alarm_pool_alarm_callback.str1.4
                0x10004000       0xf2 CMakeFiles/light_core_demo.dir/C_/workspaces/embedded/projects/pico-sdk/src/common/pico_time/time.c.obj
 *fill*         0x100040f2        0x2 
 .rodata.__func__.10
                0x100040f4       0x15 CMakeFiles/light_core_demo.dir/C_/workspaces/embedded/projects/pico-sdk/src/common/pico_time/time.c.obj
 *fill*         0x10004109        0x3 
 .rodata.__func__.11
                0x1000410c       0x1a CMakeFiles/light_core_demo.dir/C_/workspaces/embedded/projects/pico-sdk/src/common/pico_time/time.c.obj
 *fill*         0x10004126        0x2 
 .rodata.__func__.12
                0x10004128        0xa CMakeFiles/light_core_demo.dir/C_/workspaces/embedded/projects/pico-sdk/src/common/pico_time/time.c.obj
 *fill*         0x10004132        0x2 
 .rodata.__func__.4
                0x10004134       0x12 CMakeFiles/light_core_demo.dir/C_/workspaces/embedded/projects/pico-sdk/src/common/pico_time/time.c.obj
 *fill*         0x10004146        0x2 
 .rodata.__func__.5
                0x10004148        0xd CMakeFiles/light_core_demo.dir/C_/workspaces/embedded/projects/pico-sdk/src/common/pico_time/time.c.obj
 *fill*         0x10004155        0x3 
 .rodata.__func__.6
                0x10004158       0x12 CMakeFiles/light_core_demo.dir/C_/workspaces/embedded/projects/pico-sdk/src/common/pico_time/time.c.obj
 *fill*         0x1000416a        0x2 
 .rodata.__func__.7
                0x1000416c        0xf CMakeFiles/light_core_demo.dir/C_/workspaces/embedded/projects/pico-sdk/src/common/pico_time/time.c.obj
 *fill*         0x1000417b        0x1 
 .rodata.__func__.8
                0x1000417c        0xc CMakeFiles/light_core_demo.dir/C_/workspaces/embedded/projects/pico-sdk/src/common/pico_time/time.c.obj
 .rodata.__func__.9
                0x10004188       0x15 CMakeFiles/light_core_demo.dir/C_/workspaces/embedded/projects/pico-sdk/src/common/pico_time/time.c.obj
 *fill*         0x1000419d        0x3 
 .rodata.hardware_alarm_claim.str1.4
                0x100041a0       0x22 CMakeFiles/light_core_demo.dir/C_/workspaces/embedded/projects/pico-sdk/src/rp2_common/hardware_timer/timer.c.obj
 *fill*         0x100041c2        0x2 
 .rodata.hardware_alarm_set_target.str1.4
                0x100041c4       0x73 CMakeFiles/light_core_demo.dir/C_/workspaces/embedded/projects/pico-sdk/src/rp2_common/hardware_timer/timer.c.obj
 *fill*         0x10004237        0x1 
 .rodata.__func__.0
                0x10004238       0x1a CMakeFiles/light_core_demo.dir/C_/workspaces/embedded/projects/pico-sdk/src/rp2_common/hardware_timer/timer.c.obj
 *fill*         0x10004252        0x2 
 .rodata.str1.4
                0x10004254       0xc1 CMakeFiles/light_core_demo.dir/C_/workspaces/embedded/projects/pico-sdk/src/common/pico_sync/mutex.c.obj
                                0x131 (size before relaxing)
 *fill*         0x10004315        0x3 
 .rodata.__func__.0
                0x10004318        0xb CMakeFiles/light_core_demo.dir/C_/workspaces/embedded/projects/pico-sdk/src/common/pico_sync/mutex.c.obj
 *fill*         0x10004323        0x1 
 .rodata.__func__.3
                0x10004324       0x15 CMakeFiles/light_core_demo.dir/C_/workspaces/embedded/projects/pico-sdk/src/common/pico_sync/mutex.c.obj
 .rodata.ph_add_child_node.str1.4
                0x10004339       0xa2 CMakeFiles/light_core_demo.dir/C_/workspaces/embedded/projects/pico-sdk/src/common/pico_util/pheap.c.obj
 *fill*         0x10004339        0x3 
 .rodata.ph_remove_any_head.str1.4
                0x1000433c       0x9c CMakeFiles/light_core_demo.dir/C_/workspaces/embedded/projects/pico-sdk/src/common/pico_util/pheap.c.obj
 .rodata.ph_remove_and_free_node.str1.4
                0x100043d8       0x26 CMakeFiles/light_core_demo.dir/C_/workspaces/embedded/projects/pico-sdk/src/common/pico_util/pheap.c.obj
 *fill*         0x100043fe        0x2 
 .rodata.__func__.0
                0x10004400       0x18 CMakeFiles/light_core_demo.dir/C_/workspaces/embedded/projects/pico-sdk/src/common/pico_util/pheap.c.obj
 .rodata.__func__.1
                0x10004418       0x13 CMakeFiles/light_core_demo.dir/C_/workspaces/embedded/projects/pico-sdk/src/common/pico_util/pheap.c.obj
 *fill*         0x1000442b        0x1 
 .rodata.__func__.2
                0x1000442c       0x12 CMakeFiles/light_core_demo.dir/C_/workspaces/embedded/projects/pico-sdk/src/common/pico_util/pheap.c.obj
 *fill*         0x1000443e        0x2 
 .rodata.__func__.3
                0x10004440        0xc CMakeFiles/light_core_demo.dir/C_/workspaces/embedded/projects/pico-sdk/src/common/pico_util/pheap.c.obj
 .rodata.__assert_func.str1.4
                0x1000444c       0x3f CMakeFiles/light_core_demo.dir/C_/workspaces/embedded/projects/pico-sdk/src/rp2_common/pico_runtime/runtime.c.obj
                                 0x43 (size before relaxing)
 *fill*         0x1000448b        0x1 
 .rodata.panic.str1.4
                0x1000448c       0x12 CMakeFiles/light_core_demo.dir/C_/workspaces/embedded/projects/pico-sdk/src/rp2_common/pico_runtime/runtime.c.obj
 *fill*         0x1000449e        0x2 
 .rodata.clock_configure.str1.4
                0x100044a0       0x65 CMakeFiles/light_core_demo.dir/C_/workspaces/embedded/projects/pico-sdk/src/rp2_common/hardware_clocks/clocks.c.obj
 *fill*         0x10004505        0x3 
 .rodata.__func__.1
                0x10004508       0x10 CMakeFiles/light_core_demo.dir/C_/workspaces/embedded/projects/pico-sdk/src/rp2_common/hardware_clocks/clocks.c.obj
 .rodata.make_branch.str1.4
                0x10004518       0x5b CMakeFiles/light_core_demo.dir/C_/workspaces/embedded/projects/pico-sdk/src/rp2_common/hardware_irq/irq.c.obj
 *fill*         0x10004573        0x1 
 .rodata.irq_set_exclusive_handler.str1.4
                0x10004574       0x36 CMakeFiles/light_core_demo.dir/C_/workspaces/embedded/projects/pico-sdk/src/rp2_common/hardware_irq/irq.c.obj
 *fill*         0x100045aa        0x2 
 .rodata.irq_add_shared_handler.str1.4
                0x100045ac       0xd9 CMakeFiles/light_core_demo.dir/C_/workspaces/embedded/projects/pico-sdk/src/rp2_common/hardware_irq/irq.c.obj
 *fill*         0x10004685        0x3 
 .rodata.irq_remove_handler.str1.4
                0x10004688       0x2a CMakeFiles/light_core_demo.dir/C_/workspaces/embedded/projects/pico-sdk/src/rp2_common/hardware_irq/irq.c.obj
 *fill*         0x100046b2        0x2 
 .rodata.irq_add_tail_to_free_list.str1.4
                0x100046b4       0x32 CMakeFiles/light_core_demo.dir/C_/workspaces/embedded/projects/pico-sdk/src/rp2_common/hardware_irq/irq.c.obj
                                 0x3a (size before relaxing)
 *fill*         0x100046e6        0x2 
 .rodata.__func__.0
                0x100046e8       0x1a CMakeFiles/light_core_demo.dir/C_/workspaces/embedded/projects/pico-sdk/src/rp2_common/hardware_irq/irq.c.obj
 *fill*         0x10004702        0x2 
 .rodata.__func__.1
                0x10004704       0x17 CMakeFiles/light_core_demo.dir/C_/workspaces/embedded/projects/pico-sdk/src/rp2_common/hardware_irq/irq.c.obj
 *fill*         0x1000471b        0x1 
 .rodata.__func__.2
                0x1000471c       0x13 CMakeFiles/light_core_demo.dir/C_/workspaces/embedded/projects/pico-sdk/src/rp2_common/hardware_irq/irq.c.obj
 *fill*         0x1000472f        0x1 
 .rodata.__func__.3
                0x10004730        0xc CMakeFiles/light_core_demo.dir/C_/workspaces/embedded/projects/pico-sdk/src/rp2_common/hardware_irq/irq.c.obj
 .rodata.__func__.4
                0x1000473c        0xf CMakeFiles/light_core_demo.dir/C_/workspaces/embedded/projects/pico-sdk/src/rp2_common/hardware_irq/irq.c.obj
 *fill*         0x1000474b        0x1 
 .rodata.__func__.6
                0x1000474c       0x1a CMakeFiles/light_core_demo.dir/C_/workspaces/embedded/projects/pico-sdk/src/rp2_common/hardware_irq/irq.c.obj
 *fill*         0x10004766        0x2 
 .rodata.pll_init.str1.4
                0x10004768       0xe7 CMakeFiles/light_core_demo.dir/C_/workspaces/embedded/projects/pico-sdk/src/rp2_common/hardware_pll/pll.c.obj
 *fill*         0x1000484f        0x1 
 .rodata.__func__.0
                0x10004850        0x9 CMakeFiles/light_core_demo.dir/C_/workspaces/embedded/projects/pico-sdk/src/rp2_common/hardware_pll/pll.c.obj
 *fill*         0x10004859        0x3 
 .rodata._ftoa.str1.4
                0x1000485c       0x15 CMakeFiles/light_core_demo.dir/C_/workspaces/embedded/projects/pico-sdk/src/rp2_common/pico_printf/printf.c.obj
 *fill*         0x10004871        0x3 
 .rodata._vsnprintf
                0x10004874      0x1e0 CMakeFiles/light_core_demo.dir/C_/workspaces/embedded/projects/pico-sdk/src/rp2_common/pico_printf/printf.c.obj
 *fill*         0x10004a54        0x4 
 .rodata.pow10.0
                0x10004a58       0x50 CMakeFiles/light_core_demo.dir/C_/workspaces/embedded/projects/pico-sdk/src/rp2_common/pico_printf/printf.c.obj
 .rodata.__aeabi_double_init.str1.4
                0x10004aa8       0xb6 CMakeFiles/light_core_demo.dir/C_/workspaces/embedded/projects/pico-sdk/src/rp2_common/pico_double/double_init_rom.c.obj
 *fill*         0x10004b5e        0x2 
 .rodata.__func__.0
                0x10004b60       0x14 CMakeFiles/light_core_demo.dir/C_/workspaces/embedded/projects/pico-sdk/src/rp2_common/pico_double/double_init_rom.c.obj
 .rodata.__aeabi_float_init.str1.4
                0x10004b74       0x88 CMakeFiles/light_core_demo.dir/C_/workspaces/embedded/projects/pico-sdk/src/rp2_common/pico_float/float_init_rom.c.obj
                                 0x8c (size before relaxing)
 .rodata.__func__.0
                0x10004bfc       0x13 CMakeFiles/light_core_demo.dir/C_/workspaces/embedded/projects/pico-sdk/src/rp2_common/pico_float/float_init_rom.c.obj
 *fill*         0x10004c0f        0x1 
 .rodata.str1.4
                0x10004c10       0x34 CMakeFiles/light_core_demo.dir/C_/workspaces/embedded/projects/pico-sdk/src/rp2_common/pico_standard_link/binary_info.c.obj
 .rodata.__bi_44
                0x10004c44        0xc CMakeFiles/light_core_demo.dir/C_/workspaces/embedded/projects/pico-sdk/src/rp2_common/pico_standard_link/binary_info.c.obj
 .rodata.__bi_75
                0x10004c50        0xc CMakeFiles/light_core_demo.dir/C_/workspaces/embedded/projects/pico-sdk/src/rp2_common/pico_standard_link/binary_info.c.obj
 .rodata.__bi_81
                0x10004c5c        0xc CMakeFiles/light_core_demo.dir/C_/workspaces/embedded/projects/pico-sdk/src/rp2_common/pico_standard_link/binary_info.c.obj
 .rodata.crlf_str.3
                0x10004c68        0x2 CMakeFiles/light_core_demo.dir/C_/workspaces/embedded/projects/pico-sdk/src/rp2_common/pico_stdio/stdio.c.obj
                0x10004c6c                . = ALIGN (0x4)
 *fill*         0x10004c6a        0x2 
 *(SORT_BY_ALIGNMENT(SORT_BY_NAME(.flashdata*)))
                0x10004c6c                . = ALIGN (0x4)

.rel.dyn        0x10004c6c        0x0
 .rel.iplt      0x10004c6c        0x0 c:/workspaces/embedded/tools/gcc-arm-none-eabi-10.3-2021.07/bin/../lib/gcc/arm-none-eabi/10.3.1/thumb/v6-m/nofp/crtbegin.o

.ARM.extab
 *(.ARM.extab* .gnu.linkonce.armextab.*)
                0x10004c6c                __exidx_start = .

.ARM.exidx
 *(.ARM.exidx* .gnu.linkonce.armexidx.*)
                0x10004c6c                __exidx_end = .
                0x10004c6c                . = ALIGN (0x4)
                0x10004c6c                __binary_info_start = .

.binary_info    0x10004c6c       0x18
 *(.binary_info.keep.*)
 .binary_info.keep.__bi_ptr22
                0x10004c6c        0x4 CMakeFiles/light_core_demo.dir/C_/workspaces/embedded/projects/pico-sdk/src/rp2_common/pico_standard_link/binary_info.c.obj
 .binary_info.keep.__bi_ptr30
                0x10004c70        0x4 CMakeFiles/light_core_demo.dir/C_/workspaces/embedded/projects/pico-sdk/src/rp2_common/pico_standard_link/binary_info.c.obj
 .binary_info.keep.__bi_ptr44
                0x10004c74        0x4 CMakeFiles/light_core_demo.dir/C_/workspaces/embedded/projects/pico-sdk/src/rp2_common/pico_standard_link/binary_info.c.obj
 .binary_info.keep.__bi_ptr50
                0x10004c78        0x4 CMakeFiles/light_core_demo.dir/C_/workspaces/embedded/projects/pico-sdk/src/rp2_common/pico_standard_link/binary_info.c.obj
 .binary_info.keep.__bi_ptr75
                0x10004c7c        0x4 CMakeFiles/light_core_demo.dir/C_/workspaces/embedded/projects/pico-sdk/src/rp2_common/pico_standard_link/binary_info.c.obj
 .binary_info.keep.__bi_ptr81
                0x10004c80        0x4 CMakeFiles/light_core_demo.dir/C_/workspaces/embedded/projects/pico-sdk/src/rp2_common/pico_standard_link/binary_info.c.obj
 *(.binary_info.*)
                0x10004c84                __binary_info_end = .
                0x10004c84                . = ALIGN (0x4)
                0x10004c84                __etext = .

.ram_vector_table
                0x20000000       0xc0
 *(.ram_vector_table)
 .ram_vector_table
                0x20000000       0xc0 CMakeFiles/light_core_demo.dir/C_/workspaces/embedded/projects/pico-sdk/src/rp2_common/pico_runtime/runtime.c.obj
                0x20000000                ram_vector_table

.data           0x200000c0      0x380 load address 0x10004c84
                0x200000c0                __data_start__ = .
 *(vtable)
 *(.time_critical*)
 .time_critical.mutex_enter_blocking
                0x200000c0       0x94 CMakeFiles/light_core_demo.dir/C_/workspaces/embedded/projects/pico-sdk/src/common/pico_sync/mutex.c.obj
                0x200000c0                mutex_enter_blocking
 .time_critical.mutex_try_enter
                0x20000154       0x5a CMakeFiles/light_core_demo.dir/C_/workspaces/embedded/projects/pico-sdk/src/common/pico_sync/mutex.c.obj
                0x20000154                mutex_try_enter
 *fill*         0x200001ae        0x2 
 .time_critical.mutex_exit
                0x200001b0       0x94 CMakeFiles/light_core_demo.dir/C_/workspaces/embedded/projects/pico-sdk/src/common/pico_sync/mutex.c.obj
                0x200001b0                mutex_exit
 *(.text*)
 .text          0x20000244        0x4 c:/workspaces/embedded/tools/gcc-arm-none-eabi-10.3-2021.07/bin/../lib/gcc/arm-none-eabi/10.3.1/thumb/v6-m/nofp\libgcc.a(_dvmd_tls.o)
                0x20000244                __aeabi_idiv0
                0x20000244                __aeabi_ldiv0
 .text.__stub   0x20000248       0x10 linker stubs
                0x20000258                . = ALIGN (0x4)
 *(.rodata*)
                0x20000258                . = ALIGN (0x4)
 *(.data*)
 .data.component_type_mainboard
                0x20000258        0xc CMakeFiles/light_core_demo.dir/src/module.c.obj
 .data.this_module
                0x20000264      0x118 CMakeFiles/light_core_demo.dir/src/module.c.obj
 .data.default_logger
                0x2000037c        0x4 CMakeFiles/light_core_demo.dir/src/log.c.obj
 .data.striped_spin_lock_num
                0x20000380        0x1 CMakeFiles/light_core_demo.dir/C_/workspaces/embedded/projects/pico-sdk/src/rp2_common/hardware_sync/sync.c.obj
 *fill*         0x20000381        0x3 
 .data.default_alarm_pool
                0x20000384       0x18 CMakeFiles/light_core_demo.dir/C_/workspaces/embedded/projects/pico-sdk/src/common/pico_time/time.c.obj
 .data.default_alarm_pool_heap
                0x2000039c       0x10 CMakeFiles/light_core_demo.dir/C_/workspaces/embedded/projects/pico-sdk/src/common/pico_time/time.c.obj
 .data          0x200003ac       0x48 CMakeFiles/light_core_demo.dir/C_/workspaces/embedded/projects/pico-sdk/src/rp2_common/hardware_irq/irq_handler_chain.S.obj
                0x200003ac                irq_handler_chain_slots
                0x200003dc                irq_handler_chain_first_slot
                0x200003e6                irq_handler_chain_remove_tail
 *fill*         0x200003f4        0xc 
 .data.aeabi_bits_funcs
                0x20000400       0x10 CMakeFiles/light_core_demo.dir/C_/workspaces/embedded/projects/pico-sdk/src/rp2_common/pico_bit_ops/bit_ops_aeabi.S.obj
                0x20000400                aeabi_bits_funcs
                0x20000410                aeabi_bits_funcs_end
 .data.aeabi_mem_funcs
                0x20000410       0x10 CMakeFiles/light_core_demo.dir/C_/workspaces/embedded/projects/pico-sdk/src/rp2_common/pico_mem_ops/mem_ops_aeabi.S.obj
                0x20000410                aeabi_mem_funcs
                0x20000420                aeabi_mem_funcs_end
                0x20000420                . = ALIGN (0x4)
 *(.after_data.*)
                0x20000420                . = ALIGN (0x4)
                0x20000420                PROVIDE (__mutex_array_start = .)
 *(SORT_BY_NAME(.mutex_array.*))
 *(.mutex_array)
 .mutex_array   0x20000420        0x8 CMakeFiles/light_core_demo.dir/C_/workspaces/embedded/projects/pico-sdk/src/rp2_common/pico_stdio/stdio.c.obj
                0x20000428                PROVIDE (__mutex_array_end = .)
                0x20000428                . = ALIGN (0x4)
                0x20000428                PROVIDE (__preinit_array_start = .)
 *(SORT_BY_NAME(.preinit_array.*))
 .preinit_array.00001
                0x20000428        0x4 CMakeFiles/light_core_demo.dir/C_/workspaces/embedded/projects/pico-sdk/src/rp2_common/pico_mem_ops/mem_ops_aeabi.S.obj
 .preinit_array.00010
                0x2000042c        0x4 CMakeFiles/light_core_demo.dir/C_/workspaces/embedded/projects/pico-sdk/src/rp2_common/pico_bit_ops/bit_ops_aeabi.S.obj
 .preinit_array.00020
                0x20000430        0x4 CMakeFiles/light_core_demo.dir/C_/workspaces/embedded/projects/pico-sdk/src/rp2_common/pico_double/double_aeabi.S.obj
 .preinit_array.00020
                0x20000434        0x4 CMakeFiles/light_core_demo.dir/C_/workspaces/embedded/projects/pico-sdk/src/rp2_common/pico_float/float_aeabi.S.obj
 *(.preinit_array)
                0x20000438                PROVIDE (__preinit_array_end = .)
                0x20000438                . = ALIGN (0x4)
                0x20000438                PROVIDE (__init_array_start = .)
 *(SORT_BY_NAME(.init_array.*))
 *(.init_array)
 .init_array    0x20000438        0x4 c:/workspaces/embedded/tools/gcc-arm-none-eabi-10.3-2021.07/bin/../lib/gcc/arm-none-eabi/10.3.1/thumb/v6-m/nofp/crtbegin.o
 .init_array    0x2000043c        0x4 CMakeFiles/light_core_demo.dir/src/module.c.obj
                0x20000440                PROVIDE (__init_array_end = .)
                0x20000440                . = ALIGN (0x4)
                [!provide]                PROVIDE (__fini_array_start = .)
 *(SORT_BY_NAME(.fini_array.*))
 *(.fini_array)
                [!provide]                PROVIDE (__fini_array_end = .)
 *(.jcr)
                0x20000440                . = ALIGN (0x4)
                0x20000440                __data_end__ = .

.igot.plt       0x20000440        0x0 load address 0x10005004
 .igot.plt      0x20000440        0x0 c:/workspaces/embedded/tools/gcc-arm-none-eabi-10.3-2021.07/bin/../lib/gcc/arm-none-eabi/10.3.1/thumb/v6-m/nofp/crtbegin.o

.uninitialized_data
                0x20000440        0x0 load address 0x10005004
                0x20000440                . = ALIGN (0x4)
 *(.uninitialized_data*)

.scratch_x      0x20040000        0x0 load address 0x10005004
                0x20040000                __scratch_x_start__ = .
 *(.scratch_x.*)
                0x20040000                . = ALIGN (0x4)
                0x20040000                __scratch_x_end__ = .
                0x10005004                __scratch_x_source__ = LOADADDR (.scratch_x)

.scratch_y      0x20041000        0x0 load address 0x10005004
                0x20041000                __scratch_y_start__ = .
 *(.scratch_y.*)
                0x20041000                . = ALIGN (0x4)
                0x20041000                __scratch_y_end__ = .
                0x10005004                __scratch_y_source__ = LOADADDR (.scratch_y)

.bss            0x20000440      0x914
                0x20000440                . = ALIGN (0x4)
                0x20000440                __bss_start__ = .
 *(SORT_BY_ALIGNMENT(SORT_BY_NAME(.bss*)))
 .bss.default_alarm_pool_entries
                0x20000440      0x100 CMakeFiles/light_core_demo.dir/C_/workspaces/embedded/projects/pico-sdk/src/common/pico_time/time.c.obj
 .bss           0x20000540       0x1c c:/workspaces/embedded/tools/gcc-arm-none-eabi-10.3-2021.07/bin/../lib/gcc/arm-none-eabi/10.3.1/thumb/v6-m/nofp/crtbegin.o
 .bss._light_modules
                0x2000055c      0x400 CMakeFiles/light_core_demo.dir/src/module.c.obj
                0x2000055c                _light_modules
 .bss.alarm_callbacks
                0x2000095c       0x10 CMakeFiles/light_core_demo.dir/C_/workspaces/embedded/projects/pico-sdk/src/rp2_common/hardware_timer/timer.c.obj
 .bss.buffer.0  0x2000096c       0x80 CMakeFiles/light_core_demo.dir/src/log.c.obj
 .bss.configured_freq
                0x200009ec       0x28 CMakeFiles/light_core_demo.dir/C_/workspaces/embedded/projects/pico-sdk/src/rp2_common/hardware_clocks/clocks.c.obj
 .bss.default_alarm_pool_entry_ids_high
                0x20000a14       0x10 CMakeFiles/light_core_demo.dir/C_/workspaces/embedded/projects/pico-sdk/src/common/pico_time/time.c.obj
 .bss.default_alarm_pool_heap_nodes
                0x20000a24       0x30 CMakeFiles/light_core_demo.dir/C_/workspaces/embedded/projects/pico-sdk/src/common/pico_time/time.c.obj
 .bss.drivers   0x20000a54        0x4 CMakeFiles/light_core_demo.dir/C_/workspaces/embedded/projects/pico-sdk/src/rp2_common/pico_stdio/stdio.c.obj
 .bss.filter    0x20000a58        0x4 CMakeFiles/light_core_demo.dir/C_/workspaces/embedded/projects/pico-sdk/src/rp2_common/pico_stdio/stdio.c.obj
 .bss.light_component_type_table
                0x20000a5c       0x40 CMakeFiles/light_core_demo.dir/src/module.c.obj
 .bss.pools     0x20000a9c       0x10 CMakeFiles/light_core_demo.dir/C_/workspaces/embedded/projects/pico-sdk/src/common/pico_time/time.c.obj
 .bss.sd_table  0x20000aac      0x100 CMakeFiles/light_core_demo.dir/C_/workspaces/embedded/projects/pico-sdk/src/rp2_common/pico_double/double_init_rom.c.obj
                0x20000aac                sd_table
 .bss.sf_clz_func
                0x20000bac        0x4 CMakeFiles/light_core_demo.dir/C_/workspaces/embedded/projects/pico-sdk/src/rp2_common/pico_float/float_init_rom.c.obj
                0x20000bac                sf_clz_func
 .bss.sf_table  0x20000bb0      0x100 CMakeFiles/light_core_demo.dir/C_/workspaces/embedded/projects/pico-sdk/src/rp2_common/pico_float/float_init_rom.c.obj
                0x20000bb0                sf_table
 .bss.sleep_notifier
                0x20000cb0        0x4 CMakeFiles/light_core_demo.dir/C_/workspaces/embedded/projects/pico-sdk/src/common/pico_time/time.c.obj
 .bss.target_hi
                0x20000cb4       0x10 CMakeFiles/light_core_demo.dir/C_/workspaces/embedded/projects/pico-sdk/src/rp2_common/hardware_timer/timer.c.obj
 .bss.this_app  0x20000cc4       0x88 CMakeFiles/light_core_demo.dir/src/module.c.obj
 .bss._light_module_count
                0x20000d4c        0x1 CMakeFiles/light_core_demo.dir/src/module.c.obj
                0x20000d4c                _light_module_count
 .bss.claimed   0x20000d4d        0x1 CMakeFiles/light_core_demo.dir/C_/workspaces/embedded/projects/pico-sdk/src/rp2_common/hardware_timer/timer.c.obj
 .bss.irq_hander_chain_free_slot_head
                0x20000d4e        0x1 CMakeFiles/light_core_demo.dir/C_/workspaces/embedded/projects/pico-sdk/src/rp2_common/hardware_irq/irq.c.obj
 .bss.light_component_type_count
                0x20000d4f        0x1 CMakeFiles/light_core_demo.dir/src/module.c.obj
 .bss.timer_callbacks_pending
                0x20000d50        0x1 CMakeFiles/light_core_demo.dir/C_/workspaces/embedded/projects/pico-sdk/src/rp2_common/hardware_timer/timer.c.obj
 *(COMMON)
                0x20000d54                . = ALIGN (0x4)
 *fill*         0x20000d51        0x3 
                0x20000d54                __bss_end__ = .

.heap           0x20000d54      0x800
                0x20000d54                __end__ = .
                0x20000d54                end = __end__
 *(.heap*)
 .heap          0x20000d54      0x800 CMakeFiles/light_core_demo.dir/C_/workspaces/embedded/projects/pico-sdk/src/rp2_common/pico_standard_link/crt0.S.obj
                0x20001554                __HeapLimit = .

.stack1_dummy   0x20040000        0x0
 *(.stack1*)

.stack_dummy    0x20041000      0x800
 *(.stack*)
 .stack         0x20041000      0x800 CMakeFiles/light_core_demo.dir/C_/workspaces/embedded/projects/pico-sdk/src/rp2_common/pico_standard_link/crt0.S.obj

.flash_end      0x10005004        0x0
                0x10005004                __flash_binary_end = .
                0x20040000                __StackLimit = (ORIGIN (RAM) + LENGTH (RAM))
                0x20041000                __StackOneTop = (ORIGIN (SCRATCH_X) + LENGTH (SCRATCH_X))
                0x20042000                __StackTop = (ORIGIN (SCRATCH_Y) + LENGTH (SCRATCH_Y))
                0x20041000                __StackOneBottom = (__StackOneTop - SIZEOF (.stack1_dummy))
                0x20041800                __StackBottom = (__StackTop - SIZEOF (.stack_dummy))
                0x20042000                PROVIDE (__stack = __StackTop)
                0x00000001                ASSERT ((__StackLimit >= __HeapLimit), region RAM overflowed)
                0x00000001                ASSERT (((__binary_info_header_end - __logical_binary_start) <= 0x100), Binary info must be in first 256 bytes of the binary)
LOAD CMakeFiles/light_core_demo.dir/demo/main.c.obj
LOAD CMakeFiles/light_core_demo.dir/src/module.c.obj
LOAD CMakeFiles/light_core_demo.dir/src/log.c.obj
LOAD CMakeFiles/light_core_demo.dir/__/__/board/rpi_pico/board.c.obj
LOAD CMakeFiles/light_core_demo.dir/C_/workspaces/embedded/projects/pico-sdk/src/rp2_common/pico_stdlib/stdlib.c.obj
LOAD CMakeFiles/light_core_demo.dir/C_/workspaces/embedded/projects/pico-sdk/src/rp2_common/hardware_gpio/gpio.c.obj
LOAD CMakeFiles/light_core_demo.dir/C_/workspaces/embedded/projects/pico-sdk/src/rp2_common/hardware_claim/claim.c.obj
LOAD CMakeFiles/light_core_demo.dir/C_/workspaces/embedded/projects/pico-sdk/src/rp2_common/pico_platform/platform.c.obj
LOAD CMakeFiles/light_core_demo.dir/C_/workspaces/embedded/projects/pico-sdk/src/rp2_common/hardware_sync/sync.c.obj
LOAD CMakeFiles/light_core_demo.dir/C_/workspaces/embedded/projects/pico-sdk/src/rp2_common/hardware_uart/uart.c.obj
LOAD CMakeFiles/light_core_demo.dir/C_/workspaces/embedded/projects/pico-sdk/src/rp2_common/hardware_divider/divider.S.obj
LOAD CMakeFiles/light_core_demo.dir/C_/workspaces/embedded/projects/pico-sdk/src/common/pico_time/time.c.obj
LOAD CMakeFiles/light_core_demo.dir/C_/workspaces/embedded/projects/pico-sdk/src/common/pico_time/timeout_helper.c.obj
LOAD CMakeFiles/light_core_demo.dir/C_/workspaces/embedded/projects/pico-sdk/src/rp2_common/hardware_timer/timer.c.obj
LOAD CMakeFiles/light_core_demo.dir/C_/workspaces/embedded/projects/pico-sdk/src/common/pico_sync/sem.c.obj
LOAD CMakeFiles/light_core_demo.dir/C_/workspaces/embedded/projects/pico-sdk/src/common/pico_sync/lock_core.c.obj
LOAD CMakeFiles/light_core_demo.dir/C_/workspaces/embedded/projects/pico-sdk/src/common/pico_sync/mutex.c.obj
LOAD CMakeFiles/light_core_demo.dir/C_/workspaces/embedded/projects/pico-sdk/src/common/pico_sync/critical_section.c.obj
LOAD CMakeFiles/light_core_demo.dir/C_/workspaces/embedded/projects/pico-sdk/src/common/pico_util/datetime.c.obj
LOAD CMakeFiles/light_core_demo.dir/C_/workspaces/embedded/projects/pico-sdk/src/common/pico_util/pheap.c.obj
LOAD CMakeFiles/light_core_demo.dir/C_/workspaces/embedded/projects/pico-sdk/src/common/pico_util/queue.c.obj
LOAD CMakeFiles/light_core_demo.dir/C_/workspaces/embedded/projects/pico-sdk/src/rp2_common/pico_runtime/runtime.c.obj
LOAD CMakeFiles/light_core_demo.dir/C_/workspaces/embedded/projects/pico-sdk/src/rp2_common/hardware_clocks/clocks.c.obj
LOAD CMakeFiles/light_core_demo.dir/C_/workspaces/embedded/projects/pico-sdk/src/rp2_common/hardware_irq/irq.c.obj
LOAD CMakeFiles/light_core_demo.dir/C_/workspaces/embedded/projects/pico-sdk/src/rp2_common/hardware_irq/irq_handler_chain.S.obj
LOAD CMakeFiles/light_core_demo.dir/C_/workspaces/embedded/projects/pico-sdk/src/rp2_common/hardware_pll/pll.c.obj
LOAD CMakeFiles/light_core_demo.dir/C_/workspaces/embedded/projects/pico-sdk/src/rp2_common/hardware_vreg/vreg.c.obj
LOAD CMakeFiles/light_core_demo.dir/C_/workspaces/embedded/projects/pico-sdk/src/rp2_common/hardware_watchdog/watchdog.c.obj
LOAD CMakeFiles/light_core_demo.dir/C_/workspaces/embedded/projects/pico-sdk/src/rp2_common/hardware_xosc/xosc.c.obj
LOAD CMakeFiles/light_core_demo.dir/C_/workspaces/embedded/projects/pico-sdk/src/rp2_common/pico_printf/printf.c.obj
LOAD CMakeFiles/light_core_demo.dir/C_/workspaces/embedded/projects/pico-sdk/src/rp2_common/pico_bit_ops/bit_ops_aeabi.S.obj
LOAD CMakeFiles/light_core_demo.dir/C_/workspaces/embedded/projects/pico-sdk/src/rp2_common/pico_bootrom/bootrom.c.obj
LOAD CMakeFiles/light_core_demo.dir/C_/workspaces/embedded/projects/pico-sdk/src/rp2_common/pico_divider/divider.S.obj
LOAD CMakeFiles/light_core_demo.dir/C_/workspaces/embedded/projects/pico-sdk/src/rp2_common/pico_double/double_aeabi.S.obj
LOAD CMakeFiles/light_core_demo.dir/C_/workspaces/embedded/projects/pico-sdk/src/rp2_common/pico_double/double_init_rom.c.obj
LOAD CMakeFiles/light_core_demo.dir/C_/workspaces/embedded/projects/pico-sdk/src/rp2_common/pico_double/double_math.c.obj
LOAD CMakeFiles/light_core_demo.dir/C_/workspaces/embedded/projects/pico-sdk/src/rp2_common/pico_double/double_v1_rom_shim.S.obj
LOAD CMakeFiles/light_core_demo.dir/C_/workspaces/embedded/projects/pico-sdk/src/rp2_common/pico_int64_ops/pico_int64_ops_aeabi.S.obj
LOAD CMakeFiles/light_core_demo.dir/C_/workspaces/embedded/projects/pico-sdk/src/rp2_common/pico_float/float_aeabi.S.obj
LOAD CMakeFiles/light_core_demo.dir/C_/workspaces/embedded/projects/pico-sdk/src/rp2_common/pico_float/float_init_rom.c.obj
LOAD CMakeFiles/light_core_demo.dir/C_/workspaces/embedded/projects/pico-sdk/src/rp2_common/pico_float/float_math.c.obj
LOAD CMakeFiles/light_core_demo.dir/C_/workspaces/embedded/projects/pico-sdk/src/rp2_common/pico_float/float_v1_rom_shim.S.obj
LOAD CMakeFiles/light_core_demo.dir/C_/workspaces/embedded/projects/pico-sdk/src/rp2_common/pico_malloc/pico_malloc.c.obj
LOAD CMakeFiles/light_core_demo.dir/C_/workspaces/embedded/projects/pico-sdk/src/rp2_common/pico_mem_ops/mem_ops_aeabi.S.obj
LOAD CMakeFiles/light_core_demo.dir/C_/workspaces/embedded/projects/pico-sdk/src/rp2_common/pico_standard_link/crt0.S.obj
LOAD CMakeFiles/light_core_demo.dir/C_/workspaces/embedded/projects/pico-sdk/src/rp2_common/pico_standard_link/new_delete.cpp.obj
LOAD CMakeFiles/light_core_demo.dir/C_/workspaces/embedded/projects/pico-sdk/src/rp2_common/pico_standard_link/binary_info.c.obj
LOAD CMakeFiles/light_core_demo.dir/C_/workspaces/embedded/projects/pico-sdk/src/rp2_common/pico_stdio/stdio.c.obj
LOAD CMakeFiles/light_core_demo.dir/C_/workspaces/embedded/projects/pico-sdk/src/rp2_common/pico_stdio_uart/stdio_uart.c.obj
LOAD CMakeFiles/light_core_demo.dir/C_/workspaces/embedded/projects/pico-sdk/src/rp2_common/hardware_spi/spi.c.obj
LOAD CMakeFiles/light_core_demo.dir/C_/workspaces/embedded/projects/pico-sdk/src/rp2_common/hardware_i2c/i2c.c.obj
LOAD C:\Users\alexf\AppData\Local\Temp\cc3uRE5H.o
LOAD c:/workspaces/embedded/tools/gcc-arm-none-eabi-10.3-2021.07/bin/../lib/gcc/arm-none-eabi/10.3.1/../../../../arm-none-eabi/lib/thumb/v6-m/nofp\libstdc++.a
LOAD c:/workspaces/embedded/tools/gcc-arm-none-eabi-10.3-2021.07/bin/../lib/gcc/arm-none-eabi/10.3.1/../../../../arm-none-eabi/lib/thumb/v6-m/nofp\libm.a
START GROUP
LOAD c:/workspaces/embedded/tools/gcc-arm-none-eabi-10.3-2021.07/bin/../lib/gcc/arm-none-eabi/10.3.1/thumb/v6-m/nofp\libgcc.a
LOAD c:/workspaces/embedded/tools/gcc-arm-none-eabi-10.3-2021.07/bin/../lib/gcc/arm-none-eabi/10.3.1/../../../../arm-none-eabi/lib/thumb/v6-m/nofp\libg.a
LOAD c:/workspaces/embedded/tools/gcc-arm-none-eabi-10.3-2021.07/bin/../lib/gcc/arm-none-eabi/10.3.1/../../../../arm-none-eabi/lib/thumb/v6-m/nofp\libc.a
END GROUP
START GROUP
LOAD c:/workspaces/embedded/tools/gcc-arm-none-eabi-10.3-2021.07/bin/../lib/gcc/arm-none-eabi/10.3.1/thumb/v6-m/nofp\libgcc.a
LOAD c:/workspaces/embedded/tools/gcc-arm-none-eabi-10.3-2021.07/bin/../lib/gcc/arm-none-eabi/10.3.1/../../../../arm-none-eabi/lib/thumb/v6-m/nofp\libc.a
LOAD c:/workspaces/embedded/tools/gcc-arm-none-eabi-10.3-2021.07/bin/../lib/gcc/arm-none-eabi/10.3.1/../../../../arm-none-eabi/lib/thumb/v6-m/nofp\libnosys.a
END GROUP
LOAD c:/workspaces/embedded/tools/gcc-arm-none-eabi-10.3-2021.07/bin/../lib/gcc/arm-none-eabi/10.3.1/thumb/v6-m/nofp/crtend.o
LOAD c:/workspaces/embedded/tools/gcc-arm-none-eabi-10.3-2021.07/bin/../lib/gcc/arm-none-eabi/10.3.1/thumb/v6-m/nofp/crtn.o
OUTPUT(light_core_demo.elf elf32-littlearm)
LOAD linker stubs

.ARM.attributes
                0x00000000       0x28
 .ARM.attributes
                0x00000000       0x1e c:/workspaces/embedded/tools/gcc-arm-none-eabi-10.3-2021.07/bin/../lib/gcc/arm-none-eabi/10.3.1/thumb/v6-m/nofp/crti.o
 .ARM.attributes
                0x0000001e       0x2c c:/workspaces/embedded/tools/gcc-arm-none-eabi-10.3-2021.07/bin/../lib/gcc/arm-none-eabi/10.3.1/thumb/v6-m/nofp/crtbegin.o
 .ARM.attributes
                0x0000004a       0x2c CMakeFiles/light_core_demo.dir/demo/main.c.obj
 .ARM.attributes
                0x00000076       0x2c CMakeFiles/light_core_demo.dir/src/module.c.obj
 .ARM.attributes
                0x000000a2       0x2c CMakeFiles/light_core_demo.dir/src/log.c.obj
 .ARM.attributes
                0x000000ce       0x2c CMakeFiles/light_core_demo.dir/__/__/board/rpi_pico/board.c.obj
 .ARM.attributes
                0x000000fa       0x2c CMakeFiles/light_core_demo.dir/C_/workspaces/embedded/projects/pico-sdk/src/rp2_common/hardware_claim/claim.c.obj
 .ARM.attributes
                0x00000126       0x2c CMakeFiles/light_core_demo.dir/C_/workspaces/embedded/projects/pico-sdk/src/rp2_common/pico_platform/platform.c.obj
 .ARM.attributes
                0x00000152       0x2c CMakeFiles/light_core_demo.dir/C_/workspaces/embedded/projects/pico-sdk/src/rp2_common/hardware_sync/sync.c.obj
 .ARM.attributes
                0x0000017e       0x2c CMakeFiles/light_core_demo.dir/C_/workspaces/embedded/projects/pico-sdk/src/common/pico_time/time.c.obj
 .ARM.attributes
                0x000001aa       0x2c CMakeFiles/light_core_demo.dir/C_/workspaces/embedded/projects/pico-sdk/src/rp2_common/hardware_timer/timer.c.obj
 .ARM.attributes
                0x000001d6       0x2c CMakeFiles/light_core_demo.dir/C_/workspaces/embedded/projects/pico-sdk/src/common/pico_sync/lock_core.c.obj
 .ARM.attributes
                0x00000202       0x2c CMakeFiles/light_core_demo.dir/C_/workspaces/embedded/projects/pico-sdk/src/common/pico_sync/mutex.c.obj
 .ARM.attributes
                0x0000022e       0x2c CMakeFiles/light_core_demo.dir/C_/workspaces/embedded/projects/pico-sdk/src/common/pico_util/pheap.c.obj
 .ARM.attributes
                0x0000025a       0x2c CMakeFiles/light_core_demo.dir/C_/workspaces/embedded/projects/pico-sdk/src/rp2_common/pico_runtime/runtime.c.obj
 .ARM.attributes
                0x00000286       0x2c CMakeFiles/light_core_demo.dir/C_/workspaces/embedded/projects/pico-sdk/src/rp2_common/hardware_clocks/clocks.c.obj
 .ARM.attributes
                0x000002b2       0x2c CMakeFiles/light_core_demo.dir/C_/workspaces/embedded/projects/pico-sdk/src/rp2_common/hardware_irq/irq.c.obj
 .ARM.attributes
                0x000002de       0x22 CMakeFiles/light_core_demo.dir/C_/workspaces/embedded/projects/pico-sdk/src/rp2_common/hardware_irq/irq_handler_chain.S.obj
 .ARM.attributes
                0x00000300       0x2c CMakeFiles/light_core_demo.dir/C_/workspaces/embedded/projects/pico-sdk/src/rp2_common/hardware_pll/pll.c.obj
 .ARM.attributes
                0x0000032c       0x2c CMakeFiles/light_core_demo.dir/C_/workspaces/embedded/projects/pico-sdk/src/rp2_common/hardware_watchdog/watchdog.c.obj
 .ARM.attributes
                0x00000358       0x2c CMakeFiles/light_core_demo.dir/C_/workspaces/embedded/projects/pico-sdk/src/rp2_common/hardware_xosc/xosc.c.obj
 .ARM.attributes
                0x00000384       0x2c CMakeFiles/light_core_demo.dir/C_/workspaces/embedded/projects/pico-sdk/src/rp2_common/pico_printf/printf.c.obj
 .ARM.attributes
                0x000003b0       0x22 CMakeFiles/light_core_demo.dir/C_/workspaces/embedded/projects/pico-sdk/src/rp2_common/pico_bit_ops/bit_ops_aeabi.S.obj
 .ARM.attributes
                0x000003d2       0x2c CMakeFiles/light_core_demo.dir/C_/workspaces/embedded/projects/pico-sdk/src/rp2_common/pico_bootrom/bootrom.c.obj
 .ARM.attributes
                0x000003fe       0x22 CMakeFiles/light_core_demo.dir/C_/workspaces/embedded/projects/pico-sdk/src/rp2_common/pico_divider/divider.S.obj
 .ARM.attributes
                0x00000420       0x22 CMakeFiles/light_core_demo.dir/C_/workspaces/embedded/projects/pico-sdk/src/rp2_common/pico_double/double_aeabi.S.obj
 .ARM.attributes
                0x00000442       0x2c CMakeFiles/light_core_demo.dir/C_/workspaces/embedded/projects/pico-sdk/src/rp2_common/pico_double/double_init_rom.c.obj
 .ARM.attributes
                0x0000046e       0x22 CMakeFiles/light_core_demo.dir/C_/workspaces/embedded/projects/pico-sdk/src/rp2_common/pico_double/double_v1_rom_shim.S.obj
 .ARM.attributes
                0x00000490       0x22 CMakeFiles/light_core_demo.dir/C_/workspaces/embedded/projects/pico-sdk/src/rp2_common/pico_float/float_aeabi.S.obj
 .ARM.attributes
                0x000004b2       0x2c CMakeFiles/light_core_demo.dir/C_/workspaces/embedded/projects/pico-sdk/src/rp2_common/pico_float/float_init_rom.c.obj
 .ARM.attributes
                0x000004de       0x22 CMakeFiles/light_core_demo.dir/C_/workspaces/embedded/projects/pico-sdk/src/rp2_common/pico_float/float_v1_rom_shim.S.obj
 .ARM.attributes
                0x00000500       0x22 CMakeFiles/light_core_demo.dir/C_/workspaces/embedded/projects/pico-sdk/src/rp2_common/pico_mem_ops/mem_ops_aeabi.S.obj
 .ARM.attributes
                0x00000522       0x22 CMakeFiles/light_core_demo.dir/C_/workspaces/embedded/projects/pico-sdk/src/rp2_common/pico_standard_link/crt0.S.obj
 .ARM.attributes
                0x00000544       0x32 CMakeFiles/light_core_demo.dir/C_/workspaces/embedded/projects/pico-sdk/src/rp2_common/pico_standard_link/binary_info.c.obj
 .ARM.attributes
                0x00000576       0x2c CMakeFiles/light_core_demo.dir/C_/workspaces/embedded/projects/pico-sdk/src/rp2_common/pico_stdio/stdio.c.obj
 .ARM.attributes
                0x000005a2       0x22 C:\Users\alexf\AppData\Local\Temp\cc3uRE5H.o
 .ARM.attributes
                0x000005c4       0x1e c:/workspaces/embedded/tools/gcc-arm-none-eabi-10.3-2021.07/bin/../lib/gcc/arm-none-eabi/10.3.1/thumb/v6-m/nofp\libgcc.a(_dvmd_tls.o)
 .ARM.attributes
                0x000005e2       0x2c c:/workspaces/embedded/tools/gcc-arm-none-eabi-10.3-2021.07/bin/../lib/gcc/arm-none-eabi/10.3.1/../../../../arm-none-eabi/lib/thumb/v6-m/nofp\libg.a(lib_a-strlen-stub.o)

.comment        0x00000000       0x49
 .comment       0x00000000       0x49 CMakeFiles/light_core_demo.dir/demo/main.c.obj
                                 0x4a (size before relaxing)
 .comment       0x00000049       0x4a CMakeFiles/light_core_demo.dir/src/module.c.obj
 .comment       0x00000049       0x4a CMakeFiles/light_core_demo.dir/src/log.c.obj
 .comment       0x00000049       0x4a CMakeFiles/light_core_demo.dir/__/__/board/rpi_pico/board.c.obj
 .comment       0x00000049       0x4a CMakeFiles/light_core_demo.dir/C_/workspaces/embedded/projects/pico-sdk/src/rp2_common/hardware_claim/claim.c.obj
 .comment       0x00000049       0x4a CMakeFiles/light_core_demo.dir/C_/workspaces/embedded/projects/pico-sdk/src/rp2_common/pico_platform/platform.c.obj
 .comment       0x00000049       0x4a CMakeFiles/light_core_demo.dir/C_/workspaces/embedded/projects/pico-sdk/src/rp2_common/hardware_sync/sync.c.obj
 .comment       0x00000049       0x4a CMakeFiles/light_core_demo.dir/C_/workspaces/embedded/projects/pico-sdk/src/common/pico_time/time.c.obj
 .comment       0x00000049       0x4a CMakeFiles/light_core_demo.dir/C_/workspaces/embedded/projects/pico-sdk/src/rp2_common/hardware_timer/timer.c.obj
 .comment       0x00000049       0x4a CMakeFiles/light_core_demo.dir/C_/workspaces/embedded/projects/pico-sdk/src/common/pico_sync/lock_core.c.obj
 .comment       0x00000049       0x4a CMakeFiles/light_core_demo.dir/C_/workspaces/embedded/projects/pico-sdk/src/common/pico_sync/mutex.c.obj
 .comment       0x00000049       0x4a CMakeFiles/light_core_demo.dir/C_/workspaces/embedded/projects/pico-sdk/src/common/pico_util/pheap.c.obj
 .comment       0x00000049       0x4a CMakeFiles/light_core_demo.dir/C_/workspaces/embedded/projects/pico-sdk/src/rp2_common/pico_runtime/runtime.c.obj
 .comment       0x00000049       0x4a CMakeFiles/light_core_demo.dir/C_/workspaces/embedded/projects/pico-sdk/src/rp2_common/hardware_clocks/clocks.c.obj
 .comment       0x00000049       0x4a CMakeFiles/light_core_demo.dir/C_/workspaces/embedded/projects/pico-sdk/src/rp2_common/hardware_irq/irq.c.obj
 .comment       0x00000049       0x4a CMakeFiles/light_core_demo.dir/C_/workspaces/embedded/projects/pico-sdk/src/rp2_common/hardware_pll/pll.c.obj
 .comment       0x00000049       0x4a CMakeFiles/light_core_demo.dir/C_/workspaces/embedded/projects/pico-sdk/src/rp2_common/hardware_watchdog/watchdog.c.obj
 .comment       0x00000049       0x4a CMakeFiles/light_core_demo.dir/C_/workspaces/embedded/projects/pico-sdk/src/rp2_common/hardware_xosc/xosc.c.obj
 .comment       0x00000049       0x4a CMakeFiles/light_core_demo.dir/C_/workspaces/embedded/projects/pico-sdk/src/rp2_common/pico_printf/printf.c.obj
 .comment       0x00000049       0x4a CMakeFiles/light_core_demo.dir/C_/workspaces/embedded/projects/pico-sdk/src/rp2_common/pico_bootrom/bootrom.c.obj
 .comment       0x00000049       0x4a CMakeFiles/light_core_demo.dir/C_/workspaces/embedded/projects/pico-sdk/src/rp2_common/pico_double/double_init_rom.c.obj
 .comment       0x00000049       0x4a CMakeFiles/light_core_demo.dir/C_/workspaces/embedded/projects/pico-sdk/src/rp2_common/pico_float/float_init_rom.c.obj
 .comment       0x00000049       0x4a CMakeFiles/light_core_demo.dir/C_/workspaces/embedded/projects/pico-sdk/src/rp2_common/pico_standard_link/binary_info.c.obj
 .comment       0x00000049       0x4a CMakeFiles/light_core_demo.dir/C_/workspaces/embedded/projects/pico-sdk/src/rp2_common/pico_stdio/stdio.c.obj

.debug_info     0x00000000    0x1196b
 .debug_info    0x00000000      0x269 CMakeFiles/light_core_demo.dir/demo/main.c.obj
 .debug_info    0x00000269      0x5bb CMakeFiles/light_core_demo.dir/src/module.c.obj
 .debug_info    0x00000824      0x25c CMakeFiles/light_core_demo.dir/src/log.c.obj
 .debug_info    0x00000a80     0x17f8 CMakeFiles/light_core_demo.dir/__/__/board/rpi_pico/board.c.obj
 .debug_info    0x00002278      0x6ba CMakeFiles/light_core_demo.dir/C_/workspaces/embedded/projects/pico-sdk/src/rp2_common/hardware_claim/claim.c.obj
 .debug_info    0x00002932      0x1e3 CMakeFiles/light_core_demo.dir/C_/workspaces/embedded/projects/pico-sdk/src/rp2_common/pico_platform/platform.c.obj
 .debug_info    0x00002b15      0x58e CMakeFiles/light_core_demo.dir/C_/workspaces/embedded/projects/pico-sdk/src/rp2_common/hardware_sync/sync.c.obj
 .debug_info    0x000030a3     0x3b2f CMakeFiles/light_core_demo.dir/C_/workspaces/embedded/projects/pico-sdk/src/common/pico_time/time.c.obj
 .debug_info    0x00006bd2     0x1130 CMakeFiles/light_core_demo.dir/C_/workspaces/embedded/projects/pico-sdk/src/rp2_common/hardware_timer/timer.c.obj
 .debug_info    0x00007d02      0x1a4 CMakeFiles/light_core_demo.dir/C_/workspaces/embedded/projects/pico-sdk/src/common/pico_sync/lock_core.c.obj
 .debug_info    0x00007ea6     0x13b2 CMakeFiles/light_core_demo.dir/C_/workspaces/embedded/projects/pico-sdk/src/common/pico_sync/mutex.c.obj
 .debug_info    0x00009258     0x120c CMakeFiles/light_core_demo.dir/C_/workspaces/embedded/projects/pico-sdk/src/common/pico_util/pheap.c.obj
 .debug_info    0x0000a464      0x9bc CMakeFiles/light_core_demo.dir/C_/workspaces/embedded/projects/pico-sdk/src/rp2_common/pico_runtime/runtime.c.obj
 .debug_info    0x0000ae20      0xf56 CMakeFiles/light_core_demo.dir/C_/workspaces/embedded/projects/pico-sdk/src/rp2_common/hardware_clocks/clocks.c.obj
 .debug_info    0x0000bd76     0x191a CMakeFiles/light_core_demo.dir/C_/workspaces/embedded/projects/pico-sdk/src/rp2_common/hardware_irq/irq.c.obj
 .debug_info    0x0000d690      0x509 CMakeFiles/light_core_demo.dir/C_/workspaces/embedded/projects/pico-sdk/src/rp2_common/hardware_pll/pll.c.obj
 .debug_info    0x0000db99      0x49c CMakeFiles/light_core_demo.dir/C_/workspaces/embedded/projects/pico-sdk/src/rp2_common/hardware_watchdog/watchdog.c.obj
 .debug_info    0x0000e035      0x1dd CMakeFiles/light_core_demo.dir/C_/workspaces/embedded/projects/pico-sdk/src/rp2_common/hardware_xosc/xosc.c.obj
 .debug_info    0x0000e212     0x1a5f CMakeFiles/light_core_demo.dir/C_/workspaces/embedded/projects/pico-sdk/src/rp2_common/pico_printf/printf.c.obj
 .debug_info    0x0000fc71       0x22 CMakeFiles/light_core_demo.dir/C_/workspaces/embedded/projects/pico-sdk/src/rp2_common/pico_bit_ops/bit_ops_aeabi.S.obj
 .debug_info    0x0000fc93      0x231 CMakeFiles/light_core_demo.dir/C_/workspaces/embedded/projects/pico-sdk/src/rp2_common/pico_bootrom/bootrom.c.obj
 .debug_info    0x0000fec4       0x22 CMakeFiles/light_core_demo.dir/C_/workspaces/embedded/projects/pico-sdk/src/rp2_common/pico_divider/divider.S.obj
 .debug_info    0x0000fee6       0x22 CMakeFiles/light_core_demo.dir/C_/workspaces/embedded/projects/pico-sdk/src/rp2_common/pico_double/double_aeabi.S.obj
 .debug_info    0x0000ff08      0x2a0 CMakeFiles/light_core_demo.dir/C_/workspaces/embedded/projects/pico-sdk/src/rp2_common/pico_double/double_init_rom.c.obj
 .debug_info    0x000101a8       0x22 CMakeFiles/light_core_demo.dir/C_/workspaces/embedded/projects/pico-sdk/src/rp2_common/pico_double/double_v1_rom_shim.S.obj
 .debug_info    0x000101ca       0x22 CMakeFiles/light_core_demo.dir/C_/workspaces/embedded/projects/pico-sdk/src/rp2_common/pico_float/float_aeabi.S.obj
 .debug_info    0x000101ec      0x2e9 CMakeFiles/light_core_demo.dir/C_/workspaces/embedded/projects/pico-sdk/src/rp2_common/pico_float/float_init_rom.c.obj
 .debug_info    0x000104d5       0x22 CMakeFiles/light_core_demo.dir/C_/workspaces/embedded/projects/pico-sdk/src/rp2_common/pico_float/float_v1_rom_shim.S.obj
 .debug_info    0x000104f7       0x22 CMakeFiles/light_core_demo.dir/C_/workspaces/embedded/projects/pico-sdk/src/rp2_common/pico_mem_ops/mem_ops_aeabi.S.obj
 .debug_info    0x00010519       0x22 CMakeFiles/light_core_demo.dir/C_/workspaces/embedded/projects/pico-sdk/src/rp2_common/pico_standard_link/crt0.S.obj
 .debug_info    0x0001053b      0x2c5 CMakeFiles/light_core_demo.dir/C_/workspaces/embedded/projects/pico-sdk/src/rp2_common/pico_standard_link/binary_info.c.obj
 .debug_info    0x00010800     0x116b CMakeFiles/light_core_demo.dir/C_/workspaces/embedded/projects/pico-sdk/src/rp2_common/pico_stdio/stdio.c.obj

.debug_abbrev   0x00000000     0x3b8e
 .debug_abbrev  0x00000000      0x141 CMakeFiles/light_core_demo.dir/demo/main.c.obj
 .debug_abbrev  0x00000141      0x23c CMakeFiles/light_core_demo.dir/src/module.c.obj
 .debug_abbrev  0x0000037d      0x162 CMakeFiles/light_core_demo.dir/src/log.c.obj
 .debug_abbrev  0x000004df      0x39b CMakeFiles/light_core_demo.dir/__/__/board/rpi_pico/board.c.obj
 .debug_abbrev  0x0000087a      0x2d6 CMakeFiles/light_core_demo.dir/C_/workspaces/embedded/projects/pico-sdk/src/rp2_common/hardware_claim/claim.c.obj
 .debug_abbrev  0x00000b50       0xeb CMakeFiles/light_core_demo.dir/C_/workspaces/embedded/projects/pico-sdk/src/rp2_common/pico_platform/platform.c.obj
 .debug_abbrev  0x00000c3b      0x21b CMakeFiles/light_core_demo.dir/C_/workspaces/embedded/projects/pico-sdk/src/rp2_common/hardware_sync/sync.c.obj
 .debug_abbrev  0x00000e56      0x53c CMakeFiles/light_core_demo.dir/C_/workspaces/embedded/projects/pico-sdk/src/common/pico_time/time.c.obj
 .debug_abbrev  0x00001392      0x37e CMakeFiles/light_core_demo.dir/C_/workspaces/embedded/projects/pico-sdk/src/rp2_common/hardware_timer/timer.c.obj
 .debug_abbrev  0x00001710      0x116 CMakeFiles/light_core_demo.dir/C_/workspaces/embedded/projects/pico-sdk/src/common/pico_sync/lock_core.c.obj
 .debug_abbrev  0x00001826      0x37d CMakeFiles/light_core_demo.dir/C_/workspaces/embedded/projects/pico-sdk/src/common/pico_sync/mutex.c.obj
 .debug_abbrev  0x00001ba3      0x297 CMakeFiles/light_core_demo.dir/C_/workspaces/embedded/projects/pico-sdk/src/common/pico_util/pheap.c.obj
 .debug_abbrev  0x00001e3a      0x35a CMakeFiles/light_core_demo.dir/C_/workspaces/embedded/projects/pico-sdk/src/rp2_common/pico_runtime/runtime.c.obj
 .debug_abbrev  0x00002194      0x372 CMakeFiles/light_core_demo.dir/C_/workspaces/embedded/projects/pico-sdk/src/rp2_common/hardware_clocks/clocks.c.obj
 .debug_abbrev  0x00002506      0x4a5 CMakeFiles/light_core_demo.dir/C_/workspaces/embedded/projects/pico-sdk/src/rp2_common/hardware_irq/irq.c.obj
 .debug_abbrev  0x000029ab      0x1ea CMakeFiles/light_core_demo.dir/C_/workspaces/embedded/projects/pico-sdk/src/rp2_common/hardware_pll/pll.c.obj
 .debug_abbrev  0x00002b95      0x1b1 CMakeFiles/light_core_demo.dir/C_/workspaces/embedded/projects/pico-sdk/src/rp2_common/hardware_watchdog/watchdog.c.obj
 .debug_abbrev  0x00002d46      0x109 CMakeFiles/light_core_demo.dir/C_/workspaces/embedded/projects/pico-sdk/src/rp2_common/hardware_xosc/xosc.c.obj
 .debug_abbrev  0x00002e4f      0x384 CMakeFiles/light_core_demo.dir/C_/workspaces/embedded/projects/pico-sdk/src/rp2_common/pico_printf/printf.c.obj
 .debug_abbrev  0x000031d3       0x12 CMakeFiles/light_core_demo.dir/C_/workspaces/embedded/projects/pico-sdk/src/rp2_common/pico_bit_ops/bit_ops_aeabi.S.obj
 .debug_abbrev  0x000031e5       0xf8 CMakeFiles/light_core_demo.dir/C_/workspaces/embedded/projects/pico-sdk/src/rp2_common/pico_bootrom/bootrom.c.obj
 .debug_abbrev  0x000032dd       0x12 CMakeFiles/light_core_demo.dir/C_/workspaces/embedded/projects/pico-sdk/src/rp2_common/pico_divider/divider.S.obj
 .debug_abbrev  0x000032ef       0x12 CMakeFiles/light_core_demo.dir/C_/workspaces/embedded/projects/pico-sdk/src/rp2_common/pico_double/double_aeabi.S.obj
 .debug_abbrev  0x00003301      0x166 CMakeFiles/light_core_demo.dir/C_/workspaces/embedded/projects/pico-sdk/src/rp2_common/pico_double/double_init_rom.c.obj
 .debug_abbrev  0x00003467       0x12 CMakeFiles/light_core_demo.dir/C_/workspaces/embedded/projects/pico-sdk/src/rp2_common/pico_double/double_v1_rom_shim.S.obj
 .debug_abbrev  0x00003479       0x12 CMakeFiles/light_core_demo.dir/C_/workspaces/embedded/projects/pico-sdk/src/rp2_common/pico_float/float_aeabi.S.obj
 .debug_abbrev  0x0000348b      0x179 CMakeFiles/light_core_demo.dir/C_/workspaces/embedded/projects/pico-sdk/src/rp2_common/pico_float/float_init_rom.c.obj
 .debug_abbrev  0x00003604       0x12 CMakeFiles/light_core_demo.dir/C_/workspaces/embedded/projects/pico-sdk/src/rp2_common/pico_float/float_v1_rom_shim.S.obj
 .debug_abbrev  0x00003616       0x12 CMakeFiles/light_core_demo.dir/C_/workspaces/embedded/projects/pico-sdk/src/rp2_common/pico_mem_ops/mem_ops_aeabi.S.obj
 .debug_abbrev  0x00003628       0x12 CMakeFiles/light_core_demo.dir/C_/workspaces/embedded/projects/pico-sdk/src/rp2_common/pico_standard_link/crt0.S.obj
 .debug_abbrev  0x0000363a       0xad CMakeFiles/light_core_demo.dir/C_/workspaces/embedded/projects/pico-sdk/src/rp2_common/pico_standard_link/binary_info.c.obj
 .debug_abbrev  0x000036e7      0x4a7 CMakeFiles/light_core_demo.dir/C_/workspaces/embedded/projects/pico-sdk/src/rp2_common/pico_stdio/stdio.c.obj

.debug_loc      0x00000000     0xba90
 .debug_loc     0x00000000       0x22 CMakeFiles/light_core_demo.dir/demo/main.c.obj
 .debug_loc     0x00000022      0x1fd CMakeFiles/light_core_demo.dir/src/module.c.obj
 .debug_loc     0x0000021f       0xb6 CMakeFiles/light_core_demo.dir/src/log.c.obj
 .debug_loc     0x000002d5      0x849 CMakeFiles/light_core_demo.dir/__/__/board/rpi_pico/board.c.obj
 .debug_loc     0x00000b1e      0x45f CMakeFiles/light_core_demo.dir/C_/workspaces/embedded/projects/pico-sdk/src/rp2_common/hardware_claim/claim.c.obj
 .debug_loc     0x00000f7d       0xe9 CMakeFiles/light_core_demo.dir/C_/workspaces/embedded/projects/pico-sdk/src/rp2_common/pico_platform/platform.c.obj
 .debug_loc     0x00001066      0x233 CMakeFiles/light_core_demo.dir/C_/workspaces/embedded/projects/pico-sdk/src/rp2_common/hardware_sync/sync.c.obj
 .debug_loc     0x00001299     0x2e37 CMakeFiles/light_core_demo.dir/C_/workspaces/embedded/projects/pico-sdk/src/common/pico_time/time.c.obj
 .debug_loc     0x000040d0      0x952 CMakeFiles/light_core_demo.dir/C_/workspaces/embedded/projects/pico-sdk/src/rp2_common/hardware_timer/timer.c.obj
 .debug_loc     0x00004a22       0x60 CMakeFiles/light_core_demo.dir/C_/workspaces/embedded/projects/pico-sdk/src/common/pico_sync/lock_core.c.obj
 .debug_loc     0x00004a82      0xbc3 CMakeFiles/light_core_demo.dir/C_/workspaces/embedded/projects/pico-sdk/src/common/pico_sync/mutex.c.obj
 .debug_loc     0x00005645     0x1439 CMakeFiles/light_core_demo.dir/C_/workspaces/embedded/projects/pico-sdk/src/common/pico_util/pheap.c.obj
 .debug_loc     0x00006a7e      0x3c6 CMakeFiles/light_core_demo.dir/C_/workspaces/embedded/projects/pico-sdk/src/rp2_common/pico_runtime/runtime.c.obj
 .debug_loc     0x00006e44      0x7eb CMakeFiles/light_core_demo.dir/C_/workspaces/embedded/projects/pico-sdk/src/rp2_common/hardware_clocks/clocks.c.obj
 .debug_loc     0x0000762f     0x1186 CMakeFiles/light_core_demo.dir/C_/workspaces/embedded/projects/pico-sdk/src/rp2_common/hardware_irq/irq.c.obj
 .debug_loc     0x000087b5      0x300 CMakeFiles/light_core_demo.dir/C_/workspaces/embedded/projects/pico-sdk/src/rp2_common/hardware_pll/pll.c.obj
 .debug_loc     0x00008ab5      0x267 CMakeFiles/light_core_demo.dir/C_/workspaces/embedded/projects/pico-sdk/src/rp2_common/hardware_watchdog/watchdog.c.obj
 .debug_loc     0x00008d1c       0x71 CMakeFiles/light_core_demo.dir/C_/workspaces/embedded/projects/pico-sdk/src/rp2_common/hardware_xosc/xosc.c.obj
 .debug_loc     0x00008d8d     0x2095 CMakeFiles/light_core_demo.dir/C_/workspaces/embedded/projects/pico-sdk/src/rp2_common/pico_printf/printf.c.obj
 .debug_loc     0x0000ae22      0x16f CMakeFiles/light_core_demo.dir/C_/workspaces/embedded/projects/pico-sdk/src/rp2_common/pico_bootrom/bootrom.c.obj
 .debug_loc     0x0000af91       0x59 CMakeFiles/light_core_demo.dir/C_/workspaces/embedded/projects/pico-sdk/src/rp2_common/pico_double/double_init_rom.c.obj
 .debug_loc     0x0000afea       0x73 CMakeFiles/light_core_demo.dir/C_/workspaces/embedded/projects/pico-sdk/src/rp2_common/pico_float/float_init_rom.c.obj
 .debug_loc     0x0000b05d      0xa33 CMakeFiles/light_core_demo.dir/C_/workspaces/embedded/projects/pico-sdk/src/rp2_common/pico_stdio/stdio.c.obj

.debug_aranges  0x00000000      0xcc0
 .debug_aranges
                0x00000000       0x20 CMakeFiles/light_core_demo.dir/demo/main.c.obj
 .debug_aranges
                0x00000020       0x70 CMakeFiles/light_core_demo.dir/src/module.c.obj
 .debug_aranges
                0x00000090       0x28 CMakeFiles/light_core_demo.dir/src/log.c.obj
 .debug_aranges
                0x000000b8       0x98 CMakeFiles/light_core_demo.dir/__/__/board/rpi_pico/board.c.obj
 .debug_aranges
                0x00000150       0x48 CMakeFiles/light_core_demo.dir/C_/workspaces/embedded/projects/pico-sdk/src/rp2_common/hardware_claim/claim.c.obj
 .debug_aranges
                0x00000198       0x28 CMakeFiles/light_core_demo.dir/C_/workspaces/embedded/projects/pico-sdk/src/rp2_common/pico_platform/platform.c.obj
 .debug_aranges
                0x000001c0       0x58 CMakeFiles/light_core_demo.dir/C_/workspaces/embedded/projects/pico-sdk/src/rp2_common/hardware_sync/sync.c.obj
 .debug_aranges
                0x00000218       0xd0 CMakeFiles/light_core_demo.dir/C_/workspaces/embedded/projects/pico-sdk/src/common/pico_time/time.c.obj
 .debug_aranges
                0x000002e8       0x78 CMakeFiles/light_core_demo.dir/C_/workspaces/embedded/projects/pico-sdk/src/rp2_common/hardware_timer/timer.c.obj
 .debug_aranges
                0x00000360       0x20 CMakeFiles/light_core_demo.dir/C_/workspaces/embedded/projects/pico-sdk/src/common/pico_sync/lock_core.c.obj
 .debug_aranges
                0x00000380       0x60 CMakeFiles/light_core_demo.dir/C_/workspaces/embedded/projects/pico-sdk/src/common/pico_sync/mutex.c.obj
 .debug_aranges
                0x000003e0       0x78 CMakeFiles/light_core_demo.dir/C_/workspaces/embedded/projects/pico-sdk/src/common/pico_util/pheap.c.obj
 .debug_aranges
                0x00000458       0x60 CMakeFiles/light_core_demo.dir/C_/workspaces/embedded/projects/pico-sdk/src/rp2_common/pico_runtime/runtime.c.obj
 .debug_aranges
                0x000004b8       0x70 CMakeFiles/light_core_demo.dir/C_/workspaces/embedded/projects/pico-sdk/src/rp2_common/hardware_clocks/clocks.c.obj
 .debug_aranges
                0x00000528       0x90 CMakeFiles/light_core_demo.dir/C_/workspaces/embedded/projects/pico-sdk/src/rp2_common/hardware_irq/irq.c.obj
 .debug_aranges
                0x000005b8       0x28 CMakeFiles/light_core_demo.dir/C_/workspaces/embedded/projects/pico-sdk/src/rp2_common/hardware_pll/pll.c.obj
 .debug_aranges
                0x000005e0       0x50 CMakeFiles/light_core_demo.dir/C_/workspaces/embedded/projects/pico-sdk/src/rp2_common/hardware_watchdog/watchdog.c.obj
 .debug_aranges
                0x00000630       0x30 CMakeFiles/light_core_demo.dir/C_/workspaces/embedded/projects/pico-sdk/src/rp2_common/hardware_xosc/xosc.c.obj
 .debug_aranges
                0x00000660       0x90 CMakeFiles/light_core_demo.dir/C_/workspaces/embedded/projects/pico-sdk/src/rp2_common/pico_printf/printf.c.obj
 .debug_aranges
                0x000006f0       0x68 CMakeFiles/light_core_demo.dir/C_/workspaces/embedded/projects/pico-sdk/src/rp2_common/pico_bit_ops/bit_ops_aeabi.S.obj
 .debug_aranges
                0x00000758       0x30 CMakeFiles/light_core_demo.dir/C_/workspaces/embedded/projects/pico-sdk/src/rp2_common/pico_bootrom/bootrom.c.obj
 .debug_aranges